../Core/Src/app_freertos.c:146:6:MX_FREERTOS_Init	8	static
../Core/Src/app_freertos.c:209:6:StartReadingTask	16	static
../Core/Src/app_freertos.c:240:6:StartCommunicationTask	16	static
../Core/Src/app_freertos.c:349:6:StartActuationTask	24	static
../Core/Src/app_freertos.c:391:6:StartEmergencyTask	16	static
../Core/Src/app_freertos.c:407:6:dataCheck	16	static
../Core/Src/app_freertos.c:418:6:ledActuation	8	static
../Core/Src/app_freertos.c:430:6:motori	96	static
../Core/Src/app_freertos.c:472:6:emergency	16	static
