Archive member included to satisfy reference by file (symbol)

C:/Users/guido/Desktop/Sistemi embedded/STM32CubeIDE_1.14.1/STM32CubeIDE/plugins/com.st.stm32cube.ide.mcu.externaltools.gnu-tools-for-stm32.12.3.rel1.win32_1.1.0.202410251130/tools/bin/../lib/gcc/arm-none-eabi/12.3.1/../../../../arm-none-eabi/lib/thumb/v7e-m+fp/hard\libc_nano.a(libc_a-exit.o)
                              C:/Users/guido/Desktop/Sistemi embedded/STM32CubeIDE_1.14.1/STM32CubeIDE/plugins/com.st.stm32cube.ide.mcu.externaltools.gnu-tools-for-stm32.12.3.rel1.win32_1.1.0.202410251130/tools/bin/../lib/gcc/arm-none-eabi/12.3.1/../../../../arm-none-eabi/lib/thumb/v7e-m+fp/hard/crt0.o (exit)
C:/Users/guido/Desktop/Sistemi embedded/STM32CubeIDE_1.14.1/STM32CubeIDE/plugins/com.st.stm32cube.ide.mcu.externaltools.gnu-tools-for-stm32.12.3.rel1.win32_1.1.0.202410251130/tools/bin/../lib/gcc/arm-none-eabi/12.3.1/../../../../arm-none-eabi/lib/thumb/v7e-m+fp/hard\libc_nano.a(libc_a-findfp.o)
                              ./Middlewares/Third_Party/FreeRTOS/Source/tasks.o (__sf)
C:/Users/guido/Desktop/Sistemi embedded/STM32CubeIDE_1.14.1/STM32CubeIDE/plugins/com.st.stm32cube.ide.mcu.externaltools.gnu-tools-for-stm32.12.3.rel1.win32_1.1.0.202410251130/tools/bin/../lib/gcc/arm-none-eabi/12.3.1/../../../../arm-none-eabi/lib/thumb/v7e-m+fp/hard\libc_nano.a(libc_a-fwalk.o)
                              C:/Users/guido/Desktop/Sistemi embedded/STM32CubeIDE_1.14.1/STM32CubeIDE/plugins/com.st.stm32cube.ide.mcu.externaltools.gnu-tools-for-stm32.12.3.rel1.win32_1.1.0.202410251130/tools/bin/../lib/gcc/arm-none-eabi/12.3.1/../../../../arm-none-eabi/lib/thumb/v7e-m+fp/hard\libc_nano.a(libc_a-findfp.o) (_fwalk_sglue)
C:/Users/guido/Desktop/Sistemi embedded/STM32CubeIDE_1.14.1/STM32CubeIDE/plugins/com.st.stm32cube.ide.mcu.externaltools.gnu-tools-for-stm32.12.3.rel1.win32_1.1.0.202410251130/tools/bin/../lib/gcc/arm-none-eabi/12.3.1/../../../../arm-none-eabi/lib/thumb/v7e-m+fp/hard\libc_nano.a(libc_a-printf.o)
                              ./Core/Src/scheduler.o (printf)
C:/Users/guido/Desktop/Sistemi embedded/STM32CubeIDE_1.14.1/STM32CubeIDE/plugins/com.st.stm32cube.ide.mcu.externaltools.gnu-tools-for-stm32.12.3.rel1.win32_1.1.0.202410251130/tools/bin/../lib/gcc/arm-none-eabi/12.3.1/../../../../arm-none-eabi/lib/thumb/v7e-m+fp/hard\libc_nano.a(libc_a-puts.o)
                              ./Core/Src/temperature.o (puts)
C:/Users/guido/Desktop/Sistemi embedded/STM32CubeIDE_1.14.1/STM32CubeIDE/plugins/com.st.stm32cube.ide.mcu.externaltools.gnu-tools-for-stm32.12.3.rel1.win32_1.1.0.202410251130/tools/bin/../lib/gcc/arm-none-eabi/12.3.1/../../../../arm-none-eabi/lib/thumb/v7e-m+fp/hard\libc_nano.a(libc_a-snprintf.o)
                              ./Core/Src/com.o (snprintf)
C:/Users/guido/Desktop/Sistemi embedded/STM32CubeIDE_1.14.1/STM32CubeIDE/plugins/com.st.stm32cube.ide.mcu.externaltools.gnu-tools-for-stm32.12.3.rel1.win32_1.1.0.202410251130/tools/bin/../lib/gcc/arm-none-eabi/12.3.1/../../../../arm-none-eabi/lib/thumb/v7e-m+fp/hard\libc_nano.a(libc_a-stdio.o)
                              C:/Users/guido/Desktop/Sistemi embedded/STM32CubeIDE_1.14.1/STM32CubeIDE/plugins/com.st.stm32cube.ide.mcu.externaltools.gnu-tools-for-stm32.12.3.rel1.win32_1.1.0.202410251130/tools/bin/../lib/gcc/arm-none-eabi/12.3.1/../../../../arm-none-eabi/lib/thumb/v7e-m+fp/hard\libc_nano.a(libc_a-findfp.o) (__sread)
C:/Users/guido/Desktop/Sistemi embedded/STM32CubeIDE_1.14.1/STM32CubeIDE/plugins/com.st.stm32cube.ide.mcu.externaltools.gnu-tools-for-stm32.12.3.rel1.win32_1.1.0.202410251130/tools/bin/../lib/gcc/arm-none-eabi/12.3.1/../../../../arm-none-eabi/lib/thumb/v7e-m+fp/hard\libc_nano.a(libc_a-wbuf.o)
                              C:/Users/guido/Desktop/Sistemi embedded/STM32CubeIDE_1.14.1/STM32CubeIDE/plugins/com.st.stm32cube.ide.mcu.externaltools.gnu-tools-for-stm32.12.3.rel1.win32_1.1.0.202410251130/tools/bin/../lib/gcc/arm-none-eabi/12.3.1/../../../../arm-none-eabi/lib/thumb/v7e-m+fp/hard\libc_nano.a(libc_a-puts.o) (__swbuf_r)
C:/Users/guido/Desktop/Sistemi embedded/STM32CubeIDE_1.14.1/STM32CubeIDE/plugins/com.st.stm32cube.ide.mcu.externaltools.gnu-tools-for-stm32.12.3.rel1.win32_1.1.0.202410251130/tools/bin/../lib/gcc/arm-none-eabi/12.3.1/../../../../arm-none-eabi/lib/thumb/v7e-m+fp/hard\libc_nano.a(libc_a-wsetup.o)
                              C:/Users/guido/Desktop/Sistemi embedded/STM32CubeIDE_1.14.1/STM32CubeIDE/plugins/com.st.stm32cube.ide.mcu.externaltools.gnu-tools-for-stm32.12.3.rel1.win32_1.1.0.202410251130/tools/bin/../lib/gcc/arm-none-eabi/12.3.1/../../../../arm-none-eabi/lib/thumb/v7e-m+fp/hard\libc_nano.a(libc_a-puts.o) (__swsetup_r)
C:/Users/guido/Desktop/Sistemi embedded/STM32CubeIDE_1.14.1/STM32CubeIDE/plugins/com.st.stm32cube.ide.mcu.externaltools.gnu-tools-for-stm32.12.3.rel1.win32_1.1.0.202410251130/tools/bin/../lib/gcc/arm-none-eabi/12.3.1/../../../../arm-none-eabi/lib/thumb/v7e-m+fp/hard\libc_nano.a(libc_a-memset.o)
[...]
Memory Configuration

Name             Origin             Length             Attributes
RAM              0x20000000         0x00020000         xrw
FLASH            0x08000000         0x00080000         xr
*default*        0x00000000         0xffffffff

Linker script and memory map

LOAD C:/Users/guido/Desktop/Sistemi embedded/STM32CubeIDE_1.14.1/STM32CubeIDE/plugins/com.st.stm32cube.ide.mcu.externaltools.gnu-tools-for-stm32.12.3.rel1.win32_1.1.0.202410251130/tools/bin/../lib/gcc/arm-none-eabi/12.3.1/thumb/v7e-m+fp/hard/crti.o
LOAD C:/Users/guido/Desktop/Sistemi embedded/STM32CubeIDE_1.14.1/STM32CubeIDE/plugins/com.st.stm32cube.ide.mcu.externaltools.gnu-tools-for-stm32.12.3.rel1.win32_1.1.0.202410251130/tools/bin/../lib/gcc/arm-none-eabi/12.3.1/thumb/v7e-m+fp/hard/crtbegin.o
LOAD C:/Users/guido/Desktop/Sistemi embedded/STM32CubeIDE_1.14.1/STM32CubeIDE/plugins/com.st.stm32cube.ide.mcu.externaltools.gnu-tools-for-stm32.12.3.rel1.win32_1.1.0.202410251130/tools/bin/../lib/gcc/arm-none-eabi/12.3.1/../../../../arm-none-eabi/lib/thumb/v7e-m+fp/hard/crt0.o
LOAD ./Core/Src/MPU-6050.o
LOAD ./Core/Src/adc.o
LOAD ./Core/Src/app_freertos.o
LOAD ./Core/Src/com.o
LOAD ./Core/Src/controller.o
LOAD ./Core/Src/gpio.o
LOAD ./Core/Src/i2c.o
LOAD ./Core/Src/main.o
LOAD ./Core/Src/pid.o
LOAD ./Core/Src/scheduler.o
LOAD ./Core/Src/spi.o
LOAD ./Core/Src/stm32g4xx_hal_msp.o
LOAD ./Core/Src/stm32g4xx_hal_timebase_tim.o
LOAD ./Core/Src/stm32g4xx_it.o
LOAD ./Core/Src/syscalls.o
LOAD ./Core/Src/sysmem.o
LOAD ./Core/Src/system_stm32g4xx.o
LOAD ./Core/Src/temperature.o
LOAD ./Core/Src/tim.o
LOAD ./Core/Src/usart.o
LOAD ./Core/Startup/startup_stm32g474retx.o
LOAD ./Drivers/STM32G4xx_HAL_Driver/Src/stm32g4xx_hal.o
LOAD ./Drivers/STM32G4xx_HAL_Driver/Src/stm32g4xx_hal_adc.o
LOAD ./Drivers/STM32G4xx_HAL_Driver/Src/stm32g4xx_hal_adc_ex.o
LOAD ./Drivers/STM32G4xx_HAL_Driver/Src/stm32g4xx_hal_cortex.o
LOAD ./Drivers/STM32G4xx_HAL_Driver/Src/stm32g4xx_hal_dma.o
LOAD ./Drivers/STM32G4xx_HAL_Driver/Src/stm32g4xx_hal_dma_ex.o
LOAD ./Drivers/STM32G4xx_HAL_Driver/Src/stm32g4xx_hal_exti.o
LOAD ./Drivers/STM32G4xx_HAL_Driver/Src/stm32g4xx_hal_flash.o
LOAD ./Drivers/STM32G4xx_HAL_Driver/Src/stm32g4xx_hal_flash_ex.o
LOAD ./Drivers/STM32G4xx_HAL_Driver/Src/stm32g4xx_hal_flash_ramfunc.o
LOAD ./Drivers/STM32G4xx_HAL_Driver/Src/stm32g4xx_hal_gpio.o
LOAD ./Drivers/STM32G4xx_HAL_Driver/Src/stm32g4xx_hal_i2c.o
LOAD ./Drivers/STM32G4xx_HAL_Driver/Src/stm32g4xx_hal_i2c_ex.o
LOAD ./Drivers/STM32G4xx_HAL_Driver/Src/stm32g4xx_hal_pwr.o
LOAD ./Drivers/STM32G4xx_HAL_Driver/Src/stm32g4xx_hal_pwr_ex.o
LOAD ./Drivers/STM32G4xx_HAL_Driver/Src/stm32g4xx_hal_rcc.o
LOAD ./Drivers/STM32G4xx_HAL_Driver/Src/stm32g4xx_hal_rcc_ex.o
LOAD ./Drivers/STM32G4xx_HAL_Driver/Src/stm32g4xx_hal_spi.o
LOAD ./Drivers/STM32G4xx_HAL_Driver/Src/stm32g4xx_hal_spi_ex.o
LOAD ./Drivers/STM32G4xx_HAL_Driver/Src/stm32g4xx_hal_tim.o
LOAD ./Drivers/STM32G4xx_HAL_Driver/Src/stm32g4xx_hal_tim_ex.o
LOAD ./Drivers/STM32G4xx_HAL_Driver/Src/stm32g4xx_hal_uart.o
LOAD ./Drivers/STM32G4xx_HAL_Driver/Src/stm32g4xx_hal_uart_ex.o
LOAD ./Drivers/STM32G4xx_HAL_Driver/Src/stm32g4xx_ll_adc.o
LOAD ./Middlewares/Third_Party/FreeRTOS/Source/CMSIS_RTOS_V2/cmsis_os2.o
LOAD ./Middlewares/Third_Party/FreeRTOS/Source/croutine.o
LOAD ./Middlewares/Third_Party/FreeRTOS/Source/event_groups.o
LOAD ./Middlewares/Third_Party/FreeRTOS/Source/list.o
LOAD ./Middlewares/Third_Party/FreeRTOS/Source/queue.o
LOAD ./Middlewares/Third_Party/FreeRTOS/Source/stream_buffer.o
LOAD ./Middlewares/Third_Party/FreeRTOS/Source/tasks.o
LOAD ./Middlewares/Third_Party/FreeRTOS/Source/timers.o
LOAD ./Middlewares/Third_Party/FreeRTOS/Source/portable/GCC/ARM_CM4F/port.o
LOAD ./Middlewares/Third_Party/FreeRTOS/Source/portable/MemMang/heap_4.o
START GROUP
LOAD C:/Users/guido/Desktop/Sistemi embedded/STM32CubeIDE_1.14.1/STM32CubeIDE/plugins/com.st.stm32cube.ide.mcu.externaltools.gnu-tools-for-stm32.12.3.rel1.win32_1.1.0.202410251130/tools/bin/../lib/gcc/arm-none-eabi/12.3.1/../../../../arm-none-eabi/lib/thumb/v7e-m+fp/hard\libc_nano.a
LOAD C:/Users/guido/Desktop/Sistemi embedded/STM32CubeIDE_1.14.1/STM32CubeIDE/plugins/com.st.stm32cube.ide.mcu.externaltools.gnu-tools-for-stm32.12.3.rel1.win32_1.1.0.202410251130/tools/bin/../lib/gcc/arm-none-eabi/12.3.1/../../../../arm-none-eabi/lib/thumb/v7e-m+fp/hard\libm.a
END GROUP
START GROUP
LOAD C:/Users/guido/Desktop/Sistemi embedded/STM32CubeIDE_1.14.1/STM32CubeIDE/plugins/com.st.stm32cube.ide.mcu.externaltools.gnu-tools-for-stm32.12.3.rel1.win32_1.1.0.202410251130/tools/bin/../lib/gcc/arm-none-eabi/12.3.1/thumb/v7e-m+fp/hard\libgcc.a
LOAD C:/Users/guido/Desktop/Sistemi embedded/STM32CubeIDE_1.14.1/STM32CubeIDE/plugins/com.st.stm32cube.ide.mcu.externaltools.gnu-tools-for-stm32.12.3.rel1.win32_1.1.0.202410251130/tools/bin/../lib/gcc/arm-none-eabi/12.3.1/../../../../arm-none-eabi/lib/thumb/v7e-m+fp/hard\libc_nano.a
END GROUP
START GROUP
LOAD C:/Users/guido/Desktop/Sistemi embedded/STM32CubeIDE_1.14.1/STM32CubeIDE/plugins/com.st.stm32cube.ide.mcu.externaltools.gnu-tools-for-stm32.12.3.rel1.win32_1.1.0.202410251130/tools/bin/../lib/gcc/arm-none-eabi/12.3.1/thumb/v7e-m+fp/hard\libgcc.a
LOAD C:/Users/guido/Desktop/Sistemi embedded/STM32CubeIDE_1.14.1/STM32CubeIDE/plugins/com.st.stm32cube.ide.mcu.externaltools.gnu-tools-for-stm32.12.3.rel1.win32_1.1.0.202410251130/tools/bin/../lib/gcc/arm-none-eabi/12.3.1/../../../../arm-none-eabi/lib/thumb/v7e-m+fp/hard\libc_nano.a
LOAD C:/Users/guido/Desktop/Sistemi embedded/STM32CubeIDE_1.14.1/STM32CubeIDE/plugins/com.st.stm32cube.ide.mcu.externaltools.gnu-tools-for-stm32.12.3.rel1.win32_1.1.0.202410251130/tools/bin/../lib/gcc/arm-none-eabi/12.3.1/../../../../arm-none-eabi/lib/thumb/v7e-m+fp/hard\libnosys.a
END GROUP
START GROUP
LOAD C:/Users/guido/Desktop/Sistemi embedded/STM32CubeIDE_1.14.1/STM32CubeIDE/plugins/com.st.stm32cube.ide.mcu.externaltools.gnu-tools-for-stm32.12.3.rel1.win32_1.1.0.202410251130/tools/bin/../lib/gcc/arm-none-eabi/12.3.1/thumb/v7e-m+fp/hard\libgcc.a
LOAD C:/Users/guido/Desktop/Sistemi embedded/STM32CubeIDE_1.14.1/STM32CubeIDE/plugins/com.st.stm32cube.ide.mcu.externaltools.gnu-tools-for-stm32.12.3.rel1.win32_1.1.0.202410251130/tools/bin/../lib/gcc/arm-none-eabi/12.3.1/../../../../arm-none-eabi/lib/thumb/v7e-m+fp/hard\libc_nano.a
LOAD C:/Users/guido/Desktop/Sistemi embedded/STM32CubeIDE_1.14.1/STM32CubeIDE/plugins/com.st.stm32cube.ide.mcu.externaltools.gnu-tools-for-stm32.12.3.rel1.win32_1.1.0.202410251130/tools/bin/../lib/gcc/arm-none-eabi/12.3.1/../../../../arm-none-eabi/lib/thumb/v7e-m+fp/hard\libnosys.a
END GROUP
LOAD C:/Users/guido/Desktop/Sistemi embedded/STM32CubeIDE_1.14.1/STM32CubeIDE/plugins/com.st.stm32cube.ide.mcu.externaltools.gnu-tools-for-stm32.12.3.rel1.win32_1.1.0.202410251130/tools/bin/../lib/gcc/arm-none-eabi/12.3.1/thumb/v7e-m+fp/hard/crtend.o
LOAD C:/Users/guido/Desktop/Sistemi embedded/STM32CubeIDE_1.14.1/STM32CubeIDE/plugins/com.st.stm32cube.ide.mcu.externaltools.gnu-tools-for-stm32.12.3.rel1.win32_1.1.0.202410251130/tools/bin/../lib/gcc/arm-none-eabi/12.3.1/thumb/v7e-m+fp/hard/crtn.o
                0x20020000                        _estack = (ORIGIN (RAM) + LENGTH (RAM))
                0x00000200                        _Min_Heap_Size = 0x200
                0x00000400                        _Min_Stack_Size = 0x400

.isr_vector     0x08000000      0x1d8
                0x08000000                        . = ALIGN (0x4)
 *(.isr_vector)
 .isr_vector    0x08000000      0x1d8 ./Core/Startup/startup_stm32g474retx.o
                0x08000000                g_pfnVectors
                0x080001d8                        . = ALIGN (0x4)

.text           0x080001e0     0xb360
                0x080001e0                        . = ALIGN (0x4)
 *(.text)
 .text          0x080001e0       0x40 C:/Users/guido/Desktop/Sistemi embedded/STM32CubeIDE_1.14.1/STM32CubeIDE/plugins/com.st.stm32cube.ide.mcu.externaltools.gnu-tools-for-stm32.12.3.rel1.win32_1.1.0.202410251130/tools/bin/../lib/gcc/arm-none-eabi/12.3.1/thumb/v7e-m+fp/hard/crtbegin.o
 .text          0x08000220      0x378 C:/Users/guido/Desktop/Sistemi embedded/STM32CubeIDE_1.14.1/STM32CubeIDE/plugins/com.st.stm32cube.ide.mcu.externaltools.gnu-tools-for-stm32.12.3.rel1.win32_1.1.0.202410251130/tools/bin/../lib/gcc/arm-none-eabi/12.3.1/thumb/v7e-m+fp/hard\libgcc.a(_arm_addsubdf3.o)
                0x08000220                __aeabi_drsub
                0x08000228                __aeabi_dsub
                0x08000228                __subdf3
                0x0800022c                __aeabi_dadd
                0x0800022c                __adddf3
                0x080004a4                __floatunsidf
                0x080004a4                __aeabi_ui2d
                0x080004c4                __floatsidf
                0x080004c4                __aeabi_i2d
                0x080004e8                __aeabi_f2d
                0x080004e8                __extendsfdf2
                0x0800052c                __floatundidf
                0x0800052c                __aeabi_ul2d
                0x0800053c                __floatdidf
                0x0800053c                __aeabi_l2d
 .text          0x08000598      0x424 C:/Users/guido/Desktop/Sistemi embedded/STM32CubeIDE_1.14.1/STM32CubeIDE/plugins/com.st.stm32cube.ide.mcu.externaltools.gnu-tools-for-stm32.12.3.rel1.win32_1.1.0.202410251130/tools/bin/../lib/gcc/arm-none-eabi/12.3.1/thumb/v7e-m+fp/hard\libgcc.a(_arm_muldivdf3.o)
                0x08000598                __aeabi_dmul
                0x08000598                __muldf3
                0x080007ec                __divdf3
                0x080007ec                __aeabi_ddiv
 .text          0x080009bc      0x110 C:/Users/guido/Desktop/Sistemi embedded/STM32CubeIDE_1.14.1/STM32CubeIDE/plugins/com.st.stm32cube.ide.mcu.externaltools.gnu-tools-for-stm32.12.3.rel1.win32_1.1.0.202410251130/tools/bin/../lib/gcc/arm-none-eabi/12.3.1/thumb/v7e-m+fp/hard\libgcc.a(_arm_cmpdf2.o)
                0x080009bc                __gtdf2
                0x080009bc                __gedf2
                0x080009c4                __ltdf2
                0x080009c4                __ledf2
                0x080009cc                __nedf2
                0x080009cc                __eqdf2
                0x080009cc                __cmpdf2
                0x08000a48                __aeabi_cdrcmple
                0x08000a58                __aeabi_cdcmpeq
                0x08000a58                __aeabi_cdcmple
                0x08000a68                __aeabi_dcmpeq
                0x08000a7c                __aeabi_dcmplt
                0x08000a90                __aeabi_dcmple
                0x08000aa4                __aeabi_dcmpge
                0x08000ab8                __aeabi_dcmpgt
 .text          0x08000acc       0x50 C:/Users/guido/Desktop/Sistemi embedded/STM32CubeIDE_1.14.1/STM32CubeIDE/plugins/com.st.stm32cube.ide.mcu.externaltools.gnu-tools-for-stm32.12.3.rel1.win32_1.1.0.202410251130/tools/bin/../lib/gcc/arm-none-eabi/12.3.1/thumb/v7e-m+fp/hard\libgcc.a(_arm_fixdfsi.o)
                0x08000acc                __aeabi_d2iz
                0x08000acc                __fixdfsi
 .text          0x08000b1c       0x40 C:/Users/guido/Desktop/Sistemi embedded/STM32CubeIDE_1.14.1/STM32CubeIDE/plugins/com.st.stm32cube.ide.mcu.externaltools.gnu-tools-for-stm32.12.3.rel1.win32_1.1.0.202410251130/tools/bin/../lib/gcc/arm-none-eabi/12.3.1/thumb/v7e-m+fp/hard\libgcc.a(_arm_fixunsdfsi.o)
                0x08000b1c                __aeabi_d2uiz
                0x08000b1c                __fixunsdfsi
 .text          0x08000b5c       0xa0 C:/Users/guido/Desktop/Sistemi embedded/STM32CubeIDE_1.14.1/STM32CubeIDE/plugins/com.st.stm32cube.ide.mcu.externaltools.gnu-tools-for-stm32.12.3.rel1.win32_1.1.0.202410251130/tools/bin/../lib/gcc/arm-none-eabi/12.3.1/thumb/v7e-m+fp/hard\libgcc.a(_arm_truncdfsf2.o)
                0x08000b5c                __truncdfsf2
                0x08000b5c                __aeabi_d2f
 .text          0x08000bfc       0x30 C:/Users/guido/Desktop/Sistemi embedded/STM32CubeIDE_1.14.1/STM32CubeIDE/plugins/com.st.stm32cube.ide.mcu.externaltools.gnu-tools-for-stm32.12.3.rel1.win32_1.1.0.202410251130/tools/bin/../lib/gcc/arm-none-eabi/12.3.1/thumb/v7e-m+fp/hard\libgcc.a(_aeabi_uldivmod.o)
                0x08000bfc                __aeabi_uldivmod
 .text          0x08000c2c      0x2bc C:/Users/guido/Desktop/Sistemi embedded/STM32CubeIDE_1.14.1/STM32CubeIDE/plugins/com.st.stm32cube.ide.mcu.externaltools.gnu-tools-for-stm32.12.3.rel1.win32_1.1.0.202410251130/tools/bin/../lib/gcc/arm-none-eabi/12.3.1/thumb/v7e-m+fp/hard\libgcc.a(_udivmoddi4.o)
                0x08000c2c                __udivmoddi4
 .text          0x08000ee8        0x4 C:/Users/guido/Desktop/Sistemi embedded/STM32CubeIDE_1.14.1/STM32CubeIDE/plugins/com.st.stm32cube.ide.mcu.externaltools.gnu-tools-for-stm32.12.3.rel1.win32_1.1.0.202410251130/tools/bin/../lib/gcc/arm-none-eabi/12.3.1/thumb/v7e-m+fp/hard\libgcc.a(_dvmd_tls.o)
                0x08000ee8                __aeabi_idiv0
                0x08000ee8                __aeabi_ldiv0
 *(.text*)
 .text.MX_ADC1_Init
                0x08000eec       0xf0 ./Core/Src/adc.o
                0x08000eec                MX_ADC1_Init
 .text.HAL_ADC_MspInit
                0x08000fdc       0x64 ./Core/Src/adc.o
                0x08000fdc                HAL_ADC_MspInit
 .text.MX_FREERTOS_Init
                0x08001040      0x104 ./Core/Src/app_freertos.o
                0x08001040                MX_FREERTOS_Init
 .text.StartReadingTask
                0x08001144       0x90 ./Core/Src/app_freertos.o
                0x08001144                StartReadingTask
 .text.StartCommunicationTask
                0x080011d4      0x1e0 ./Core/Src/app_freertos.o
                0x080011d4                StartCommunicationTask
 .text.StartActuationTask
                0x080013b4       0xc4 ./Core/Src/app_freertos.o
                0x080013b4                StartActuationTask
 .text.StartEmergencyTask
                0x08001478       0x20 ./Core/Src/app_freertos.o
                0x08001478                StartEmergencyTask
 .text.dataCheck
                0x08001498       0x2c ./Core/Src/app_freertos.o
                0x08001498                dataCheck
 .text.ledActuation
                0x080014c4       0x4c ./Core/Src/app_freertos.o
                0x080014c4                ledActuation
 .text.motori   0x08001510      0x154 ./Core/Src/app_freertos.o
                0x08001510                motori
 .text.emergency
                0x08001664       0x50 ./Core/Src/app_freertos.o
                0x08001664                emergency
 .text.deserialize_partial
                0x080016b4      0x208 ./Core/Src/com.o
                0x080016b4                deserialize_partial
 .text.serialize_partial
                0x080018bc       0xf0 ./Core/Src/com.o
                0x080018bc                serialize_partial
 .text.compute  0x080019ac       0xe4 ./Core/Src/controller.o
                0x080019ac                compute
 .text.calculate_wheel_speeds
                0x08001a90      0x114 ./Core/Src/controller.o
                0x08001a90                calculate_wheel_speeds
 .text.is_invalid_value
                0x08001ba4       0x34 ./Core/Src/controller.o
                0x08001ba4                is_invalid_value
 .text.are_values_zero
                0x08001bd8       0x3e ./Core/Src/controller.o
                0x08001bd8                are_values_zero
 *fill*         0x08001c16        0x2 
 .text.MX_GPIO_Init
                0x08001c18       0xf8 ./Core/Src/gpio.o
                0x08001c18                MX_GPIO_Init
 .text.MX_I2C2_Init
                0x08001d10       0x80 ./Core/Src/i2c.o
                0x08001d10                MX_I2C2_Init
 .text.HAL_I2C_MspInit
                0x08001d90       0xb0 ./Core/Src/i2c.o
                0x08001d90                HAL_I2C_MspInit
 .text.main     0x08001e40       0x78 ./Core/Src/main.o
                0x08001e40                main
 .text.SystemClock_Config
                0x08001eb8       0x96 ./Core/Src/main.o
                0x08001eb8                SystemClock_Config
 *fill*         0x08001f4e        0x2 
 .text.HAL_TIM_PeriodElapsedCallback
                0x08001f50       0x24 ./Core/Src/main.o
                0x08001f50                HAL_TIM_PeriodElapsedCallback
 .text.Error_Handler
                0x08001f74        0xc ./Core/Src/main.o
                0x08001f74                Error_Handler
 .text.PID_Init
                0x08001f80       0x68 ./Core/Src/pid.o
                0x08001f80                PID_Init
 .text.PID_Compute
                0x08001fe8      0x508 ./Core/Src/pid.o
                0x08001fe8                PID_Compute
 .text.MX_SPI1_Init
                0x080024f0       0x74 ./Core/Src/spi.o
                0x080024f0                MX_SPI1_Init
 .text.HAL_SPI_MspInit
                0x08002564       0x84 ./Core/Src/spi.o
                0x08002564                HAL_SPI_MspInit
 .text.HAL_MspInit
                0x080025e8       0x54 ./Core/Src/stm32g4xx_hal_msp.o
                0x080025e8                HAL_MspInit
 .text.HAL_InitTick
                0x0800263c       0xd8 ./Core/Src/stm32g4xx_hal_timebase_tim.o
                0x0800263c                HAL_InitTick
 .text.NMI_Handler
                0x08002714        0x8 ./Core/Src/stm32g4xx_it.o
                0x08002714                NMI_Handler
 .text.HardFault_Handler
                0x0800271c        0x8 ./Core/Src/stm32g4xx_it.o
                0x0800271c                HardFault_Handler
 .text.MemManage_Handler
                0x08002724        0x8 ./Core/Src/stm32g4xx_it.o
                0x08002724                MemManage_Handler
 .text.BusFault_Handler
                0x0800272c        0x8 ./Core/Src/stm32g4xx_it.o
                0x0800272c                BusFault_Handler
 .text.UsageFault_Handler
                0x08002734        0x8 ./Core/Src/stm32g4xx_it.o
                0x08002734                UsageFault_Handler
 .text.DebugMon_Handler
                0x0800273c        0xe ./Core/Src/stm32g4xx_it.o
                0x0800273c                DebugMon_Handler
 *fill*         0x0800274a        0x2 
 .text.TIM6_DAC_IRQHandler
                0x0800274c       0x14 ./Core/Src/stm32g4xx_it.o
                0x0800274c                TIM6_DAC_IRQHandler
 .text.SystemInit
                0x08002760       0x24 ./Core/Src/system_stm32g4xx.o
                0x08002760                SystemInit
 .text.TemperatureSensor_Read
                0x08002784       0x8c ./Core/Src/temperature.o
                0x08002784                TemperatureSensor_Read
 .text.MX_TIM2_Init
                0x08002810       0xa8 ./Core/Src/tim.o
                0x08002810                MX_TIM2_Init
 .text.MX_TIM3_Init
                0x080028b8       0xac ./Core/Src/tim.o
                0x080028b8                MX_TIM3_Init
 .text.MX_TIM4_Init
                0x08002964       0xac ./Core/Src/tim.o
                0x08002964                MX_TIM4_Init
 .text.MX_TIM5_Init
                0x08002a10       0xac ./Core/Src/tim.o
                0x08002a10                MX_TIM5_Init
 .text.HAL_TIM_Encoder_MspInit
                0x08002abc      0x220 ./Core/Src/tim.o
                0x08002abc                HAL_TIM_Encoder_MspInit
 .text.MX_USART1_UART_Init
                0x08002cdc       0x98 ./Core/Src/usart.o
                0x08002cdc                MX_USART1_UART_Init
 .text.MX_USART2_UART_Init
                0x08002d74       0x98 ./Core/Src/usart.o
                0x08002d74                MX_USART2_UART_Init
 .text.MX_USART3_UART_Init
                0x08002e0c       0x98 ./Core/Src/usart.o
                0x08002e0c                MX_USART3_UART_Init
 .text.HAL_UART_MspInit
                0x08002ea4      0x1bc ./Core/Src/usart.o
                0x08002ea4                HAL_UART_MspInit
 .text.Reset_Handler
                0x08003060       0x50 ./Core/Startup/startup_stm32g474retx.o
                0x08003060                Reset_Handler
 .text.Default_Handler
                0x080030b0        0x2 ./Core/Startup/startup_stm32g474retx.o
                0x080030b0                RTC_Alarm_IRQHandler
                0x080030b0                EXTI2_IRQHandler
                0x080030b0                TIM8_TRG_COM_IRQHandler
                0x080030b0                TIM8_CC_IRQHandler
                0x080030b0                HRTIM1_Master_IRQHandler
                0x080030b0                SPI4_IRQHandler
                0x080030b0                FDCAN3_IT0_IRQHandler
                0x080030b0                TIM1_CC_IRQHandler
                0x080030b0                HRTIM1_FLT_IRQHandler
                0x080030b0                HRTIM1_TIMF_IRQHandler
                0x080030b0                USB_HP_IRQHandler
                0x080030b0                CORDIC_IRQHandler
                0x080030b0                HRTIM1_TIMD_IRQHandler
                0x080030b0                DMA2_Channel8_IRQHandler
                0x080030b0                EXTI3_IRQHandler
                0x080030b0                I2C3_ER_IRQHandler
                0x080030b0                EXTI0_IRQHandler
                0x080030b0                I2C2_EV_IRQHandler
                0x080030b0                FPU_IRQHandler
                0x080030b0                FDCAN1_IT1_IRQHandler
                0x080030b0                TIM1_UP_TIM16_IRQHandler
                0x080030b0                ADC1_2_IRQHandler
                0x080030b0                HRTIM1_TIME_IRQHandler
                0x080030b0                SPI1_IRQHandler
                0x080030b0                HRTIM1_TIMC_IRQHandler
                0x080030b0                TIM8_UP_IRQHandler
                0x080030b0                DMA2_Channel2_IRQHandler
                0x080030b0                DMA1_Channel4_IRQHandler
                0x080030b0                TIM20_TRG_COM_IRQHandler
                0x080030b0                USART3_IRQHandler
                0x080030b0                DMA1_Channel7_IRQHandler
                0x080030b0                UART5_IRQHandler
                0x080030b0                ADC3_IRQHandler
                0x080030b0                TIM4_IRQHandler
                0x080030b0                DMA2_Channel1_IRQHandler
                0x080030b0                QUADSPI_IRQHandler
                0x080030b0                I2C1_EV_IRQHandler
                0x080030b0                DMA1_Channel6_IRQHandler
                0x080030b0                UART4_IRQHandler
                0x080030b0                DMA2_Channel4_IRQHandler
                0x080030b0                TIM3_IRQHandler
                0x080030b0                RCC_IRQHandler
                0x080030b0                TIM20_UP_IRQHandler
                0x080030b0                DMA1_Channel1_IRQHandler
                0x080030b0                Default_Handler
                0x080030b0                DMA2_Channel7_IRQHandler
                0x080030b0                RTC_TAMP_LSECSS_IRQHandler
                0x080030b0                FMAC_IRQHandler
                0x080030b0                EXTI15_10_IRQHandler
                0x080030b0                DMA1_Channel8_IRQHandler
                0x080030b0                HRTIM1_TIMA_IRQHandler
                0x080030b0                TIM7_DAC_IRQHandler
                0x080030b0                FDCAN3_IT1_IRQHandler
                0x080030b0                TIM5_IRQHandler
                0x080030b0                UCPD1_IRQHandler
                0x080030b0                I2C3_EV_IRQHandler
                0x080030b0                EXTI9_5_IRQHandler
                0x080030b0                RTC_WKUP_IRQHandler
                0x080030b0                PVD_PVM_IRQHandler
                0x080030b0                SPI2_IRQHandler
                0x080030b0                ADC5_IRQHandler
                0x080030b0                DMA2_Channel5_IRQHandler
                0x080030b0                CRS_IRQHandler
                0x080030b0                DMA1_Channel5_IRQHandler
                0x080030b0                USB_LP_IRQHandler
                0x080030b0                EXTI4_IRQHandler
                0x080030b0                RNG_IRQHandler
                0x080030b0                HRTIM1_TIMB_IRQHandler
                0x080030b0                TIM1_TRG_COM_TIM17_IRQHandler
                0x080030b0                FDCAN2_IT1_IRQHandler
                0x080030b0                DMA1_Channel3_IRQHandler
                0x080030b0                ADC4_IRQHandler
                0x080030b0                WWDG_IRQHandler
                0x080030b0                I2C4_EV_IRQHandler
                0x080030b0                FDCAN2_IT0_IRQHandler
                0x080030b0                LPUART1_IRQHandler
                0x080030b0                DMA2_Channel6_IRQHandler
                0x080030b0                FDCAN1_IT0_IRQHandler
                0x080030b0                TIM2_IRQHandler
                0x080030b0                COMP7_IRQHandler
                0x080030b0                COMP1_2_3_IRQHandler
                0x080030b0                EXTI1_IRQHandler
                0x080030b0                USART2_IRQHandler
                0x080030b0                COMP4_5_6_IRQHandler
                0x080030b0                TIM20_BRK_IRQHandler
                0x080030b0                I2C2_ER_IRQHandler
                0x080030b0                DMA1_Channel2_IRQHandler
                0x080030b0                TIM8_BRK_IRQHandler
                0x080030b0                FLASH_IRQHandler
                0x080030b0                TIM20_CC_IRQHandler
                0x080030b0                USART1_IRQHandler
                0x080030b0                SPI3_IRQHandler
                0x080030b0                I2C1_ER_IRQHandler
                0x080030b0                FMC_IRQHandler
                0x080030b0                LPTIM1_IRQHandler
                0x080030b0                DMAMUX_OVR_IRQHandler
                0x080030b0                I2C4_ER_IRQHandler
                0x080030b0                USBWakeUp_IRQHandler
                0x080030b0                SAI1_IRQHandler
                0x080030b0                DMA2_Channel3_IRQHandler
                0x080030b0                TIM1_BRK_TIM15_IRQHandler
 .text.HAL_Init
                0x080030b2       0x30 ./Drivers/STM32G4xx_HAL_Driver/Src/stm32g4xx_hal.o
                0x080030b2                HAL_Init
 *fill*         0x080030e2        0x2 
 .text.HAL_IncTick
                0x080030e4       0x24 ./Drivers/STM32G4xx_HAL_Driver/Src/stm32g4xx_hal.o
                0x080030e4                HAL_IncTick
 .text.HAL_GetTick
                0x08003108       0x18 ./Drivers/STM32G4xx_HAL_Driver/Src/stm32g4xx_hal.o
                0x08003108                HAL_GetTick
 .text.LL_ADC_SetCommonClock
                0x08003120       0x26 ./Drivers/STM32G4xx_HAL_Driver/Src/stm32g4xx_hal_adc.o
 .text.LL_ADC_SetCommonPathInternalCh
                0x08003146       0x26 ./Drivers/STM32G4xx_HAL_Driver/Src/stm32g4xx_hal_adc.o
 .text.LL_ADC_GetCommonPathInternalCh
                0x0800316c       0x1c ./Drivers/STM32G4xx_HAL_Driver/Src/stm32g4xx_hal_adc.o
 .text.LL_ADC_SetOffset
                0x08003188       0x48 ./Drivers/STM32G4xx_HAL_Driver/Src/stm32g4xx_hal_adc.o
 .text.LL_ADC_GetOffsetChannel
                0x080031d0       0x2c ./Drivers/STM32G4xx_HAL_Driver/Src/stm32g4xx_hal_adc.o
 .text.LL_ADC_SetOffsetState
                0x080031fc       0x36 ./Drivers/STM32G4xx_HAL_Driver/Src/stm32g4xx_hal_adc.o
 .text.LL_ADC_SetOffsetSign
                0x08003232       0x36 ./Drivers/STM32G4xx_HAL_Driver/Src/stm32g4xx_hal_adc.o
 .text.LL_ADC_SetOffsetSaturation
                0x08003268       0x36 ./Drivers/STM32G4xx_HAL_Driver/Src/stm32g4xx_hal_adc.o
 .text.LL_ADC_SetSamplingTimeCommonConfig
                0x0800329e       0x26 ./Drivers/STM32G4xx_HAL_Driver/Src/stm32g4xx_hal_adc.o
 .text.LL_ADC_REG_IsTriggerSourceSWStart
                0x080032c4       0x26 ./Drivers/STM32G4xx_HAL_Driver/Src/stm32g4xx_hal_adc.o
 .text.LL_ADC_REG_SetSequencerRanks
                0x080032ea       0x58 ./Drivers/STM32G4xx_HAL_Driver/Src/stm32g4xx_hal_adc.o
 .text.LL_ADC_SetChannelSamplingTime
                0x08003342       0x56 ./Drivers/STM32G4xx_HAL_Driver/Src/stm32g4xx_hal_adc.o
 .text.LL_ADC_SetChannelSingleDiff
                0x08003398       0x48 ./Drivers/STM32G4xx_HAL_Driver/Src/stm32g4xx_hal_adc.o
 .text.LL_ADC_GetMultimode
                0x080033e0       0x1c ./Drivers/STM32G4xx_HAL_Driver/Src/stm32g4xx_hal_adc.o
 .text.LL_ADC_GetMultiDMATransfer
                0x080033fc       0x1c ./Drivers/STM32G4xx_HAL_Driver/Src/stm32g4xx_hal_adc.o
 .text.LL_ADC_DisableDeepPowerDown
                0x08003418       0x24 ./Drivers/STM32G4xx_HAL_Driver/Src/stm32g4xx_hal_adc.o
 .text.LL_ADC_IsDeepPowerDownEnabled
                0x0800343c       0x28 ./Drivers/STM32G4xx_HAL_Driver/Src/stm32g4xx_hal_adc.o
 .text.LL_ADC_EnableInternalRegulator
                0x08003464       0x28 ./Drivers/STM32G4xx_HAL_Driver/Src/stm32g4xx_hal_adc.o
 .text.LL_ADC_IsInternalRegulatorEnabled
                0x0800348c       0x28 ./Drivers/STM32G4xx_HAL_Driver/Src/stm32g4xx_hal_adc.o
 .text.LL_ADC_Enable
                0x080034b4       0x28 ./Drivers/STM32G4xx_HAL_Driver/Src/stm32g4xx_hal_adc.o
 .text.LL_ADC_IsEnabled
                0x080034dc       0x26 ./Drivers/STM32G4xx_HAL_Driver/Src/stm32g4xx_hal_adc.o
 .text.LL_ADC_REG_StartConversion
                0x08003502       0x28 ./Drivers/STM32G4xx_HAL_Driver/Src/stm32g4xx_hal_adc.o
 .text.LL_ADC_REG_IsConversionOngoing
                0x0800352a       0x26 ./Drivers/STM32G4xx_HAL_Driver/Src/stm32g4xx_hal_adc.o
 .text.LL_ADC_INJ_IsConversionOngoing
                0x08003550       0x26 ./Drivers/STM32G4xx_HAL_Driver/Src/stm32g4xx_hal_adc.o
 *fill*         0x08003576        0x2 
 .text.HAL_ADC_Init
                0x08003578      0x378 ./Drivers/STM32G4xx_HAL_Driver/Src/stm32g4xx_hal_adc.o
                0x08003578                HAL_ADC_Init
 .text.HAL_ADC_Start
                0x080038f0      0x1c8 ./Drivers/STM32G4xx_HAL_Driver/Src/stm32g4xx_hal_adc.o
                0x080038f0                HAL_ADC_Start
 .text.HAL_ADC_PollForConversion
                0x08003ab8      0x20c ./Drivers/STM32G4xx_HAL_Driver/Src/stm32g4xx_hal_adc.o
                0x08003ab8                HAL_ADC_PollForConversion
 .text.HAL_ADC_GetValue
                0x08003cc4       0x1a ./Drivers/STM32G4xx_HAL_Driver/Src/stm32g4xx_hal_adc.o
                0x08003cc4                HAL_ADC_GetValue
 *fill*         0x08003cde        0x2 
 .text.HAL_ADC_ConfigChannel
                0x08003ce0      0x880 ./Drivers/STM32G4xx_HAL_Driver/Src/stm32g4xx_hal_adc.o
                0x08003ce0                HAL_ADC_ConfigChannel
 .text.ADC_Enable
                0x08004560      0x12c ./Drivers/STM32G4xx_HAL_Driver/Src/stm32g4xx_hal_adc.o
                0x08004560                ADC_Enable
 .text.LL_ADC_IsEnabled
                0x0800468c       0x26 ./Drivers/STM32G4xx_HAL_Driver/Src/stm32g4xx_hal_adc_ex.o
 .text.LL_ADC_REG_IsConversionOngoing
                0x080046b2       0x26 ./Drivers/STM32G4xx_HAL_Driver/Src/stm32g4xx_hal_adc_ex.o
 .text.HAL_ADCEx_MultiModeConfigChannel
                0x080046d8      0x210 ./Drivers/STM32G4xx_HAL_Driver/Src/stm32g4xx_hal_adc_ex.o
                0x080046d8                HAL_ADCEx_MultiModeConfigChannel
 .text.__NVIC_SetPriorityGrouping
                0x080048e8       0x48 ./Drivers/STM32G4xx_HAL_Driver/Src/stm32g4xx_hal_cortex.o
 .text.__NVIC_GetPriorityGrouping
                0x08004930       0x1c ./Drivers/STM32G4xx_HAL_Driver/Src/stm32g4xx_hal_cortex.o
 .text.__NVIC_EnableIRQ
                0x0800494c       0x3c ./Drivers/STM32G4xx_HAL_Driver/Src/stm32g4xx_hal_cortex.o
 .text.__NVIC_SetPriority
                0x08004988       0x54 ./Drivers/STM32G4xx_HAL_Driver/Src/stm32g4xx_hal_cortex.o
 .text.NVIC_EncodePriority
                0x080049dc       0x66 ./Drivers/STM32G4xx_HAL_Driver/Src/stm32g4xx_hal_cortex.o
 .text.HAL_NVIC_SetPriorityGrouping
                0x08004a42       0x16 ./Drivers/STM32G4xx_HAL_Driver/Src/stm32g4xx_hal_cortex.o
                0x08004a42                HAL_NVIC_SetPriorityGrouping
 .text.HAL_NVIC_SetPriority
                0x08004a58       0x34 ./Drivers/STM32G4xx_HAL_Driver/Src/stm32g4xx_hal_cortex.o
                0x08004a58                HAL_NVIC_SetPriority
 .text.HAL_NVIC_EnableIRQ
                0x08004a8c       0x1c ./Drivers/STM32G4xx_HAL_Driver/Src/stm32g4xx_hal_cortex.o
                0x08004a8c                HAL_NVIC_EnableIRQ
 .text.HAL_GPIO_Init
                0x08004aa8      0x304 ./Drivers/STM32G4xx_HAL_Driver/Src/stm32g4xx_hal_gpio.o
                0x08004aa8                HAL_GPIO_Init
 .text.HAL_GPIO_ReadPin
                0x08004dac       0x30 ./Drivers/STM32G4xx_HAL_Driver/Src/stm32g4xx_hal_gpio.o
                0x08004dac                HAL_GPIO_ReadPin
 .text.HAL_GPIO_WritePin
                0x08004ddc       0x30 ./Drivers/STM32G4xx_HAL_Driver/Src/stm32g4xx_hal_gpio.o
                0x08004ddc                HAL_GPIO_WritePin
 .text.HAL_I2C_Init
                0x08004e0c      0x136 ./Drivers/STM32G4xx_HAL_Driver/Src/stm32g4xx_hal_i2c.o
                0x08004e0c                HAL_I2C_Init
 .text.HAL_I2CEx_ConfigAnalogFilter
                0x08004f42       0x96 ./Drivers/STM32G4xx_HAL_Driver/Src/stm32g4xx_hal_i2c_ex.o
                0x08004f42                HAL_I2CEx_ConfigAnalogFilter
 .text.HAL_I2CEx_ConfigDigitalFilter
                0x08004fd8       0x98 ./Drivers/STM32G4xx_HAL_Driver/Src/stm32g4xx_hal_i2c_ex.o
                0x08004fd8                HAL_I2CEx_ConfigDigitalFilter
 .text.HAL_PWREx_ControlVoltageScaling
                0x08005070      0x148 ./Drivers/STM32G4xx_HAL_Driver/Src/stm32g4xx_hal_pwr_ex.o
                0x08005070                HAL_PWREx_ControlVoltageScaling
 .text.HAL_PWREx_DisableUCPDDeadBattery
                0x080051b8       0x20 ./Drivers/STM32G4xx_HAL_Driver/Src/stm32g4xx_hal_pwr_ex.o
                0x080051b8                HAL_PWREx_DisableUCPDDeadBattery
 .text.HAL_RCC_OscConfig
                0x080051d8      0x624 ./Drivers/STM32G4xx_HAL_Driver/Src/stm32g4xx_hal_rcc.o
                0x080051d8                HAL_RCC_OscConfig
 .text.HAL_RCC_ClockConfig
                0x080057fc      0x278 ./Drivers/STM32G4xx_HAL_Driver/Src/stm32g4xx_hal_rcc.o
                0x080057fc                HAL_RCC_ClockConfig
 .text.HAL_RCC_GetSysClockFreq
                0x08005a74       0xc4 ./Drivers/STM32G4xx_HAL_Driver/Src/stm32g4xx_hal_rcc.o
                0x08005a74                HAL_RCC_GetSysClockFreq
 .text.HAL_RCC_GetHCLKFreq
                0x08005b38       0x18 ./Drivers/STM32G4xx_HAL_Driver/Src/stm32g4xx_hal_rcc.o
                0x08005b38                HAL_RCC_GetHCLKFreq
 .text.HAL_RCC_GetPCLK1Freq
                0x08005b50       0x2c ./Drivers/STM32G4xx_HAL_Driver/Src/stm32g4xx_hal_rcc.o
                0x08005b50                HAL_RCC_GetPCLK1Freq
 .text.HAL_RCC_GetPCLK2Freq
                0x08005b7c       0x2c ./Drivers/STM32G4xx_HAL_Driver/Src/stm32g4xx_hal_rcc.o
                0x08005b7c                HAL_RCC_GetPCLK2Freq
 .text.HAL_RCC_GetClockConfig
                0x08005ba8       0x64 ./Drivers/STM32G4xx_HAL_Driver/Src/stm32g4xx_hal_rcc.o
                0x08005ba8                HAL_RCC_GetClockConfig
 .text.RCC_GetSysClockFreqFromPLLSource
                0x08005c0c       0x8c ./Drivers/STM32G4xx_HAL_Driver/Src/stm32g4xx_hal_rcc.o
 .text.HAL_RCCEx_PeriphCLKConfig
                0x08005c98      0x49c ./Drivers/STM32G4xx_HAL_Driver/Src/stm32g4xx_hal_rcc_ex.o
                0x08005c98                HAL_RCCEx_PeriphCLKConfig
 .text.HAL_SPI_Init
                0x08006134      0x156 ./Drivers/STM32G4xx_HAL_Driver/Src/stm32g4xx_hal_spi.o
                0x08006134                HAL_SPI_Init
 .text.HAL_SPI_Transmit
                0x0800628a      0x2ec ./Drivers/STM32G4xx_HAL_Driver/Src/stm32g4xx_hal_spi.o
                0x0800628a                HAL_SPI_Transmit
 .text.HAL_SPI_Receive
                0x08006576      0x270 ./Drivers/STM32G4xx_HAL_Driver/Src/stm32g4xx_hal_spi.o
                0x08006576                HAL_SPI_Receive
 .text.HAL_SPI_TransmitReceive
                0x080067e6      0x43e ./Drivers/STM32G4xx_HAL_Driver/Src/stm32g4xx_hal_spi.o
                0x080067e6                HAL_SPI_TransmitReceive
 .text.SPI_WaitFlagStateUntilTimeout
                0x08006c24      0x110 ./Drivers/STM32G4xx_HAL_Driver/Src/stm32g4xx_hal_spi.o
 .text.SPI_WaitFifoStateUntilTimeout
                0x08006d34      0x12c ./Drivers/STM32G4xx_HAL_Driver/Src/stm32g4xx_hal_spi.o
 .text.SPI_EndRxTransaction
                0x08006e60       0xb0 ./Drivers/STM32G4xx_HAL_Driver/Src/stm32g4xx_hal_spi.o
 .text.SPI_EndRxTxTransaction
                0x08006f10       0x8c ./Drivers/STM32G4xx_HAL_Driver/Src/stm32g4xx_hal_spi.o
 .text.HAL_TIM_Base_Init
                0x08006f9c       0xae ./Drivers/STM32G4xx_HAL_Driver/Src/stm32g4xx_hal_tim.o
                0x08006f9c                HAL_TIM_Base_Init
 .text.HAL_TIM_Base_MspInit
                0x0800704a       0x14 ./Drivers/STM32G4xx_HAL_Driver/Src/stm32g4xx_hal_tim.o
                0x0800704a                HAL_TIM_Base_MspInit
 *fill*         0x0800705e        0x2 
 .text.HAL_TIM_Base_Start_IT
                0x08007060       0xf0 ./Drivers/STM32G4xx_HAL_Driver/Src/stm32g4xx_hal_tim.o
                0x08007060                HAL_TIM_Base_Start_IT
 .text.HAL_TIM_Encoder_Init
                0x08007150      0x14c ./Drivers/STM32G4xx_HAL_Driver/Src/stm32g4xx_hal_tim.o
                0x08007150                HAL_TIM_Encoder_Init
 .text.HAL_TIM_Encoder_Start
                0x0800729c      0x11c ./Drivers/STM32G4xx_HAL_Driver/Src/stm32g4xx_hal_tim.o
                0x0800729c                HAL_TIM_Encoder_Start
 .text.HAL_TIM_IRQHandler
                0x080073b8      0x29e ./Drivers/STM32G4xx_HAL_Driver/Src/stm32g4xx_hal_tim.o
                0x080073b8                HAL_TIM_IRQHandler
 .text.HAL_TIM_OC_DelayElapsedCallback
                0x08007656       0x14 ./Drivers/STM32G4xx_HAL_Driver/Src/stm32g4xx_hal_tim.o
                0x08007656                HAL_TIM_OC_DelayElapsedCallback
 .text.HAL_TIM_IC_CaptureCallback
                0x0800766a       0x14 ./Drivers/STM32G4xx_HAL_Driver/Src/stm32g4xx_hal_tim.o
                0x0800766a                HAL_TIM_IC_CaptureCallback
 .text.HAL_TIM_PWM_PulseFinishedCallback
                0x0800767e       0x14 ./Drivers/STM32G4xx_HAL_Driver/Src/stm32g4xx_hal_tim.o
                0x0800767e                HAL_TIM_PWM_PulseFinishedCallback
 .text.HAL_TIM_TriggerCallback
                0x08007692       0x14 ./Drivers/STM32G4xx_HAL_Driver/Src/stm32g4xx_hal_tim.o
                0x08007692                HAL_TIM_TriggerCallback
 *fill*         0x080076a6        0x2 
 .text.TIM_Base_SetConfig
                0x080076a8      0x168 ./Drivers/STM32G4xx_HAL_Driver/Src/stm32g4xx_hal_tim.o
                0x080076a8                TIM_Base_SetConfig
 .text.TIM_CCxChannelCmd
                0x08007810       0x4a ./Drivers/STM32G4xx_HAL_Driver/Src/stm32g4xx_hal_tim.o
                0x08007810                TIM_CCxChannelCmd
 *fill*         0x0800785a        0x2 
 .text.HAL_TIMEx_MasterConfigSynchronization
                0x0800785c      0x12c ./Drivers/STM32G4xx_HAL_Driver/Src/stm32g4xx_hal_tim_ex.o
                0x0800785c                HAL_TIMEx_MasterConfigSynchronization
 .text.HAL_TIMEx_CommutCallback
                0x08007988       0x14 ./Drivers/STM32G4xx_HAL_Driver/Src/stm32g4xx_hal_tim_ex.o
                0x08007988                HAL_TIMEx_CommutCallback
 .text.HAL_TIMEx_BreakCallback
                0x0800799c       0x14 ./Drivers/STM32G4xx_HAL_Driver/Src/stm32g4xx_hal_tim_ex.o
                0x0800799c                HAL_TIMEx_BreakCallback
 .text.HAL_TIMEx_Break2Callback
                0x080079b0       0x14 ./Drivers/STM32G4xx_HAL_Driver/Src/stm32g4xx_hal_tim_ex.o
                0x080079b0                HAL_TIMEx_Break2Callback
 .text.HAL_TIMEx_EncoderIndexCallback
                0x080079c4       0x14 ./Drivers/STM32G4xx_HAL_Driver/Src/stm32g4xx_hal_tim_ex.o
                0x080079c4                HAL_TIMEx_EncoderIndexCallback
 .text.HAL_TIMEx_DirectionChangeCallback
                0x080079d8       0x14 ./Drivers/STM32G4xx_HAL_Driver/Src/stm32g4xx_hal_tim_ex.o
                0x080079d8                HAL_TIMEx_DirectionChangeCallback
 .text.HAL_TIMEx_IndexErrorCallback
                0x080079ec       0x14 ./Drivers/STM32G4xx_HAL_Driver/Src/stm32g4xx_hal_tim_ex.o
                0x080079ec                HAL_TIMEx_IndexErrorCallback
 .text.HAL_TIMEx_TransitionErrorCallback
                0x08007a00       0x14 ./Drivers/STM32G4xx_HAL_Driver/Src/stm32g4xx_hal_tim_ex.o
                0x08007a00                HAL_TIMEx_TransitionErrorCallback
 .text.HAL_UART_Init
                0x08007a14       0xa0 ./Drivers/STM32G4xx_HAL_Driver/Src/stm32g4xx_hal_uart.o
                0x08007a14                HAL_UART_Init
 .text.HAL_UART_Transmit
                0x08007ab4      0x11c ./Drivers/STM32G4xx_HAL_Driver/Src/stm32g4xx_hal_uart.o
                0x08007ab4                HAL_UART_Transmit
 .text.UART_SetConfig
                0x08007bd0      0x5f8 ./Drivers/STM32G4xx_HAL_Driver/Src/stm32g4xx_hal_uart.o
                0x08007bd0                UART_SetConfig
 .text.UART_AdvFeatureConfig
                0x080081c8      0x144 ./Drivers/STM32G4xx_HAL_Driver/Src/stm32g4xx_hal_uart.o
                0x080081c8                UART_AdvFeatureConfig
 .text.UART_CheckIdleState
                0x0800830c      0x154 ./Drivers/STM32G4xx_HAL_Driver/Src/stm32g4xx_hal_uart.o
                0x0800830c                UART_CheckIdleState
 .text.UART_WaitOnFlagUntilTimeout
                0x08008460       0xda ./Drivers/STM32G4xx_HAL_Driver/Src/stm32g4xx_hal_uart.o
                0x08008460                UART_WaitOnFlagUntilTimeout
 .text.UART_EndRxTransfer
                0x0800853a       0xcc ./Drivers/STM32G4xx_HAL_Driver/Src/stm32g4xx_hal_uart.o
 .text.HAL_UARTEx_DisableFifoMode
                0x08008606       0x72 ./Drivers/STM32G4xx_HAL_Driver/Src/stm32g4xx_hal_uart_ex.o
                0x08008606                HAL_UARTEx_DisableFifoMode
 .text.HAL_UARTEx_SetTxFifoThreshold
                0x08008678       0x7c ./Drivers/STM32G4xx_HAL_Driver/Src/stm32g4xx_hal_uart_ex.o
                0x08008678                HAL_UARTEx_SetTxFifoThreshold
 .text.HAL_UARTEx_SetRxFifoThreshold
                0x080086f4       0x7c ./Drivers/STM32G4xx_HAL_Driver/Src/stm32g4xx_hal_uart_ex.o
                0x080086f4                HAL_UARTEx_SetRxFifoThreshold
 .text.UARTEx_SetNbDataToProcess
                0x08008770       0x9c ./Drivers/STM32G4xx_HAL_Driver/Src/stm32g4xx_hal_uart_ex.o
 .text.__NVIC_SetPriority
                0x0800880c       0x54 ./Middlewares/Third_Party/FreeRTOS/Source/CMSIS_RTOS_V2/cmsis_os2.o
 .text.SysTick_Handler
                0x08008860       0x20 ./Middlewares/Third_Party/FreeRTOS/Source/CMSIS_RTOS_V2/cmsis_os2.o
                0x08008860                SysTick_Handler
 .text.SVC_Setup
                0x08008880       0x12 ./Middlewares/Third_Party/FreeRTOS/Source/CMSIS_RTOS_V2/cmsis_os2.o
 *fill*         0x08008892        0x2 
 .text.osKernelInitialize
                0x08008894       0x48 ./Middlewares/Third_Party/FreeRTOS/Source/CMSIS_RTOS_V2/cmsis_os2.o
                0x08008894                osKernelInitialize
 .text.osKernelStart
                0x080088dc       0x4c ./Middlewares/Third_Party/FreeRTOS/Source/CMSIS_RTOS_V2/cmsis_os2.o
                0x080088dc                osKernelStart
 .text.osKernelGetTickCount
                0x08008928       0x2a ./Middlewares/Third_Party/FreeRTOS/Source/CMSIS_RTOS_V2/cmsis_os2.o
                0x08008928                osKernelGetTickCount
 .text.osThreadNew
                0x08008952      0x124 ./Middlewares/Third_Party/FreeRTOS/Source/CMSIS_RTOS_V2/cmsis_os2.o
                0x08008952                osThreadNew
 .text.osDelay  0x08008a76       0x36 ./Middlewares/Third_Party/FreeRTOS/Source/CMSIS_RTOS_V2/cmsis_os2.o
                0x08008a76                osDelay
 .text.vApplicationGetIdleTaskMemory
                0x08008aac       0x34 ./Middlewares/Third_Party/FreeRTOS/Source/CMSIS_RTOS_V2/cmsis_os2.o
                0x08008aac                vApplicationGetIdleTaskMemory
 .text.vApplicationGetTimerTaskMemory
                0x08008ae0       0x34 ./Middlewares/Third_Party/FreeRTOS/Source/CMSIS_RTOS_V2/cmsis_os2.o
                0x08008ae0                vApplicationGetTimerTaskMemory
 .text.vListInitialise
                0x08008b14       0x40 ./Middlewares/Third_Party/FreeRTOS/Source/list.o
                0x08008b14                vListInitialise
 .text.vListInitialiseItem
                0x08008b54       0x1a ./Middlewares/Third_Party/FreeRTOS/Source/list.o
                0x08008b54                vListInitialiseItem
 .text.vListInsertEnd
                0x08008b6e       0x48 ./Middlewares/Third_Party/FreeRTOS/Source/list.o
                0x08008b6e                vListInsertEnd
 .text.vListInsert
                0x08008bb6       0x72 ./Middlewares/Third_Party/FreeRTOS/Source/list.o
                0x08008bb6                vListInsert
 .text.uxListRemove
                0x08008c28       0x54 ./Middlewares/Third_Party/FreeRTOS/Source/list.o
                0x08008c28                uxListRemove
 .text.xQueueGenericReset
                0x08008c7c       0xb8 ./Middlewares/Third_Party/FreeRTOS/Source/queue.o
                0x08008c7c                xQueueGenericReset
 .text.xQueueGenericCreateStatic
                0x08008d34       0xfa ./Middlewares/Third_Party/FreeRTOS/Source/queue.o
                0x08008d34                xQueueGenericCreateStatic
 .text.prvInitialiseNewQueue
                0x08008e2e       0x46 ./Middlewares/Third_Party/FreeRTOS/Source/queue.o
 .text.xQueueGenericSend
                0x08008e74      0x1d4 ./Middlewares/Third_Party/FreeRTOS/Source/queue.o
                0x08008e74                xQueueGenericSend
 .text.xQueueGenericSendFromISR
                0x08009048      0x13c ./Middlewares/Third_Party/FreeRTOS/Source/queue.o
                0x08009048                xQueueGenericSendFromISR
 .text.xQueueReceive
                0x08009184      0x1b0 ./Middlewares/Third_Party/FreeRTOS/Source/queue.o
                0x08009184                xQueueReceive
 .text.prvCopyDataToQueue
                0x08009334       0xd4 ./Middlewares/Third_Party/FreeRTOS/Source/queue.o
 .text.prvCopyDataFromQueue
                0x08009408       0x4c ./Middlewares/Third_Party/FreeRTOS/Source/queue.o
 .text.prvUnlockQueue
                0x08009454       0xa4 ./Middlewares/Third_Party/FreeRTOS/Source/queue.o
 .text.prvIsQueueEmpty
                0x080094f8       0x2c ./Middlewares/Third_Party/FreeRTOS/Source/queue.o
 .text.prvIsQueueFull
                0x08009524       0x30 ./Middlewares/Third_Party/FreeRTOS/Source/queue.o
 .text.vQueueAddToRegistry
                0x08009554       0x54 ./Middlewares/Third_Party/FreeRTOS/Source/queue.o
                0x08009554                vQueueAddToRegistry
 .text.vQueueWaitForMessageRestricted
                0x080095a8       0x68 ./Middlewares/Third_Party/FreeRTOS/Source/queue.o
                0x080095a8                vQueueWaitForMessageRestricted
 .text.xTaskCreateStatic
                0x08009610       0xc0 ./Middlewares/Third_Party/FreeRTOS/Source/tasks.o
                0x08009610                xTaskCreateStatic
 .text.xTaskCreate
                0x080096d0       0x8a ./Middlewares/Third_Party/FreeRTOS/Source/tasks.o
                0x080096d0                xTaskCreate
 *fill*         0x0800975a        0x2 
 .text.prvInitialiseNewTask
                0x0800975c      0x150 ./Middlewares/Third_Party/FreeRTOS/Source/tasks.o
 .text.prvAddNewTaskToReadyList
                0x080098ac       0xc0 ./Middlewares/Third_Party/FreeRTOS/Source/tasks.o
 .text.vTaskDelay
                0x0800996c       0x6c ./Middlewares/Third_Party/FreeRTOS/Source/tasks.o
                0x0800996c                vTaskDelay
 .text.vTaskStartScheduler
                0x080099d8       0xe0 ./Middlewares/Third_Party/FreeRTOS/Source/tasks.o
                0x080099d8                vTaskStartScheduler
 .text.vTaskSuspendAll
                0x08009ab8       0x1c ./Middlewares/Third_Party/FreeRTOS/Source/tasks.o
                0x08009ab8                vTaskSuspendAll
 .text.xTaskResumeAll
                0x08009ad4      0x120 ./Middlewares/Third_Party/FreeRTOS/Source/tasks.o
                0x08009ad4                xTaskResumeAll
 .text.xTaskGetTickCount
                0x08009bf4       0x20 ./Middlewares/Third_Party/FreeRTOS/Source/tasks.o
                0x08009bf4                xTaskGetTickCount
 .text.xTaskGetTickCountFromISR
                0x08009c14       0x24 ./Middlewares/Third_Party/FreeRTOS/Source/tasks.o
                0x08009c14                xTaskGetTickCountFromISR
 .text.xTaskIncrementTick
                0x08009c38      0x130 ./Middlewares/Third_Party/FreeRTOS/Source/tasks.o
                0x08009c38                xTaskIncrementTick
 .text.vTaskSwitchContext
                0x08009d68       0xcc ./Middlewares/Third_Party/FreeRTOS/Source/tasks.o
                0x08009d68                vTaskSwitchContext
 .text.vTaskPlaceOnEventList
                0x08009e34       0x4c ./Middlewares/Third_Party/FreeRTOS/Source/tasks.o
                0x08009e34                vTaskPlaceOnEventList
 .text.vTaskPlaceOnEventListRestricted
                0x08009e80       0x58 ./Middlewares/Third_Party/FreeRTOS/Source/tasks.o
                0x08009e80                vTaskPlaceOnEventListRestricted
 .text.xTaskRemoveFromEventList
                0x08009ed8       0xc8 ./Middlewares/Third_Party/FreeRTOS/Source/tasks.o
                0x08009ed8                xTaskRemoveFromEventList
 .text.vTaskInternalSetTimeOutState
                0x08009fa0       0x2c ./Middlewares/Third_Party/FreeRTOS/Source/tasks.o
                0x08009fa0                vTaskInternalSetTimeOutState
 .text.xTaskCheckForTimeOut
                0x08009fcc       0xc8 ./Middlewares/Third_Party/FreeRTOS/Source/tasks.o
                0x08009fcc                xTaskCheckForTimeOut
 .text.vTaskMissedYield
                0x0800a094       0x18 ./Middlewares/Third_Party/FreeRTOS/Source/tasks.o
                0x0800a094                vTaskMissedYield
 .text.prvIdleTask
                0x0800a0ac       0x24 ./Middlewares/Third_Party/FreeRTOS/Source/tasks.o
 .text.prvInitialiseTaskLists
                0x0800a0d0       0x80 ./Middlewares/Third_Party/FreeRTOS/Source/tasks.o
 .text.prvCheckTasksWaitingTermination
                0x0800a150       0x5c ./Middlewares/Third_Party/FreeRTOS/Source/tasks.o
 .text.prvDeleteTCB
                0x0800a1ac       0x6a ./Middlewares/Third_Party/FreeRTOS/Source/tasks.o
 *fill*         0x0800a216        0x2 
 .text.prvResetNextTaskUnblockTime
                0x0800a218       0x40 ./Middlewares/Third_Party/FreeRTOS/Source/tasks.o
 .text.xTaskGetSchedulerState
                0x0800a258       0x3c ./Middlewares/Third_Party/FreeRTOS/Source/tasks.o
                0x0800a258                xTaskGetSchedulerState
 .text.xTaskPriorityDisinherit
                0x0800a294       0xe0 ./Middlewares/Third_Party/FreeRTOS/Source/tasks.o
                0x0800a294                xTaskPriorityDisinherit
 .text.prvAddCurrentTaskToDelayedList
                0x0800a374       0xa8 ./Middlewares/Third_Party/FreeRTOS/Source/tasks.o
 .text.xTimerCreateTimerTask
                0x0800a41c       0x94 ./Middlewares/Third_Party/FreeRTOS/Source/timers.o
                0x0800a41c                xTimerCreateTimerTask
 .text.xTimerGenericCommand
                0x0800a4b0       0x9c ./Middlewares/Third_Party/FreeRTOS/Source/timers.o
                0x0800a4b0                xTimerGenericCommand
 .text.prvProcessExpiredTimer
                0x0800a54c       0x9c ./Middlewares/Third_Party/FreeRTOS/Source/timers.o
 .text.prvTimerTask
                0x0800a5e8       0x26 ./Middlewares/Third_Party/FreeRTOS/Source/timers.o
 *fill*         0x0800a60e        0x2 
 .text.prvProcessTimerOrBlockTask
                0x0800a610       0x9c ./Middlewares/Third_Party/FreeRTOS/Source/timers.o
 .text.prvGetNextExpireTime
                0x0800a6ac       0x48 ./Middlewares/Third_Party/FreeRTOS/Source/timers.o
 .text.prvSampleTimeNow
                0x0800a6f4       0x40 ./Middlewares/Third_Party/FreeRTOS/Source/timers.o
 .text.prvInsertTimerInActiveList
                0x0800a734       0x84 ./Middlewares/Third_Party/FreeRTOS/Source/timers.o
 .text.prvProcessReceivedCommands
                0x0800a7b8      0x1cc ./Middlewares/Third_Party/FreeRTOS/Source/timers.o
 .text.prvSwitchTimerLists
                0x0800a984       0xcc ./Middlewares/Third_Party/FreeRTOS/Source/timers.o
 .text.prvCheckForValidListAndQueue
                0x0800aa50       0x80 ./Middlewares/Third_Party/FreeRTOS/Source/timers.o
 .text.pxPortInitialiseStack
                0x0800aad0       0x68 ./Middlewares/Third_Party/FreeRTOS/Source/portable/GCC/ARM_CM4F/port.o
                0x0800aad0                pxPortInitialiseStack
 .text.prvTaskExitError
                0x0800ab38       0x5c ./Middlewares/Third_Party/FreeRTOS/Source/portable/GCC/ARM_CM4F/port.o
 *fill*         0x0800ab94        0xc 
 .text.SVC_Handler
                0x0800aba0       0x28 ./Middlewares/Third_Party/FreeRTOS/Source/portable/GCC/ARM_CM4F/port.o
                0x0800aba0                SVC_Handler
 .text.prvPortStartFirstTask
                0x0800abc8       0x28 ./Middlewares/Third_Party/FreeRTOS/Source/portable/GCC/ARM_CM4F/port.o
 .text.xPortStartScheduler
                0x0800abf0      0x148 ./Middlewares/Third_Party/FreeRTOS/Source/portable/GCC/ARM_CM4F/port.o
                0x0800abf0                xPortStartScheduler
 .text.vPortEnterCritical
                0x0800ad38       0x64 ./Middlewares/Third_Party/FreeRTOS/Source/portable/GCC/ARM_CM4F/port.o
                0x0800ad38                vPortEnterCritical
 .text.vPortExitCritical
                0x0800ad9c       0x54 ./Middlewares/Third_Party/FreeRTOS/Source/portable/GCC/ARM_CM4F/port.o
                0x0800ad9c                vPortExitCritical
 .text.PendSV_Handler
                0x0800adf0       0x68 ./Middlewares/Third_Party/FreeRTOS/Source/portable/GCC/ARM_CM4F/port.o
                0x0800adf0                PendSV_Handler
 .text.xPortSysTickHandler
                0x0800ae58       0x44 ./Middlewares/Third_Party/FreeRTOS/Source/portable/GCC/ARM_CM4F/port.o
                0x0800ae58                xPortSysTickHandler
 .text.vPortSetupTimerInterrupt
                0x0800ae9c       0x48 ./Middlewares/Third_Party/FreeRTOS/Source/portable/GCC/ARM_CM4F/port.o
                0x0800ae9c                vPortSetupTimerInterrupt
 .text.vPortEnableVFP
                0x0800aee4       0x14 ./Middlewares/Third_Party/FreeRTOS/Source/portable/GCC/ARM_CM4F/port.o
 .text.vPortValidateInterruptPriority
                0x0800aef8       0x84 ./Middlewares/Third_Party/FreeRTOS/Source/portable/GCC/ARM_CM4F/port.o
                0x0800aef8                vPortValidateInterruptPriority
 .text.pvPortMalloc
                0x0800af7c      0x19c ./Middlewares/Third_Party/FreeRTOS/Source/portable/MemMang/heap_4.o
                0x0800af7c                pvPortMalloc
 .text.vPortFree
                0x0800b118       0xc8 ./Middlewares/Third_Party/FreeRTOS/Source/portable/MemMang/heap_4.o
                0x0800b118                vPortFree
 .text.prvHeapInit
                0x0800b1e0       0xc4 ./Middlewares/Third_Party/FreeRTOS/Source/portable/MemMang/heap_4.o
 .text.prvInsertBlockIntoFreeList
                0x0800b2a4       0xb4 ./Middlewares/Third_Party/FreeRTOS/Source/portable/MemMang/heap_4.o
 .text.memset   0x0800b358       0x10 C:/Users/guido/Desktop/Sistemi embedded/STM32CubeIDE_1.14.1/STM32CubeIDE/plugins/com.st.stm32cube.ide.mcu.externaltools.gnu-tools-for-stm32.12.3.rel1.win32_1.1.0.202410251130/tools/bin/../lib/gcc/arm-none-eabi/12.3.1/../../../../arm-none-eabi/lib/thumb/v7e-m+fp/hard\libc_nano.a(libc_a-memset.o)
                0x0800b358                memset
 .text._reclaim_reent
                0x0800b368       0xac C:/Users/guido/Desktop/Sistemi embedded/STM32CubeIDE_1.14.1/STM32CubeIDE/plugins/com.st.stm32cube.ide.mcu.externaltools.gnu-tools-for-stm32.12.3.rel1.win32_1.1.0.202410251130/tools/bin/../lib/gcc/arm-none-eabi/12.3.1/../../../../arm-none-eabi/lib/thumb/v7e-m+fp/hard\libc_nano.a(libc_a-reent.o)
                0x0800b368                _reclaim_reent
 .text.__libc_init_array
                0x0800b414       0x48 C:/Users/guido/Desktop/Sistemi embedded/STM32CubeIDE_1.14.1/STM32CubeIDE/plugins/com.st.stm32cube.ide.mcu.externaltools.gnu-tools-for-stm32.12.3.rel1.win32_1.1.0.202410251130/tools/bin/../lib/gcc/arm-none-eabi/12.3.1/../../../../arm-none-eabi/lib/thumb/v7e-m+fp/hard\libc_nano.a(libc_a-init.o)
                0x0800b414                __libc_init_array
 .text.__retarget_lock_acquire_recursive
                0x0800b45c        0x2 C:/Users/guido/Desktop/Sistemi embedded/STM32CubeIDE_1.14.1/STM32CubeIDE/plugins/com.st.stm32cube.ide.mcu.externaltools.gnu-tools-for-stm32.12.3.rel1.win32_1.1.0.202410251130/tools/bin/../lib/gcc/arm-none-eabi/12.3.1/../../../../arm-none-eabi/lib/thumb/v7e-m+fp/hard\libc_nano.a(libc_a-lock.o)
                0x0800b45c                __retarget_lock_acquire_recursive
 .text.__retarget_lock_release_recursive
                0x0800b45e        0x2 C:/Users/guido/Desktop/Sistemi embedded/STM32CubeIDE_1.14.1/STM32CubeIDE/plugins/com.st.stm32cube.ide.mcu.externaltools.gnu-tools-for-stm32.12.3.rel1.win32_1.1.0.202410251130/tools/bin/../lib/gcc/arm-none-eabi/12.3.1/../../../../arm-none-eabi/lib/thumb/v7e-m+fp/hard\libc_nano.a(libc_a-lock.o)
                0x0800b45e                __retarget_lock_release_recursive
 .text.memcpy   0x0800b460       0x1c C:/Users/guido/Desktop/Sistemi embedded/STM32CubeIDE_1.14.1/STM32CubeIDE/plugins/com.st.stm32cube.ide.mcu.externaltools.gnu-tools-for-stm32.12.3.rel1.win32_1.1.0.202410251130/tools/bin/../lib/gcc/arm-none-eabi/12.3.1/../../../../arm-none-eabi/lib/thumb/v7e-m+fp/hard\libc_nano.a(libc_a-memcpy-stub.o)
                0x0800b460                memcpy
 .text._free_r  0x0800b47c       0x94 C:/Users/guido/Desktop/Sistemi embedded/STM32CubeIDE_1.14.1/STM32CubeIDE/plugins/com.st.stm32cube.ide.mcu.externaltools.gnu-tools-for-stm32.12.3.rel1.win32_1.1.0.202410251130/tools/bin/../lib/gcc/arm-none-eabi/12.3.1/../../../../arm-none-eabi/lib/thumb/v7e-m+fp/hard\libc_nano.a(libc_a-freer.o)
                0x0800b47c                _free_r
 .text.__malloc_lock
                0x0800b510        0xc C:/Users/guido/Desktop/Sistemi embedded/STM32CubeIDE_1.14.1/STM32CubeIDE/plugins/com.st.stm32cube.ide.mcu.externaltools.gnu-tools-for-stm32.12.3.rel1.win32_1.1.0.202410251130/tools/bin/../lib/gcc/arm-none-eabi/12.3.1/../../../../arm-none-eabi/lib/thumb/v7e-m+fp/hard\libc_nano.a(libc_a-mlock.o)
                0x0800b510                __malloc_lock
 .text.__malloc_unlock
                0x0800b51c        0xc C:/Users/guido/Desktop/Sistemi embedded/STM32CubeIDE_1.14.1/STM32CubeIDE/plugins/com.st.stm32cube.ide.mcu.externaltools.gnu-tools-for-stm32.12.3.rel1.win32_1.1.0.202410251130/tools/bin/../lib/gcc/arm-none-eabi/12.3.1/../../../../arm-none-eabi/lib/thumb/v7e-m+fp/hard\libc_nano.a(libc_a-mlock.o)
                0x0800b51c                __malloc_unlock
 *(.glue_7)
 .glue_7        0x0800b528        0x0 linker stubs
 *(.glue_7t)
 .glue_7t       0x0800b528        0x0 linker stubs
 *(.eh_frame)
 .eh_frame      0x0800b528        0x0 C:/Users/guido/Desktop/Sistemi embedded/STM32CubeIDE_1.14.1/STM32CubeIDE/plugins/com.st.stm32cube.ide.mcu.externaltools.gnu-tools-for-stm32.12.3.rel1.win32_1.1.0.202410251130/tools/bin/../lib/gcc/arm-none-eabi/12.3.1/thumb/v7e-m+fp/hard/crtbegin.o
 *(.init)
 .init          0x0800b528        0x4 C:/Users/guido/Desktop/Sistemi embedded/STM32CubeIDE_1.14.1/STM32CubeIDE/plugins/com.st.stm32cube.ide.mcu.externaltools.gnu-tools-for-stm32.12.3.rel1.win32_1.1.0.202410251130/tools/bin/../lib/gcc/arm-none-eabi/12.3.1/thumb/v7e-m+fp/hard/crti.o
                0x0800b528                _init
 .init          0x0800b52c        0x8 C:/Users/guido/Desktop/Sistemi embedded/STM32CubeIDE_1.14.1/STM32CubeIDE/plugins/com.st.stm32cube.ide.mcu.externaltools.gnu-tools-for-stm32.12.3.rel1.win32_1.1.0.202410251130/tools/bin/../lib/gcc/arm-none-eabi/12.3.1/thumb/v7e-m+fp/hard/crtn.o
 *(.fini)
 .fini          0x0800b534        0x4 C:/Users/guido/Desktop/Sistemi embedded/STM32CubeIDE_1.14.1/STM32CubeIDE/plugins/com.st.stm32cube.ide.mcu.externaltools.gnu-tools-for-stm32.12.3.rel1.win32_1.1.0.202410251130/tools/bin/../lib/gcc/arm-none-eabi/12.3.1/thumb/v7e-m+fp/hard/crti.o
                0x0800b534                _fini
 .fini          0x0800b538        0x8 C:/Users/guido/Desktop/Sistemi embedded/STM32CubeIDE_1.14.1/STM32CubeIDE/plugins/com.st.stm32cube.ide.mcu.externaltools.gnu-tools-for-stm32.12.3.rel1.win32_1.1.0.202410251130/tools/bin/../lib/gcc/arm-none-eabi/12.3.1/thumb/v7e-m+fp/hard/crtn.o
                0x0800b540                        . = ALIGN (0x4)
                0x0800b540                        _etext = .

.vfp11_veneer   0x0800b540        0x0
 .vfp11_veneer  0x0800b540        0x0 linker stubs

.v4_bx          0x0800b540        0x0
 .v4_bx         0x0800b540        0x0 linker stubs

.iplt           0x0800b540        0x0
 .iplt          0x0800b540        0x0 C:/Users/guido/Desktop/Sistemi embedded/STM32CubeIDE_1.14.1/STM32CubeIDE/plugins/com.st.stm32cube.ide.mcu.externaltools.gnu-tools-for-stm32.12.3.rel1.win32_1.1.0.202410251130/tools/bin/../lib/gcc/arm-none-eabi/12.3.1/thumb/v7e-m+fp/hard/crtbegin.o

.rodata         0x0800b540      0x124
                0x0800b540                        . = ALIGN (0x4)
 *(.rodata)
 .rodata        0x0800b540       0x3a ./Core/Src/app_freertos.o
 *fill*         0x0800b57a        0x2 
 .rodata        0x0800b57c        0x5 ./Middlewares/Third_Party/FreeRTOS/Source/tasks.o
 *fill*         0x0800b581        0x3 
 .rodata        0x0800b584        0xd ./Middlewares/Third_Party/FreeRTOS/Source/timers.o
 *(.rodata*)
 *fill*         0x0800b591        0x3 
 .rodata.ReadingTask_attributes
                0x0800b594       0x24 ./Core/Src/app_freertos.o
                0x0800b594                ReadingTask_attributes
 .rodata.CommunicationTa_attributes
                0x0800b5b8       0x24 ./Core/Src/app_freertos.o
                0x0800b5b8                CommunicationTa_attributes
 .rodata.ActuationTask_attributes
                0x0800b5dc       0x24 ./Core/Src/app_freertos.o
                0x0800b5dc                ActuationTask_attributes
 .rodata.EmergencyTask_attributes
                0x0800b600       0x24 ./Core/Src/app_freertos.o
                0x0800b600                EmergencyTask_attributes
 .rodata.AHBPrescTable
                0x0800b624       0x10 ./Core/Src/system_stm32g4xx.o
                0x0800b624                AHBPrescTable
 .rodata.APBPrescTable
                0x0800b634        0x8 ./Core/Src/system_stm32g4xx.o
                0x0800b634                APBPrescTable
 .rodata.UARTPrescTable
                0x0800b63c       0x18 ./Drivers/STM32G4xx_HAL_Driver/Src/stm32g4xx_hal_uart.o
                0x0800b63c                UARTPrescTable
 .rodata.numerator.1
                0x0800b654        0x8 ./Drivers/STM32G4xx_HAL_Driver/Src/stm32g4xx_hal_uart_ex.o
 .rodata.denominator.0
                0x0800b65c        0x8 ./Drivers/STM32G4xx_HAL_Driver/Src/stm32g4xx_hal_uart_ex.o
                0x0800b664                        . = ALIGN (0x4)

.ARM.extab      0x0800b664        0x0
                0x0800b664                        . = ALIGN (0x4)
 *(.ARM.extab* .gnu.linkonce.armextab.*)
                0x0800b664                        . = ALIGN (0x4)

.ARM            0x0800b664        0x8
                0x0800b664                        . = ALIGN (0x4)
                0x0800b664                        __exidx_start = .
 *(.ARM.exidx*)
 .ARM.exidx     0x0800b664        0x8 C:/Users/guido/Desktop/Sistemi embedded/STM32CubeIDE_1.14.1/STM32CubeIDE/plugins/com.st.stm32cube.ide.mcu.externaltools.gnu-tools-for-stm32.12.3.rel1.win32_1.1.0.202410251130/tools/bin/../lib/gcc/arm-none-eabi/12.3.1/thumb/v7e-m+fp/hard\libgcc.a(_udivmoddi4.o)
                0x0800b66c                        __exidx_end = .
                0x0800b66c                        . = ALIGN (0x4)

.preinit_array  0x0800b66c        0x0
                0x0800b66c                        . = ALIGN (0x4)
                0x0800b66c                        PROVIDE (__preinit_array_start = .)
 *(.preinit_array*)
                0x0800b66c                        PROVIDE (__preinit_array_end = .)
                0x0800b66c                        . = ALIGN (0x4)

.init_array     0x0800b66c        0x4
                0x0800b66c                        . = ALIGN (0x4)
                0x0800b66c                        PROVIDE (__init_array_start = .)
 *(SORT_BY_NAME(.init_array.*))
 *(.init_array*)
 .init_array    0x0800b66c        0x4 C:/Users/guido/Desktop/Sistemi embedded/STM32CubeIDE_1.14.1/STM32CubeIDE/plugins/com.st.stm32cube.ide.mcu.externaltools.gnu-tools-for-stm32.12.3.rel1.win32_1.1.0.202410251130/tools/bin/../lib/gcc/arm-none-eabi/12.3.1/thumb/v7e-m+fp/hard/crtbegin.o
                0x0800b670                        PROVIDE (__init_array_end = .)
                0x0800b670                        . = ALIGN (0x4)

.fini_array     0x0800b670        0x4
                0x0800b670                        . = ALIGN (0x4)
                [!provide]                        PROVIDE (__fini_array_start = .)
 *(SORT_BY_NAME(.fini_array.*))
 *(.fini_array*)
 .fini_array    0x0800b670        0x4 C:/Users/guido/Desktop/Sistemi embedded/STM32CubeIDE_1.14.1/STM32CubeIDE/plugins/com.st.stm32cube.ide.mcu.externaltools.gnu-tools-for-stm32.12.3.rel1.win32_1.1.0.202410251130/tools/bin/../lib/gcc/arm-none-eabi/12.3.1/thumb/v7e-m+fp/hard/crtbegin.o
                [!provide]                        PROVIDE (__fini_array_end = .)
                0x0800b674                        . = ALIGN (0x4)
                0x0800b674                        _sidata = LOADADDR (.data)

.rel.dyn        0x0800b674        0x0
 .rel.iplt      0x0800b674        0x0 C:/Users/guido/Desktop/Sistemi embedded/STM32CubeIDE_1.14.1/STM32CubeIDE/plugins/com.st.stm32cube.ide.mcu.externaltools.gnu-tools-for-stm32.12.3.rel1.win32_1.1.0.202410251130/tools/bin/../lib/gcc/arm-none-eabi/12.3.1/thumb/v7e-m+fp/hard/crtbegin.o

.data           0x20000000       0x64 load address 0x0800b674
                0x20000000                        . = ALIGN (0x4)
                0x20000000                        _sdata = .
 *(.data)
 *(.data*)
 .data.state_boards
                0x20000000        0x1 ./Core/Src/app_freertos.o
                0x20000000                state_boards
 *fill*         0x20000001        0x3 
 .data.SystemCoreClock
                0x20000004        0x4 ./Core/Src/system_stm32g4xx.o
                0x20000004                SystemCoreClock
 .data.uwTickPrio
                0x20000008        0x4 ./Drivers/STM32G4xx_HAL_Driver/Src/stm32g4xx_hal.o
                0x20000008                uwTickPrio
 .data.uwTickFreq
                0x2000000c        0x4 ./Drivers/STM32G4xx_HAL_Driver/Src/stm32g4xx_hal.o
                0x2000000c                uwTickFreq
 .data.uxCriticalNesting
                0x20000010        0x4 ./Middlewares/Third_Party/FreeRTOS/Source/portable/GCC/ARM_CM4F/port.o
 .data._impure_ptr
                0x20000014        0x4 C:/Users/guido/Desktop/Sistemi embedded/STM32CubeIDE_1.14.1/STM32CubeIDE/plugins/com.st.stm32cube.ide.mcu.externaltools.gnu-tools-for-stm32.12.3.rel1.win32_1.1.0.202410251130/tools/bin/../lib/gcc/arm-none-eabi/12.3.1/../../../../arm-none-eabi/lib/thumb/v7e-m+fp/hard\libc_nano.a(libc_a-impure.o)
                0x20000014                _impure_ptr
 .data._impure_data
                0x20000018       0x4c C:/Users/guido/Desktop/Sistemi embedded/STM32CubeIDE_1.14.1/STM32CubeIDE/plugins/com.st.stm32cube.ide.mcu.externaltools.gnu-tools-for-stm32.12.3.rel1.win32_1.1.0.202410251130/tools/bin/../lib/gcc/arm-none-eabi/12.3.1/../../../../arm-none-eabi/lib/thumb/v7e-m+fp/hard\libc_nano.a(libc_a-impure.o)
                0x20000018                _impure_data
 *(.RamFunc)
 *(.RamFunc*)
                0x20000064                        . = ALIGN (0x4)
                0x20000064                        _edata = .

.igot.plt       0x20000064        0x0 load address 0x0800b6d8
 .igot.plt      0x20000064        0x0 C:/Users/guido/Desktop/Sistemi embedded/STM32CubeIDE_1.14.1/STM32CubeIDE/plugins/com.st.stm32cube.ide.mcu.externaltools.gnu-tools-for-stm32.12.3.rel1.win32_1.1.0.202410251130/tools/bin/../lib/gcc/arm-none-eabi/12.3.1/thumb/v7e-m+fp/hard/crtbegin.o
                0x20000064                        . = ALIGN (0x4)

.bss            0x20000068     0x20f8 load address 0x0800b6d8
                0x20000068                        _sbss = .
                0x20000068                        __bss_start__ = _sbss
 *(.bss)
 .bss           0x20000068       0x1c C:/Users/guido/Desktop/Sistemi embedded/STM32CubeIDE_1.14.1/STM32CubeIDE/plugins/com.st.stm32cube.ide.mcu.externaltools.gnu-tools-for-stm32.12.3.rel1.win32_1.1.0.202410251130/tools/bin/../lib/gcc/arm-none-eabi/12.3.1/thumb/v7e-m+fp/hard/crtbegin.o
 *(.bss*)
 .bss.hadc1     0x20000084       0x6c ./Core/Src/adc.o
                0x20000084                hadc1
 .bss.pid1      0x200000f0       0x30 ./Core/Src/app_freertos.o
                0x200000f0                pid1
 .bss.pid2      0x20000120       0x30 ./Core/Src/app_freertos.o
                0x20000120                pid2
 .bss.pid3      0x20000150       0x30 ./Core/Src/app_freertos.o
                0x20000150                pid3
 .bss.pid4      0x20000180       0x30 ./Core/Src/app_freertos.o
                0x20000180                pid4
 .bss.start_temp
                0x200001b0        0x2 ./Core/Src/app_freertos.o
                0x200001b0                start_temp
 *fill*         0x200001b2        0x2 
 .bss.timeout   0x200001b4        0x4 ./Core/Src/app_freertos.o
                0x200001b4                timeout
 .bss.buffer_receive
                0x200001b8       0x21 ./Core/Src/app_freertos.o
                0x200001b8                buffer_receive
 *fill*         0x200001d9        0x3 
 .bss.buffer_send
                0x200001dc       0x10 ./Core/Src/app_freertos.o
                0x200001dc                buffer_send
 .bss.data_slave
                0x200001ec       0x10 ./Core/Src/app_freertos.o
                0x200001ec                data_slave
 .bss.global_data
                0x200001fc       0x34 ./Core/Src/app_freertos.o
                0x200001fc                global_data
 .bss.final_decision
                0x20000230        0x1 ./Core/Src/app_freertos.o
                0x20000230                final_decision
 .bss.ledOn     0x20000231        0x1 ./Core/Src/app_freertos.o
                0x20000231                ledOn
 .bss.lastBtn   0x20000232        0x1 ./Core/Src/app_freertos.o
                0x20000232                lastBtn
 *fill*         0x20000233        0x1 
 .bss.ReadingTaskHandle
                0x20000234        0x4 ./Core/Src/app_freertos.o
                0x20000234                ReadingTaskHandle
 .bss.CommunicationTaHandle
                0x20000238        0x4 ./Core/Src/app_freertos.o
                0x20000238                CommunicationTaHandle
 .bss.ActuationTaskHandle
                0x2000023c        0x4 ./Core/Src/app_freertos.o
                0x2000023c                ActuationTaskHandle
 .bss.EmergencyTaskHandle
                0x20000240        0x4 ./Core/Src/app_freertos.o
                0x20000240                EmergencyTaskHandle
 .bss.hi2c2     0x20000244       0x54 ./Core/Src/i2c.o
                0x20000244                hi2c2
 .bss.hspi1     0x20000298       0x64 ./Core/Src/spi.o
                0x20000298                hspi1
 .bss.htim6     0x200002fc       0x4c ./Core/Src/stm32g4xx_hal_timebase_tim.o
                0x200002fc                htim6
 .bss.htim2     0x20000348       0x4c ./Core/Src/tim.o
                0x20000348                htim2
 .bss.htim3     0x20000394       0x4c ./Core/Src/tim.o
                0x20000394                htim3
 .bss.htim4     0x200003e0       0x4c ./Core/Src/tim.o
                0x200003e0                htim4
 .bss.htim5     0x2000042c       0x4c ./Core/Src/tim.o
                0x2000042c                htim5
 .bss.huart1    0x20000478       0x94 ./Core/Src/usart.o
                0x20000478                huart1
 .bss.huart2    0x2000050c       0x94 ./Core/Src/usart.o
                0x2000050c                huart2
 .bss.huart3    0x200005a0       0x94 ./Core/Src/usart.o
                0x200005a0                huart3
 .bss.uwTick    0x20000634        0x4 ./Drivers/STM32G4xx_HAL_Driver/Src/stm32g4xx_hal.o
                0x20000634                uwTick
 .bss.KernelState
                0x20000638        0x4 ./Middlewares/Third_Party/FreeRTOS/Source/CMSIS_RTOS_V2/cmsis_os2.o
 .bss.Idle_TCB.3
                0x2000063c       0xa8 ./Middlewares/Third_Party/FreeRTOS/Source/CMSIS_RTOS_V2/cmsis_os2.o
 .bss.Idle_Stack.2
                0x200006e4      0x200 ./Middlewares/Third_Party/FreeRTOS/Source/CMSIS_RTOS_V2/cmsis_os2.o
 .bss.Timer_TCB.1
                0x200008e4       0xa8 ./Middlewares/Third_Party/FreeRTOS/Source/CMSIS_RTOS_V2/cmsis_os2.o
 .bss.Timer_Stack.0
                0x2000098c      0x400 ./Middlewares/Third_Party/FreeRTOS/Source/CMSIS_RTOS_V2/cmsis_os2.o
 .bss.xQueueRegistry
                0x20000d8c       0x40 ./Middlewares/Third_Party/FreeRTOS/Source/queue.o
                0x20000d8c                xQueueRegistry
 .bss.pxCurrentTCB
                0x20000dcc        0x4 ./Middlewares/Third_Party/FreeRTOS/Source/tasks.o
                0x20000dcc                pxCurrentTCB
 .bss.pxReadyTasksLists
                0x20000dd0      0x460 ./Middlewares/Third_Party/FreeRTOS/Source/tasks.o
 .bss.xDelayedTaskList1
                0x20001230       0x14 ./Middlewares/Third_Party/FreeRTOS/Source/tasks.o
 .bss.xDelayedTaskList2
                0x20001244       0x14 ./Middlewares/Third_Party/FreeRTOS/Source/tasks.o
 .bss.pxDelayedTaskList
                0x20001258        0x4 ./Middlewares/Third_Party/FreeRTOS/Source/tasks.o
 .bss.pxOverflowDelayedTaskList
                0x2000125c        0x4 ./Middlewares/Third_Party/FreeRTOS/Source/tasks.o
 .bss.xPendingReadyList
                0x20001260       0x14 ./Middlewares/Third_Party/FreeRTOS/Source/tasks.o
 .bss.xTasksWaitingTermination
                0x20001274       0x14 ./Middlewares/Third_Party/FreeRTOS/Source/tasks.o
 .bss.uxDeletedTasksWaitingCleanUp
                0x20001288        0x4 ./Middlewares/Third_Party/FreeRTOS/Source/tasks.o
 .bss.xSuspendedTaskList
                0x2000128c       0x14 ./Middlewares/Third_Party/FreeRTOS/Source/tasks.o
 .bss.uxCurrentNumberOfTasks
                0x200012a0        0x4 ./Middlewares/Third_Party/FreeRTOS/Source/tasks.o
 .bss.xTickCount
                0x200012a4        0x4 ./Middlewares/Third_Party/FreeRTOS/Source/tasks.o
 .bss.uxTopReadyPriority
                0x200012a8        0x4 ./Middlewares/Third_Party/FreeRTOS/Source/tasks.o
 .bss.xSchedulerRunning
                0x200012ac        0x4 ./Middlewares/Third_Party/FreeRTOS/Source/tasks.o
 .bss.xPendedTicks
                0x200012b0        0x4 ./Middlewares/Third_Party/FreeRTOS/Source/tasks.o
 .bss.xYieldPending
                0x200012b4        0x4 ./Middlewares/Third_Party/FreeRTOS/Source/tasks.o
 .bss.xNumOfOverflows
                0x200012b8        0x4 ./Middlewares/Third_Party/FreeRTOS/Source/tasks.o
 .bss.uxTaskNumber
                0x200012bc        0x4 ./Middlewares/Third_Party/FreeRTOS/Source/tasks.o
 .bss.xNextTaskUnblockTime
                0x200012c0        0x4 ./Middlewares/Third_Party/FreeRTOS/Source/tasks.o
 .bss.xIdleTaskHandle
                0x200012c4        0x4 ./Middlewares/Third_Party/FreeRTOS/Source/tasks.o
 .bss.uxSchedulerSuspended
                0x200012c8        0x4 ./Middlewares/Third_Party/FreeRTOS/Source/tasks.o
 .bss.xActiveTimerList1
                0x200012cc       0x14 ./Middlewares/Third_Party/FreeRTOS/Source/timers.o
 .bss.xActiveTimerList2
                0x200012e0       0x14 ./Middlewares/Third_Party/FreeRTOS/Source/timers.o
 .bss.pxCurrentTimerList
                0x200012f4        0x4 ./Middlewares/Third_Party/FreeRTOS/Source/timers.o
 .bss.pxOverflowTimerList
                0x200012f8        0x4 ./Middlewares/Third_Party/FreeRTOS/Source/timers.o
 .bss.xTimerQueue
                0x200012fc        0x4 ./Middlewares/Third_Party/FreeRTOS/Source/timers.o
 .bss.xTimerTaskHandle
                0x20001300        0x4 ./Middlewares/Third_Party/FreeRTOS/Source/timers.o
 .bss.xLastTime.2
                0x20001304        0x4 ./Middlewares/Third_Party/FreeRTOS/Source/timers.o
 .bss.ucStaticTimerQueueStorage.1
                0x20001308       0xa0 ./Middlewares/Third_Party/FreeRTOS/Source/timers.o
 .bss.xStaticTimerQueue.0
                0x200013a8       0x50 ./Middlewares/Third_Party/FreeRTOS/Source/timers.o
 .bss.ucMaxSysCallPriority
                0x200013f8        0x1 ./Middlewares/Third_Party/FreeRTOS/Source/portable/GCC/ARM_CM4F/port.o
 *fill*         0x200013f9        0x3 
 .bss.ulMaxPRIGROUPValue
                0x200013fc        0x4 ./Middlewares/Third_Party/FreeRTOS/Source/portable/GCC/ARM_CM4F/port.o
 .bss.ucHeap    0x20001400      0xc00 ./Middlewares/Third_Party/FreeRTOS/Source/portable/MemMang/heap_4.o
 .bss.xStart    0x20002000        0x8 ./Middlewares/Third_Party/FreeRTOS/Source/portable/MemMang/heap_4.o
 .bss.pxEnd     0x20002008        0x4 ./Middlewares/Third_Party/FreeRTOS/Source/portable/MemMang/heap_4.o
 .bss.xFreeBytesRemaining
                0x2000200c        0x4 ./Middlewares/Third_Party/FreeRTOS/Source/portable/MemMang/heap_4.o
 .bss.xMinimumEverFreeBytesRemaining
                0x20002010        0x4 ./Middlewares/Third_Party/FreeRTOS/Source/portable/MemMang/heap_4.o
 .bss.xNumberOfSuccessfulAllocations
                0x20002014        0x4 ./Middlewares/Third_Party/FreeRTOS/Source/portable/MemMang/heap_4.o
 .bss.xNumberOfSuccessfulFrees
                0x20002018        0x4 ./Middlewares/Third_Party/FreeRTOS/Source/portable/MemMang/heap_4.o
 .bss.xBlockAllocatedBit
                0x2000201c        0x4 ./Middlewares/Third_Party/FreeRTOS/Source/portable/MemMang/heap_4.o
 .bss.__sf      0x20002020      0x138 C:/Users/guido/Desktop/Sistemi embedded/STM32CubeIDE_1.14.1/STM32CubeIDE/plugins/com.st.stm32cube.ide.mcu.externaltools.gnu-tools-for-stm32.12.3.rel1.win32_1.1.0.202410251130/tools/bin/../lib/gcc/arm-none-eabi/12.3.1/../../../../arm-none-eabi/lib/thumb/v7e-m+fp/hard\libc_nano.a(libc_a-findfp.o)
                0x20002020                __sf
 .bss.__lock___malloc_recursive_mutex
                0x20002158        0x1 C:/Users/guido/Desktop/Sistemi embedded/STM32CubeIDE_1.14.1/STM32CubeIDE/plugins/com.st.stm32cube.ide.mcu.externaltools.gnu-tools-for-stm32.12.3.rel1.win32_1.1.0.202410251130/tools/bin/../lib/gcc/arm-none-eabi/12.3.1/../../../../arm-none-eabi/lib/thumb/v7e-m+fp/hard\libc_nano.a(libc_a-lock.o)
                0x20002158                __lock___malloc_recursive_mutex
 *fill*         0x20002159        0x3 
 .bss.__malloc_free_list
                0x2000215c        0x4 C:/Users/guido/Desktop/Sistemi embedded/STM32CubeIDE_1.14.1/STM32CubeIDE/plugins/com.st.stm32cube.ide.mcu.externaltools.gnu-tools-for-stm32.12.3.rel1.win32_1.1.0.202410251130/tools/bin/../lib/gcc/arm-none-eabi/12.3.1/../../../../arm-none-eabi/lib/thumb/v7e-m+fp/hard\libc_nano.a(libc_a-mallocr.o)
                0x2000215c                __malloc_free_list
 *(COMMON)
                0x20002160                        . = ALIGN (0x4)
                0x20002160                        _ebss = .
                0x20002160                        __bss_end__ = _ebss

._user_heap_stack
                0x20002160      0x600 load address 0x0800b6d8
                0x20002160                        . = ALIGN (0x8)
                [!provide]                        PROVIDE (end = .)
                0x20002160                        PROVIDE (_end = .)
                0x20002360                        . = (. + _Min_Heap_Size)
 *fill*         0x20002160      0x200 
                0x20002760                        . = (. + _Min_Stack_Size)
 *fill*         0x20002360      0x400 
                0x20002760                        . = ALIGN (0x8)

/DISCARD/
 libc.a(*)
 libm.a(*)
 libgcc.a(*)

.ARM.attributes
                0x00000000       0x30
 *(.ARM.attributes)
 .ARM.attributes
                0x00000000       0x22 C:/Users/guido/Desktop/Sistemi embedded/STM32CubeIDE_1.14.1/STM32CubeIDE/plugins/com.st.stm32cube.ide.mcu.externaltools.gnu-tools-for-stm32.12.3.rel1.win32_1.1.0.202410251130/tools/bin/../lib/gcc/arm-none-eabi/12.3.1/thumb/v7e-m+fp/hard/crti.o
 .ARM.attributes
                0x00000022       0x34 C:/Users/guido/Desktop/Sistemi embedded/STM32CubeIDE_1.14.1/STM32CubeIDE/plugins/com.st.stm32cube.ide.mcu.externaltools.gnu-tools-for-stm32.12.3.rel1.win32_1.1.0.202410251130/tools/bin/../lib/gcc/arm-none-eabi/12.3.1/thumb/v7e-m+fp/hard/crtbegin.o
 .ARM.attributes
                0x00000056       0x34 ./Core/Src/adc.o
 .ARM.attributes
                0x0000008a       0x34 ./Core/Src/app_freertos.o
 .ARM.attributes
                0x000000be       0x34 ./Core/Src/com.o
 .ARM.attributes
                0x000000f2       0x34 ./Core/Src/controller.o
 .ARM.attributes
                0x00000126       0x34 ./Core/Src/gpio.o
 .ARM.attributes
                0x0000015a       0x34 ./Core/Src/i2c.o
 .ARM.attributes
                0x0000018e       0x34 ./Core/Src/main.o
 .ARM.attributes
                0x000001c2       0x34 ./Core/Src/pid.o
 .ARM.attributes
                0x000001f6       0x34 ./Core/Src/spi.o
 .ARM.attributes
                0x0000022a       0x34 ./Core/Src/stm32g4xx_hal_msp.o
 .ARM.attributes
                0x0000025e       0x34 ./Core/Src/stm32g4xx_hal_timebase_tim.o
 .ARM.attributes
                0x00000292       0x34 ./Core/Src/stm32g4xx_it.o
 .ARM.attributes
                0x000002c6       0x34 ./Core/Src/system_stm32g4xx.o
 .ARM.attributes
                0x000002fa       0x34 ./Core/Src/temperature.o
 .ARM.attributes
                0x0000032e       0x34 ./Core/Src/tim.o
 .ARM.attributes
                0x00000362       0x34 ./Core/Src/usart.o
 .ARM.attributes
                0x00000396       0x21 ./Core/Startup/startup_stm32g474retx.o
 .ARM.attributes
                0x000003b7       0x34 ./Drivers/STM32G4xx_HAL_Driver/Src/stm32g4xx_hal.o
 .ARM.attributes
                0x000003eb       0x34 ./Drivers/STM32G4xx_HAL_Driver/Src/stm32g4xx_hal_adc.o
 .ARM.attributes
                0x0000041f       0x34 ./Drivers/STM32G4xx_HAL_Driver/Src/stm32g4xx_hal_adc_ex.o
 .ARM.attributes
                0x00000453       0x34 ./Drivers/STM32G4xx_HAL_Driver/Src/stm32g4xx_hal_cortex.o
 .ARM.attributes
                0x00000487       0x34 ./Drivers/STM32G4xx_HAL_Driver/Src/stm32g4xx_hal_gpio.o
 .ARM.attributes
                0x000004bb       0x34 ./Drivers/STM32G4xx_HAL_Driver/Src/stm32g4xx_hal_i2c.o
 .ARM.attributes
                0x000004ef       0x34 ./Drivers/STM32G4xx_HAL_Driver/Src/stm32g4xx_hal_i2c_ex.o
 .ARM.attributes
                0x00000523       0x34 ./Drivers/STM32G4xx_HAL_Driver/Src/stm32g4xx_hal_pwr_ex.o
 .ARM.attributes
                0x00000557       0x34 ./Drivers/STM32G4xx_HAL_Driver/Src/stm32g4xx_hal_rcc.o
 .ARM.attributes
                0x0000058b       0x34 ./Drivers/STM32G4xx_HAL_Driver/Src/stm32g4xx_hal_rcc_ex.o
 .ARM.attributes
                0x000005bf       0x34 ./Drivers/STM32G4xx_HAL_Driver/Src/stm32g4xx_hal_spi.o
 .ARM.attributes
                0x000005f3       0x34 ./Drivers/STM32G4xx_HAL_Driver/Src/stm32g4xx_hal_tim.o
 .ARM.attributes
                0x00000627       0x34 ./Drivers/STM32G4xx_HAL_Driver/Src/stm32g4xx_hal_tim_ex.o
 .ARM.attributes
                0x0000065b       0x34 ./Drivers/STM32G4xx_HAL_Driver/Src/stm32g4xx_hal_uart.o
 .ARM.attributes
                0x0000068f       0x34 ./Drivers/STM32G4xx_HAL_Driver/Src/stm32g4xx_hal_uart_ex.o
 .ARM.attributes
                0x000006c3       0x34 ./Middlewares/Third_Party/FreeRTOS/Source/CMSIS_RTOS_V2/cmsis_os2.o
 .ARM.attributes
                0x000006f7       0x34 ./Middlewares/Third_Party/FreeRTOS/Source/list.o
 .ARM.attributes
                0x0000072b       0x34 ./Middlewares/Third_Party/FreeRTOS/Source/queue.o
 .ARM.attributes
                0x0000075f       0x34 ./Middlewares/Third_Party/FreeRTOS/Source/tasks.o
 .ARM.attributes
                0x00000793       0x34 ./Middlewares/Third_Party/FreeRTOS/Source/timers.o
 .ARM.attributes
                0x000007c7       0x34 ./Middlewares/Third_Party/FreeRTOS/Source/portable/GCC/ARM_CM4F/port.o
 .ARM.attributes
                0x000007fb       0x34 ./Middlewares/Third_Party/FreeRTOS/Source/portable/MemMang/heap_4.o
 .ARM.attributes
                0x0000082f       0x34 C:/Users/guido/Desktop/Sistemi embedded/STM32CubeIDE_1.14.1/STM32CubeIDE/plugins/com.st.stm32cube.ide.mcu.externaltools.gnu-tools-for-stm32.12.3.rel1.win32_1.1.0.202410251130/tools/bin/../lib/gcc/arm-none-eabi/12.3.1/../../../../arm-none-eabi/lib/thumb/v7e-m+fp/hard\libc_nano.a(libc_a-findfp.o)
 .ARM.attributes
                0x00000863       0x34 C:/Users/guido/Desktop/Sistemi embedded/STM32CubeIDE_1.14.1/STM32CubeIDE/plugins/com.st.stm32cube.ide.mcu.externaltools.gnu-tools-for-stm32.12.3.rel1.win32_1.1.0.202410251130/tools/bin/../lib/gcc/arm-none-eabi/12.3.1/../../../../arm-none-eabi/lib/thumb/v7e-m+fp/hard\libc_nano.a(libc_a-memset.o)
 .ARM.attributes
                0x00000897       0x34 C:/Users/guido/Desktop/Sistemi embedded/STM32CubeIDE_1.14.1/STM32CubeIDE/plugins/com.st.stm32cube.ide.mcu.externaltools.gnu-tools-for-stm32.12.3.rel1.win32_1.1.0.202410251130/tools/bin/../lib/gcc/arm-none-eabi/12.3.1/../../../../arm-none-eabi/lib/thumb/v7e-m+fp/hard\libc_nano.a(libc_a-reent.o)
 .ARM.attributes
                0x000008cb       0x34 C:/Users/guido/Desktop/Sistemi embedded/STM32CubeIDE_1.14.1/STM32CubeIDE/plugins/com.st.stm32cube.ide.mcu.externaltools.gnu-tools-for-stm32.12.3.rel1.win32_1.1.0.202410251130/tools/bin/../lib/gcc/arm-none-eabi/12.3.1/../../../../arm-none-eabi/lib/thumb/v7e-m+fp/hard\libc_nano.a(libc_a-impure.o)
 .ARM.attributes
                0x000008ff       0x34 C:/Users/guido/Desktop/Sistemi embedded/STM32CubeIDE_1.14.1/STM32CubeIDE/plugins/com.st.stm32cube.ide.mcu.externaltools.gnu-tools-for-stm32.12.3.rel1.win32_1.1.0.202410251130/tools/bin/../lib/gcc/arm-none-eabi/12.3.1/../../../../arm-none-eabi/lib/thumb/v7e-m+fp/hard\libc_nano.a(libc_a-init.o)
 .ARM.attributes
                0x00000933       0x34 C:/Users/guido/Desktop/Sistemi embedded/STM32CubeIDE_1.14.1/STM32CubeIDE/plugins/com.st.stm32cube.ide.mcu.externaltools.gnu-tools-for-stm32.12.3.rel1.win32_1.1.0.202410251130/tools/bin/../lib/gcc/arm-none-eabi/12.3.1/../../../../arm-none-eabi/lib/thumb/v7e-m+fp/hard\libc_nano.a(libc_a-lock.o)
 .ARM.attributes
                0x00000967       0x34 C:/Users/guido/Desktop/Sistemi embedded/STM32CubeIDE_1.14.1/STM32CubeIDE/plugins/com.st.stm32cube.ide.mcu.externaltools.gnu-tools-for-stm32.12.3.rel1.win32_1.1.0.202410251130/tools/bin/../lib/gcc/arm-none-eabi/12.3.1/../../../../arm-none-eabi/lib/thumb/v7e-m+fp/hard\libc_nano.a(libc_a-memcpy-stub.o)
 .ARM.attributes
                0x0000099b       0x34 C:/Users/guido/Desktop/Sistemi embedded/STM32CubeIDE_1.14.1/STM32CubeIDE/plugins/com.st.stm32cube.ide.mcu.externaltools.gnu-tools-for-stm32.12.3.rel1.win32_1.1.0.202410251130/tools/bin/../lib/gcc/arm-none-eabi/12.3.1/../../../../arm-none-eabi/lib/thumb/v7e-m+fp/hard\libc_nano.a(libc_a-freer.o)
 .ARM.attributes
                0x000009cf       0x34 C:/Users/guido/Desktop/Sistemi embedded/STM32CubeIDE_1.14.1/STM32CubeIDE/plugins/com.st.stm32cube.ide.mcu.externaltools.gnu-tools-for-stm32.12.3.rel1.win32_1.1.0.202410251130/tools/bin/../lib/gcc/arm-none-eabi/12.3.1/../../../../arm-none-eabi/lib/thumb/v7e-m+fp/hard\libc_nano.a(libc_a-mallocr.o)
 .ARM.attributes
                0x00000a03       0x34 C:/Users/guido/Desktop/Sistemi embedded/STM32CubeIDE_1.14.1/STM32CubeIDE/plugins/com.st.stm32cube.ide.mcu.externaltools.gnu-tools-for-stm32.12.3.rel1.win32_1.1.0.202410251130/tools/bin/../lib/gcc/arm-none-eabi/12.3.1/../../../../arm-none-eabi/lib/thumb/v7e-m+fp/hard\libc_nano.a(libc_a-mlock.o)
 .ARM.attributes
                0x00000a37       0x22 C:/Users/guido/Desktop/Sistemi embedded/STM32CubeIDE_1.14.1/STM32CubeIDE/plugins/com.st.stm32cube.ide.mcu.externaltools.gnu-tools-for-stm32.12.3.rel1.win32_1.1.0.202410251130/tools/bin/../lib/gcc/arm-none-eabi/12.3.1/thumb/v7e-m+fp/hard\libgcc.a(_arm_addsubdf3.o)
 .ARM.attributes
                0x00000a59       0x22 C:/Users/guido/Desktop/Sistemi embedded/STM32CubeIDE_1.14.1/STM32CubeIDE/plugins/com.st.stm32cube.ide.mcu.externaltools.gnu-tools-for-stm32.12.3.rel1.win32_1.1.0.202410251130/tools/bin/../lib/gcc/arm-none-eabi/12.3.1/thumb/v7e-m+fp/hard\libgcc.a(_arm_muldivdf3.o)
 .ARM.attributes
                0x00000a7b       0x22 C:/Users/guido/Desktop/Sistemi embedded/STM32CubeIDE_1.14.1/STM32CubeIDE/plugins/com.st.stm32cube.ide.mcu.externaltools.gnu-tools-for-stm32.12.3.rel1.win32_1.1.0.202410251130/tools/bin/../lib/gcc/arm-none-eabi/12.3.1/thumb/v7e-m+fp/hard\libgcc.a(_arm_cmpdf2.o)
 .ARM.attributes
                0x00000a9d       0x22 C:/Users/guido/Desktop/Sistemi embedded/STM32CubeIDE_1.14.1/STM32CubeIDE/plugins/com.st.stm32cube.ide.mcu.externaltools.gnu-tools-for-stm32.12.3.rel1.win32_1.1.0.202410251130/tools/bin/../lib/gcc/arm-none-eabi/12.3.1/thumb/v7e-m+fp/hard\libgcc.a(_arm_fixdfsi.o)
 .ARM.attributes
                0x00000abf       0x22 C:/Users/guido/Desktop/Sistemi embedded/STM32CubeIDE_1.14.1/STM32CubeIDE/plugins/com.st.stm32cube.ide.mcu.externaltools.gnu-tools-for-stm32.12.3.rel1.win32_1.1.0.202410251130/tools/bin/../lib/gcc/arm-none-eabi/12.3.1/thumb/v7e-m+fp/hard\libgcc.a(_arm_fixunsdfsi.o)
 .ARM.attributes
                0x00000ae1       0x22 C:/Users/guido/Desktop/Sistemi embedded/STM32CubeIDE_1.14.1/STM32CubeIDE/plugins/com.st.stm32cube.ide.mcu.externaltools.gnu-tools-for-stm32.12.3.rel1.win32_1.1.0.202410251130/tools/bin/../lib/gcc/arm-none-eabi/12.3.1/thumb/v7e-m+fp/hard\libgcc.a(_arm_truncdfsf2.o)
 .ARM.attributes
                0x00000b03       0x22 C:/Users/guido/Desktop/Sistemi embedded/STM32CubeIDE_1.14.1/STM32CubeIDE/plugins/com.st.stm32cube.ide.mcu.externaltools.gnu-tools-for-stm32.12.3.rel1.win32_1.1.0.202410251130/tools/bin/../lib/gcc/arm-none-eabi/12.3.1/thumb/v7e-m+fp/hard\libgcc.a(_aeabi_uldivmod.o)
 .ARM.attributes
                0x00000b25       0x34 C:/Users/guido/Desktop/Sistemi embedded/STM32CubeIDE_1.14.1/STM32CubeIDE/plugins/com.st.stm32cube.ide.mcu.externaltools.gnu-tools-for-stm32.12.3.rel1.win32_1.1.0.202410251130/tools/bin/../lib/gcc/arm-none-eabi/12.3.1/thumb/v7e-m+fp/hard\libgcc.a(_udivmoddi4.o)
 .ARM.attributes
                0x00000b59       0x22 C:/Users/guido/Desktop/Sistemi embedded/STM32CubeIDE_1.14.1/STM32CubeIDE/plugins/com.st.stm32cube.ide.mcu.externaltools.gnu-tools-for-stm32.12.3.rel1.win32_1.1.0.202410251130/tools/bin/../lib/gcc/arm-none-eabi/12.3.1/thumb/v7e-m+fp/hard\libgcc.a(_dvmd_tls.o)
 .ARM.attributes
                0x00000b7b       0x22 C:/Users/guido/Desktop/Sistemi embedded/STM32CubeIDE_1.14.1/STM32CubeIDE/plugins/com.st.stm32cube.ide.mcu.externaltools.gnu-tools-for-stm32.12.3.rel1.win32_1.1.0.202410251130/tools/bin/../lib/gcc/arm-none-eabi/12.3.1/thumb/v7e-m+fp/hard/crtn.o
OUTPUT(Slave_ESFree.elf elf32-littlearm)
LOAD linker stubs
LOAD C:/Users/guido/Desktop/Sistemi embedded/STM32CubeIDE_1.14.1/STM32CubeIDE/plugins/com.st.stm32cube.ide.mcu.externaltools.gnu-tools-for-stm32.12.3.rel1.win32_1.1.0.202410251130/tools/bin/../lib/gcc/arm-none-eabi/12.3.1/../../../../arm-none-eabi/lib/thumb/v7e-m+fp/hard\libc.a
LOAD C:/Users/guido/Desktop/Sistemi embedded/STM32CubeIDE_1.14.1/STM32CubeIDE/plugins/com.st.stm32cube.ide.mcu.externaltools.gnu-tools-for-stm32.12.3.rel1.win32_1.1.0.202410251130/tools/bin/../lib/gcc/arm-none-eabi/12.3.1/../../../../arm-none-eabi/lib/thumb/v7e-m+fp/hard\libm.a
LOAD C:/Users/guido/Desktop/Sistemi embedded/STM32CubeIDE_1.14.1/STM32CubeIDE/plugins/com.st.stm32cube.ide.mcu.externaltools.gnu-tools-for-stm32.12.3.rel1.win32_1.1.0.202410251130/tools/bin/../lib/gcc/arm-none-eabi/12.3.1/thumb/v7e-m+fp/hard\libgcc.a

.debug_info     0x00000000    0x2bbc4
 .debug_info    0x00000000      0xdbd ./Core/Src/adc.o
 .debug_info    0x00000dbd     0x1909 ./Core/Src/app_freertos.o
 .debug_info    0x000026c6      0xb71 ./Core/Src/com.o
 .debug_info    0x00003237      0x2d2 ./Core/Src/controller.o
 .debug_info    0x00003509      0x47f ./Core/Src/gpio.o
 .debug_info    0x00003988      0xca3 ./Core/Src/i2c.o
 .debug_info    0x0000462b      0xb43 ./Core/Src/main.o
 .debug_info    0x0000516e      0x328 ./Core/Src/pid.o
 .debug_info    0x00005496      0xaf6 ./Core/Src/spi.o
 .debug_info    0x00005f8c      0x5a6 ./Core/Src/stm32g4xx_hal_msp.o
 .debug_info    0x00006532      0xe78 ./Core/Src/stm32g4xx_hal_timebase_tim.o
 .debug_info    0x000073aa      0x841 ./Core/Src/stm32g4xx_it.o
 .debug_info    0x00007beb      0x58e ./Core/Src/system_stm32g4xx.o
 .debug_info    0x00008179      0x9bb ./Core/Src/temperature.o
 .debug_info    0x00008b34      0xf39 ./Core/Src/tim.o
 .debug_info    0x00009a6d      0xe65 ./Core/Src/usart.o
 .debug_info    0x0000a8d2       0x30 ./Core/Startup/startup_stm32g474retx.o
 .debug_info    0x0000a902      0xb95 ./Drivers/STM32G4xx_HAL_Driver/Src/stm32g4xx_hal.o
 .debug_info    0x0000b497     0x2063 ./Drivers/STM32G4xx_HAL_Driver/Src/stm32g4xx_hal_adc.o
 .debug_info    0x0000d4fa     0x1d80 ./Drivers/STM32G4xx_HAL_Driver/Src/stm32g4xx_hal_adc_ex.o
 .debug_info    0x0000f27a      0xdf9 ./Drivers/STM32G4xx_HAL_Driver/Src/stm32g4xx_hal_cortex.o
 .debug_info    0x00010073      0x763 ./Drivers/STM32G4xx_HAL_Driver/Src/stm32g4xx_hal_gpio.o