Archive member included to satisfy reference by file (symbol)

C:/Users/guido/Desktop/Sistemi embedded/STM32CubeIDE_1.14.1/STM32CubeIDE/plugins/com.st.stm32cube.ide.mcu.externaltools.gnu-tools-for-stm32.12.3.rel1.win32_1.1.0.202410251130/tools/bin/../lib/gcc/arm-none-eabi/12.3.1/../../../../arm-none-eabi/lib/thumb/v7e-m+fp/hard\libc_nano.a(libc_a-exit.o)
                              C:/Users/guido/Desktop/Sistemi embedded/STM32CubeIDE_1.14.1/STM32CubeIDE/plugins/com.st.stm32cube.ide.mcu.externaltools.gnu-tools-for-stm32.12.3.rel1.win32_1.1.0.202410251130/tools/bin/../lib/gcc/arm-none-eabi/12.3.1/../../../../arm-none-eabi/lib/thumb/v7e-m+fp/hard/crt0.o (exit)
C:/Users/guido/Desktop/Sistemi embedded/STM32CubeIDE_1.14.1/STM32CubeIDE/plugins/com.st.stm32cube.ide.mcu.externaltools.gnu-tools-for-stm32.12.3.rel1.win32_1.1.0.202410251130/tools/bin/../lib/gcc/arm-none-eabi/12.3.1/../../../../arm-none-eabi/lib/thumb/v7e-m+fp/hard\libc_nano.a(libc_a-findfp.o)
                              ./Middlewares/Third_Party/FreeRTOS/Source/tasks.o (__sf)
C:/Users/guido/Desktop/Sistemi embedded/STM32CubeIDE_1.14.1/STM32CubeIDE/plugins/com.st.stm32cube.ide.mcu.externaltools.gnu-tools-for-stm32.12.3.rel1.win32_1.1.0.202410251130/tools/bin/../lib/gcc/arm-none-eabi/12.3.1/../../../../arm-none-eabi/lib/thumb/v7e-m+fp/hard\libc_nano.a(libc_a-fwalk.o)
                              C:/Users/guido/Desktop/Sistemi embedded/STM32CubeIDE_1.14.1/STM32CubeIDE/plugins/com.st.stm32cube.ide.mcu.externaltools.gnu-tools-for-stm32.12.3.rel1.win32_1.1.0.202410251130/tools/bin/../lib/gcc/arm-none-eabi/12.3.1/../../../../arm-none-eabi/lib/thumb/v7e-m+fp/hard\libc_nano.a(libc_a-findfp.o) (_fwalk_sglue)
C:/Users/guido/Desktop/Sistemi embedded/STM32CubeIDE_1.14.1/STM32CubeIDE/plugins/com.st.stm32cube.ide.mcu.externaltools.gnu-tools-for-stm32.12.3.rel1.win32_1.1.0.202410251130/tools/bin/../lib/gcc/arm-none-eabi/12.3.1/../../../../arm-none-eabi/lib/thumb/v7e-m+fp/hard\libc_nano.a(libc_a-puts.o)
                              ./Core/Src/temperature.o (puts)
C:/Users/guido/Desktop/Sistemi embedded/STM32CubeIDE_1.14.1/STM32CubeIDE/plugins/com.st.stm32cube.ide.mcu.externaltools.gnu-tools-for-stm32.12.3.rel1.win32_1.1.0.202410251130/tools/bin/../lib/gcc/arm-none-eabi/12.3.1/../../../../arm-none-eabi/lib/thumb/v7e-m+fp/hard\libc_nano.a(libc_a-snprintf.o)
                              ./Core/Src/com_master.o (snprintf)
C:/Users/guido/Desktop/Sistemi embedded/STM32CubeIDE_1.14.1/STM32CubeIDE/plugins/com.st.stm32cube.ide.mcu.externaltools.gnu-tools-for-stm32.12.3.rel1.win32_1.1.0.202410251130/tools/bin/../lib/gcc/arm-none-eabi/12.3.1/../../../../arm-none-eabi/lib/thumb/v7e-m+fp/hard\libc_nano.a(libc_a-stdio.o)
                              C:/Users/guido/Desktop/Sistemi embedded/STM32CubeIDE_1.14.1/STM32CubeIDE/plugins/com.st.stm32cube.ide.mcu.externaltools.gnu-tools-for-stm32.12.3.rel1.win32_1.1.0.202410251130/tools/bin/../lib/gcc/arm-none-eabi/12.3.1/../../../../arm-none-eabi/lib/thumb/v7e-m+fp/hard\libc_nano.a(libc_a-findfp.o) (__sread)
C:/Users/guido/Desktop/Sistemi embedded/STM32CubeIDE_1.14.1/STM32CubeIDE/plugins/com.st.stm32cube.ide.mcu.externaltools.gnu-tools-for-stm32.12.3.rel1.win32_1.1.0.202410251130/tools/bin/../lib/gcc/arm-none-eabi/12.3.1/../../../../arm-none-eabi/lib/thumb/v7e-m+fp/hard\libc_nano.a(libc_a-wbuf.o)
                              C:/Users/guido/Desktop/Sistemi embedded/STM32CubeIDE_1.14.1/STM32CubeIDE/plugins/com.st.stm32cube.ide.mcu.externaltools.gnu-tools-for-stm32.12.3.rel1.win32_1.1.0.202410251130/tools/bin/../lib/gcc/arm-none-eabi/12.3.1/../../../../arm-none-eabi/lib/thumb/v7e-m+fp/hard\libc_nano.a(libc_a-puts.o) (__swbuf_r)
C:/Users/guido/Desktop/Sistemi embedded/STM32CubeIDE_1.14.1/STM32CubeIDE/plugins/com.st.stm32cube.ide.mcu.externaltools.gnu-tools-for-stm32.12.3.rel1.win32_1.1.0.202410251130/tools/bin/../lib/gcc/arm-none-eabi/12.3.1/../../../../arm-none-eabi/lib/thumb/v7e-m+fp/hard\libc_nano.a(libc_a-wsetup.o)
                              C:/Users/guido/Desktop/Sistemi embedded/STM32CubeIDE_1.14.1/STM32CubeIDE/plugins/com.st.stm32cube.ide.mcu.externaltools.gnu-tools-for-stm32.12.3.rel1.win32_1.1.0.202410251130/tools/bin/../lib/gcc/arm-none-eabi/12.3.1/../../../../arm-none-eabi/lib/thumb/v7e-m+fp/hard\libc_nano.a(libc_a-puts.o) (__swsetup_r)
C:/Users/guido/Desktop/Sistemi embedded/STM32CubeIDE_1.14.1/STM32CubeIDE/plugins/com.st.stm32cube.ide.mcu.externaltools.gnu-tools-for-stm32.12.3.rel1.win32_1.1.0.202410251130/tools/bin/../lib/gcc/arm-none-eabi/12.3.1/../../../../arm-none-eabi/lib/thumb/v7e-m+fp/hard\libc_nano.a(libc_a-memset.o)
                              C:/Users/guido/Desktop/Sistemi embedded/STM32CubeIDE_1.14.1/STM32CubeIDE/plugins/com.st.stm32cube.ide.mcu.externaltools.gnu-tools-for-stm32.12.3.rel1.win32_1.1.0.202410251130/tools/bin/../lib/gcc/arm-none-eabi/12.3.1/../../../../arm-none-eabi/lib/thumb/v7e-m+fp/hard/crt0.o (memset)
[...]
Memory Configuration

Name             Origin             Length             Attributes
RAM              0x20000000         0x00020000         xrw
FLASH            0x08000000         0x00080000         xr
*default*        0x00000000         0xffffffff

Linker script and memory map

LOAD C:/Users/guido/Desktop/Sistemi embedded/STM32CubeIDE_1.14.1/STM32CubeIDE/plugins/com.st.stm32cube.ide.mcu.externaltools.gnu-tools-for-stm32.12.3.rel1.win32_1.1.0.202410251130/tools/bin/../lib/gcc/arm-none-eabi/12.3.1/thumb/v7e-m+fp/hard/crti.o
LOAD C:/Users/guido/Desktop/Sistemi embedded/STM32CubeIDE_1.14.1/STM32CubeIDE/plugins/com.st.stm32cube.ide.mcu.externaltools.gnu-tools-for-stm32.12.3.rel1.win32_1.1.0.202410251130/tools/bin/../lib/gcc/arm-none-eabi/12.3.1/thumb/v7e-m+fp/hard/crtbegin.o
LOAD C:/Users/guido/Desktop/Sistemi embedded/STM32CubeIDE_1.14.1/STM32CubeIDE/plugins/com.st.stm32cube.ide.mcu.externaltools.gnu-tools-for-stm32.12.3.rel1.win32_1.1.0.202410251130/tools/bin/../lib/gcc/arm-none-eabi/12.3.1/../../../../arm-none-eabi/lib/thumb/v7e-m+fp/hard/crt0.o
LOAD ./Core/Src/MPU-6050.o
LOAD ./Core/Src/adc.o
LOAD ./Core/Src/app_freertos.o
LOAD ./Core/Src/com_master.o
LOAD ./Core/Src/controller.o
LOAD ./Core/Src/gpio.o
LOAD ./Core/Src/hcsr04.o
LOAD ./Core/Src/i2c.o
LOAD ./Core/Src/main.o
LOAD ./Core/Src/spi.o
LOAD ./Core/Src/stm32g4xx_hal_msp.o
LOAD ./Core/Src/stm32g4xx_hal_timebase_tim.o
LOAD ./Core/Src/stm32g4xx_it.o
LOAD ./Core/Src/syscalls.o
LOAD ./Core/Src/sysmem.o
LOAD ./Core/Src/system_stm32g4xx.o
LOAD ./Core/Src/temperature.o
LOAD ./Core/Src/tim.o
LOAD ./Core/Src/usart.o
LOAD ./Core/Startup/startup_stm32g474retx.o
LOAD ./Drivers/STM32G4xx_HAL_Driver/Src/stm32g4xx_hal.o
LOAD ./Drivers/STM32G4xx_HAL_Driver/Src/stm32g4xx_hal_adc.o
LOAD ./Drivers/STM32G4xx_HAL_Driver/Src/stm32g4xx_hal_adc_ex.o
LOAD ./Drivers/STM32G4xx_HAL_Driver/Src/stm32g4xx_hal_cortex.o
LOAD ./Drivers/STM32G4xx_HAL_Driver/Src/stm32g4xx_hal_dma.o
LOAD ./Drivers/STM32G4xx_HAL_Driver/Src/stm32g4xx_hal_dma_ex.o
LOAD ./Drivers/STM32G4xx_HAL_Driver/Src/stm32g4xx_hal_exti.o
LOAD ./Drivers/STM32G4xx_HAL_Driver/Src/stm32g4xx_hal_flash.o
LOAD ./Drivers/STM32G4xx_HAL_Driver/Src/stm32g4xx_hal_flash_ex.o
LOAD ./Drivers/STM32G4xx_HAL_Driver/Src/stm32g4xx_hal_flash_ramfunc.o
LOAD ./Drivers/STM32G4xx_HAL_Driver/Src/stm32g4xx_hal_gpio.o
LOAD ./Drivers/STM32G4xx_HAL_Driver/Src/stm32g4xx_hal_i2c.o
LOAD ./Drivers/STM32G4xx_HAL_Driver/Src/stm32g4xx_hal_i2c_ex.o
LOAD ./Drivers/STM32G4xx_HAL_Driver/Src/stm32g4xx_hal_pwr.o
LOAD ./Drivers/STM32G4xx_HAL_Driver/Src/stm32g4xx_hal_pwr_ex.o
LOAD ./Drivers/STM32G4xx_HAL_Driver/Src/stm32g4xx_hal_rcc.o
LOAD ./Drivers/STM32G4xx_HAL_Driver/Src/stm32g4xx_hal_rcc_ex.o
LOAD ./Drivers/STM32G4xx_HAL_Driver/Src/stm32g4xx_hal_spi.o
LOAD ./Drivers/STM32G4xx_HAL_Driver/Src/stm32g4xx_hal_spi_ex.o
LOAD ./Drivers/STM32G4xx_HAL_Driver/Src/stm32g4xx_hal_tim.o
LOAD ./Drivers/STM32G4xx_HAL_Driver/Src/stm32g4xx_hal_tim_ex.o
LOAD ./Drivers/STM32G4xx_HAL_Driver/Src/stm32g4xx_hal_uart.o
LOAD ./Drivers/STM32G4xx_HAL_Driver/Src/stm32g4xx_hal_uart_ex.o
LOAD ./Drivers/STM32G4xx_HAL_Driver/Src/stm32g4xx_ll_adc.o
LOAD ./Middlewares/Third_Party/FreeRTOS/Source/CMSIS_RTOS_V2/cmsis_os2.o
LOAD ./Middlewares/Third_Party/FreeRTOS/Source/croutine.o
LOAD ./Middlewares/Third_Party/FreeRTOS/Source/event_groups.o
LOAD ./Middlewares/Third_Party/FreeRTOS/Source/list.o
LOAD ./Middlewares/Third_Party/FreeRTOS/Source/queue.o
LOAD ./Middlewares/Third_Party/FreeRTOS/Source/stream_buffer.o
LOAD ./Middlewares/Third_Party/FreeRTOS/Source/tasks.o
LOAD ./Middlewares/Third_Party/FreeRTOS/Source/timers.o
LOAD ./Middlewares/Third_Party/FreeRTOS/Source/portable/GCC/ARM_CM4F/port.o
LOAD ./Middlewares/Third_Party/FreeRTOS/Source/portable/MemMang/heap_4.o
START GROUP
LOAD C:/Users/guido/Desktop/Sistemi embedded/STM32CubeIDE_1.14.1/STM32CubeIDE/plugins/com.st.stm32cube.ide.mcu.externaltools.gnu-tools-for-stm32.12.3.rel1.win32_1.1.0.202410251130/tools/bin/../lib/gcc/arm-none-eabi/12.3.1/../../../../arm-none-eabi/lib/thumb/v7e-m+fp/hard\libc_nano.a
LOAD C:/Users/guido/Desktop/Sistemi embedded/STM32CubeIDE_1.14.1/STM32CubeIDE/plugins/com.st.stm32cube.ide.mcu.externaltools.gnu-tools-for-stm32.12.3.rel1.win32_1.1.0.202410251130/tools/bin/../lib/gcc/arm-none-eabi/12.3.1/../../../../arm-none-eabi/lib/thumb/v7e-m+fp/hard\libm.a
END GROUP
START GROUP
LOAD C:/Users/guido/Desktop/Sistemi embedded/STM32CubeIDE_1.14.1/STM32CubeIDE/plugins/com.st.stm32cube.ide.mcu.externaltools.gnu-tools-for-stm32.12.3.rel1.win32_1.1.0.202410251130/tools/bin/../lib/gcc/arm-none-eabi/12.3.1/thumb/v7e-m+fp/hard\libgcc.a
LOAD C:/Users/guido/Desktop/Sistemi embedded/STM32CubeIDE_1.14.1/STM32CubeIDE/plugins/com.st.stm32cube.ide.mcu.externaltools.gnu-tools-for-stm32.12.3.rel1.win32_1.1.0.202410251130/tools/bin/../lib/gcc/arm-none-eabi/12.3.1/../../../../arm-none-eabi/lib/thumb/v7e-m+fp/hard\libc_nano.a
END GROUP
START GROUP
LOAD C:/Users/guido/Desktop/Sistemi embedded/STM32CubeIDE_1.14.1/STM32CubeIDE/plugins/com.st.stm32cube.ide.mcu.externaltools.gnu-tools-for-stm32.12.3.rel1.win32_1.1.0.202410251130/tools/bin/../lib/gcc/arm-none-eabi/12.3.1/thumb/v7e-m+fp/hard\libgcc.a
LOAD C:/Users/guido/Desktop/Sistemi embedded/STM32CubeIDE_1.14.1/STM32CubeIDE/plugins/com.st.stm32cube.ide.mcu.externaltools.gnu-tools-for-stm32.12.3.rel1.win32_1.1.0.202410251130/tools/bin/../lib/gcc/arm-none-eabi/12.3.1/../../../../arm-none-eabi/lib/thumb/v7e-m+fp/hard\libc_nano.a
LOAD C:/Users/guido/Desktop/Sistemi embedded/STM32CubeIDE_1.14.1/STM32CubeIDE/plugins/com.st.stm32cube.ide.mcu.externaltools.gnu-tools-for-stm32.12.3.rel1.win32_1.1.0.202410251130/tools/bin/../lib/gcc/arm-none-eabi/12.3.1/../../../../arm-none-eabi/lib/thumb/v7e-m+fp/hard\libnosys.a
END GROUP
START GROUP
LOAD C:/Users/guido/Desktop/Sistemi embedded/STM32CubeIDE_1.14.1/STM32CubeIDE/plugins/com.st.stm32cube.ide.mcu.externaltools.gnu-tools-for-stm32.12.3.rel1.win32_1.1.0.202410251130/tools/bin/../lib/gcc/arm-none-eabi/12.3.1/thumb/v7e-m+fp/hard\libgcc.a
LOAD C:/Users/guido/Desktop/Sistemi embedded/STM32CubeIDE_1.14.1/STM32CubeIDE/plugins/com.st.stm32cube.ide.mcu.externaltools.gnu-tools-for-stm32.12.3.rel1.win32_1.1.0.202410251130/tools/bin/../lib/gcc/arm-none-eabi/12.3.1/../../../../arm-none-eabi/lib/thumb/v7e-m+fp/hard\libc_nano.a
LOAD C:/Users/guido/Desktop/Sistemi embedded/STM32CubeIDE_1.14.1/STM32CubeIDE/plugins/com.st.stm32cube.ide.mcu.externaltools.gnu-tools-for-stm32.12.3.rel1.win32_1.1.0.202410251130/tools/bin/../lib/gcc/arm-none-eabi/12.3.1/../../../../arm-none-eabi/lib/thumb/v7e-m+fp/hard\libnosys.a
END GROUP
LOAD C:/Users/guido/Desktop/Sistemi embedded/STM32CubeIDE_1.14.1/STM32CubeIDE/plugins/com.st.stm32cube.ide.mcu.externaltools.gnu-tools-for-stm32.12.3.rel1.win32_1.1.0.202410251130/tools/bin/../lib/gcc/arm-none-eabi/12.3.1/thumb/v7e-m+fp/hard/crtend.o
LOAD C:/Users/guido/Desktop/Sistemi embedded/STM32CubeIDE_1.14.1/STM32CubeIDE/plugins/com.st.stm32cube.ide.mcu.externaltools.gnu-tools-for-stm32.12.3.rel1.win32_1.1.0.202410251130/tools/bin/../lib/gcc/arm-none-eabi/12.3.1/thumb/v7e-m+fp/hard/crtn.o
                0x20020000                        _estack = (ORIGIN (RAM) + LENGTH (RAM))
                0x00000200                        _Min_Heap_Size = 0x200
                0x00000400                        _Min_Stack_Size = 0x400

.isr_vector     0x08000000      0x1d8
                0x08000000                        . = ALIGN (0x4)
 *(.isr_vector)
 .isr_vector    0x08000000      0x1d8 ./Core/Startup/startup_stm32g474retx.o
                0x08000000                g_pfnVectors
                0x080001d8                        . = ALIGN (0x4)

.text           0x080001e0     0xac70
                0x080001e0                        . = ALIGN (0x4)
 *(.text)
 .text          0x080001e0       0x40 C:/Users/guido/Desktop/Sistemi embedded/STM32CubeIDE_1.14.1/STM32CubeIDE/plugins/com.st.stm32cube.ide.mcu.externaltools.gnu-tools-for-stm32.12.3.rel1.win32_1.1.0.202410251130/tools/bin/../lib/gcc/arm-none-eabi/12.3.1/thumb/v7e-m+fp/hard/crtbegin.o
 .text          0x08000220      0x378 C:/Users/guido/Desktop/Sistemi embedded/STM32CubeIDE_1.14.1/STM32CubeIDE/plugins/com.st.stm32cube.ide.mcu.externaltools.gnu-tools-for-stm32.12.3.rel1.win32_1.1.0.202410251130/tools/bin/../lib/gcc/arm-none-eabi/12.3.1/thumb/v7e-m+fp/hard\libgcc.a(_arm_addsubdf3.o)
                0x08000220                __aeabi_drsub
                0x08000228                __aeabi_dsub
                0x08000228                __subdf3
                0x0800022c                __aeabi_dadd
                0x0800022c                __adddf3
                0x080004a4                __floatunsidf
                0x080004a4                __aeabi_ui2d
                0x080004c4                __floatsidf
                0x080004c4                __aeabi_i2d
                0x080004e8                __aeabi_f2d
                0x080004e8                __extendsfdf2
                0x0800052c                __floatundidf
                0x0800052c                __aeabi_ul2d
                0x0800053c                __floatdidf
                0x0800053c                __aeabi_l2d
 .text          0x08000598      0x424 C:/Users/guido/Desktop/Sistemi embedded/STM32CubeIDE_1.14.1/STM32CubeIDE/plugins/com.st.stm32cube.ide.mcu.externaltools.gnu-tools-for-stm32.12.3.rel1.win32_1.1.0.202410251130/tools/bin/../lib/gcc/arm-none-eabi/12.3.1/thumb/v7e-m+fp/hard\libgcc.a(_arm_muldivdf3.o)
                0x08000598                __aeabi_dmul
                0x08000598                __muldf3
                0x080007ec                __divdf3
                0x080007ec                __aeabi_ddiv
 .text          0x080009bc       0x50 C:/Users/guido/Desktop/Sistemi embedded/STM32CubeIDE_1.14.1/STM32CubeIDE/plugins/com.st.stm32cube.ide.mcu.externaltools.gnu-tools-for-stm32.12.3.rel1.win32_1.1.0.202410251130/tools/bin/../lib/gcc/arm-none-eabi/12.3.1/thumb/v7e-m+fp/hard\libgcc.a(_arm_fixdfsi.o)
                0x080009bc                __aeabi_d2iz
                0x080009bc                __fixdfsi
 .text          0x08000a0c       0x30 C:/Users/guido/Desktop/Sistemi embedded/STM32CubeIDE_1.14.1/STM32CubeIDE/plugins/com.st.stm32cube.ide.mcu.externaltools.gnu-tools-for-stm32.12.3.rel1.win32_1.1.0.202410251130/tools/bin/../lib/gcc/arm-none-eabi/12.3.1/thumb/v7e-m+fp/hard\libgcc.a(_aeabi_uldivmod.o)
                0x08000a0c                __aeabi_uldivmod
 .text          0x08000a3c      0x2bc C:/Users/guido/Desktop/Sistemi embedded/STM32CubeIDE_1.14.1/STM32CubeIDE/plugins/com.st.stm32cube.ide.mcu.externaltools.gnu-tools-for-stm32.12.3.rel1.win32_1.1.0.202410251130/tools/bin/../lib/gcc/arm-none-eabi/12.3.1/thumb/v7e-m+fp/hard\libgcc.a(_udivmoddi4.o)
                0x08000a3c                __udivmoddi4
 .text          0x08000cf8        0x4 C:/Users/guido/Desktop/Sistemi embedded/STM32CubeIDE_1.14.1/STM32CubeIDE/plugins/com.st.stm32cube.ide.mcu.externaltools.gnu-tools-for-stm32.12.3.rel1.win32_1.1.0.202410251130/tools/bin/../lib/gcc/arm-none-eabi/12.3.1/thumb/v7e-m+fp/hard\libgcc.a(_dvmd_tls.o)
                0x08000cf8                __aeabi_idiv0
                0x08000cf8                __aeabi_ldiv0
 *(.text*)
 .text.MX_ADC1_Init
                0x08000cfc       0xf0 ./Core/Src/adc.o
                0x08000cfc                MX_ADC1_Init
 .text.HAL_ADC_MspInit
                0x08000dec       0x64 ./Core/Src/adc.o
                0x08000dec                HAL_ADC_MspInit
 .text.MX_FREERTOS_Init
                0x08000e50       0xe4 ./Core/Src/app_freertos.o
                0x08000e50                MX_FREERTOS_Init
 .text.letturaTask
                0x08000f34       0xac ./Core/Src/app_freertos.o
                0x08000f34                letturaTask
 .text.comunicazioneTask
                0x08000fe0      0x290 ./Core/Src/app_freertos.o
                0x08000fe0                comunicazioneTask
 .text.degradatoTask
                0x08001270       0x28 ./Core/Src/app_freertos.o
                0x08001270                degradatoTask
 .text.emergenzaTask
                0x08001298       0x20 ./Core/Src/app_freertos.o
                0x08001298                emergenzaTask
 .text.dataCheck
                0x080012b8       0xb0 ./Core/Src/app_freertos.o
                0x080012b8                dataCheck
 .text.degraded
                0x08001368      0x110 ./Core/Src/app_freertos.o
                0x08001368                degraded
 .text.emergency
                0x08001478       0x50 ./Core/Src/app_freertos.o
                0x08001478                emergency
 .text.serialize_partial
                0x080014c8      0x1ec ./Core/Src/com_master.o
                0x080014c8                serialize_partial
 .text.deserialize_partial
                0x080016b4      0x19a ./Core/Src/com_master.o
                0x080016b4                deserialize_partial
 .text.is_invalid_value
                0x0800184e       0x34 ./Core/Src/controller.o
                0x0800184e                is_invalid_value
 .text.are_values_zero
                0x08001882       0x3e ./Core/Src/controller.o
                0x08001882                are_values_zero
 .text.MX_GPIO_Init
                0x080018c0      0x198 ./Core/Src/gpio.o
                0x080018c0                MX_GPIO_Init
 .text.Ultrasonic_Init
                0x08001a58       0x40 ./Core/Src/hcsr04.o
                0x08001a58                Ultrasonic_Init
 .text.Ultrasonic_GetDistance
                0x08001a98      0x148 ./Core/Src/hcsr04.o
                0x08001a98                Ultrasonic_GetDistance
 .text.MX_I2C1_Init
                0x08001be0       0x80 ./Core/Src/i2c.o
                0x08001be0                MX_I2C1_Init
 .text.HAL_I2C_MspInit
                0x08001c60       0xec ./Core/Src/i2c.o
                0x08001c60                HAL_I2C_MspInit
 .text.main     0x08001d4c       0x64 ./Core/Src/main.o
                0x08001d4c                main
 .text.SystemClock_Config
                0x08001db0       0x96 ./Core/Src/main.o
                0x08001db0                SystemClock_Config
 *fill*         0x08001e46        0x2 
 .text.HAL_TIM_PeriodElapsedCallback
                0x08001e48       0x24 ./Core/Src/main.o
                0x08001e48                HAL_TIM_PeriodElapsedCallback
 .text.Error_Handler
                0x08001e6c        0xc ./Core/Src/main.o
                0x08001e6c                Error_Handler
 .text.MX_SPI1_Init
                0x08001e78       0x7c ./Core/Src/spi.o
                0x08001e78                MX_SPI1_Init
 .text.HAL_SPI_MspInit
                0x08001ef4       0xc0 ./Core/Src/spi.o
                0x08001ef4                HAL_SPI_MspInit
 .text.HAL_MspInit
                0x08001fb4       0x54 ./Core/Src/stm32g4xx_hal_msp.o
                0x08001fb4                HAL_MspInit
 .text.HAL_InitTick
                0x08002008       0xd8 ./Core/Src/stm32g4xx_hal_timebase_tim.o
                0x08002008                HAL_InitTick
 .text.NMI_Handler
                0x080020e0        0x8 ./Core/Src/stm32g4xx_it.o
                0x080020e0                NMI_Handler
 .text.HardFault_Handler
                0x080020e8        0x8 ./Core/Src/stm32g4xx_it.o
                0x080020e8                HardFault_Handler
 .text.MemManage_Handler
                0x080020f0        0x8 ./Core/Src/stm32g4xx_it.o
                0x080020f0                MemManage_Handler
 .text.BusFault_Handler
                0x080020f8        0x8 ./Core/Src/stm32g4xx_it.o
                0x080020f8                BusFault_Handler
 .text.UsageFault_Handler
                0x08002100        0x8 ./Core/Src/stm32g4xx_it.o
                0x08002100                UsageFault_Handler
 .text.DebugMon_Handler
                0x08002108        0xe ./Core/Src/stm32g4xx_it.o
                0x08002108                DebugMon_Handler
 *fill*         0x08002116        0x2 
 .text.TIM6_DAC_IRQHandler
                0x08002118       0x14 ./Core/Src/stm32g4xx_it.o
                0x08002118                TIM6_DAC_IRQHandler
 .text.SystemInit
                0x0800212c       0x24 ./Core/Src/system_stm32g4xx.o
                0x0800212c                SystemInit
 .text.MX_TIM1_Init
                0x08002150       0xa8 ./Core/Src/tim.o
                0x08002150                MX_TIM1_Init
 .text.MX_TIM2_Init
                0x080021f8       0x9c ./Core/Src/tim.o
                0x080021f8                MX_TIM2_Init
 .text.MX_TIM7_Init
                0x08002294       0x6c ./Core/Src/tim.o
                0x08002294                MX_TIM7_Init
 .text.HAL_TIM_Base_MspInit
                0x08002300       0x8c ./Core/Src/tim.o
                0x08002300                HAL_TIM_Base_MspInit
 .text.MX_USART1_UART_Init
                0x0800238c       0x98 ./Core/Src/usart.o
                0x0800238c                MX_USART1_UART_Init
 .text.MX_USART2_UART_Init
                0x08002424       0x98 ./Core/Src/usart.o
                0x08002424                MX_USART2_UART_Init
 .text.MX_USART3_UART_Init
                0x080024bc       0x98 ./Core/Src/usart.o
                0x080024bc                MX_USART3_UART_Init
 .text.HAL_UART_MspInit
                0x08002554      0x1bc ./Core/Src/usart.o
                0x08002554                HAL_UART_MspInit
 .text.Reset_Handler
                0x08002710       0x50 ./Core/Startup/startup_stm32g474retx.o
                0x08002710                Reset_Handler
 .text.Default_Handler
                0x08002760        0x2 ./Core/Startup/startup_stm32g474retx.o
                0x08002760                RTC_Alarm_IRQHandler
                0x08002760                EXTI2_IRQHandler
                0x08002760                TIM8_TRG_COM_IRQHandler
                0x08002760                TIM8_CC_IRQHandler
                0x08002760                HRTIM1_Master_IRQHandler
                0x08002760                SPI4_IRQHandler
                0x08002760                FDCAN3_IT0_IRQHandler
                0x08002760                TIM1_CC_IRQHandler
                0x08002760                HRTIM1_FLT_IRQHandler
                0x08002760                HRTIM1_TIMF_IRQHandler
                0x08002760                USB_HP_IRQHandler
                0x08002760                CORDIC_IRQHandler
                0x08002760                HRTIM1_TIMD_IRQHandler
                0x08002760                DMA2_Channel8_IRQHandler
                0x08002760                EXTI3_IRQHandler
                0x08002760                I2C3_ER_IRQHandler
                0x08002760                EXTI0_IRQHandler
                0x08002760                I2C2_EV_IRQHandler
                0x08002760                FPU_IRQHandler
                0x08002760                FDCAN1_IT1_IRQHandler
                0x08002760                TIM1_UP_TIM16_IRQHandler
                0x08002760                ADC1_2_IRQHandler
                0x08002760                HRTIM1_TIME_IRQHandler
                0x08002760                SPI1_IRQHandler
                0x08002760                HRTIM1_TIMC_IRQHandler
                0x08002760                TIM8_UP_IRQHandler
                0x08002760                DMA2_Channel2_IRQHandler
                0x08002760                DMA1_Channel4_IRQHandler
                0x08002760                TIM20_TRG_COM_IRQHandler
                0x08002760                USART3_IRQHandler
                0x08002760                DMA1_Channel7_IRQHandler
                0x08002760                UART5_IRQHandler
                0x08002760                ADC3_IRQHandler
                0x08002760                TIM4_IRQHandler
                0x08002760                DMA2_Channel1_IRQHandler
                0x08002760                QUADSPI_IRQHandler
                0x08002760                I2C1_EV_IRQHandler
                0x08002760                DMA1_Channel6_IRQHandler
                0x08002760                UART4_IRQHandler
                0x08002760                DMA2_Channel4_IRQHandler
                0x08002760                TIM3_IRQHandler
                0x08002760                RCC_IRQHandler
                0x08002760                TIM20_UP_IRQHandler
                0x08002760                DMA1_Channel1_IRQHandler
                0x08002760                Default_Handler
                0x08002760                DMA2_Channel7_IRQHandler
                0x08002760                RTC_TAMP_LSECSS_IRQHandler
                0x08002760                FMAC_IRQHandler
                0x08002760                EXTI15_10_IRQHandler
                0x08002760                DMA1_Channel8_IRQHandler
                0x08002760                HRTIM1_TIMA_IRQHandler
                0x08002760                TIM7_DAC_IRQHandler
                0x08002760                FDCAN3_IT1_IRQHandler
                0x08002760                TIM5_IRQHandler
                0x08002760                UCPD1_IRQHandler
                0x08002760                I2C3_EV_IRQHandler
                0x08002760                EXTI9_5_IRQHandler
                0x08002760                RTC_WKUP_IRQHandler
                0x08002760                PVD_PVM_IRQHandler
                0x08002760                SPI2_IRQHandler
                0x08002760                ADC5_IRQHandler
                0x08002760                DMA2_Channel5_IRQHandler
                0x08002760                CRS_IRQHandler
                0x08002760                DMA1_Channel5_IRQHandler
                0x08002760                USB_LP_IRQHandler
                0x08002760                EXTI4_IRQHandler
                0x08002760                RNG_IRQHandler
                0x08002760                HRTIM1_TIMB_IRQHandler
                0x08002760                TIM1_TRG_COM_TIM17_IRQHandler
                0x08002760                FDCAN2_IT1_IRQHandler
                0x08002760                DMA1_Channel3_IRQHandler
                0x08002760                ADC4_IRQHandler
                0x08002760                WWDG_IRQHandler
                0x08002760                I2C4_EV_IRQHandler
                0x08002760                FDCAN2_IT0_IRQHandler
                0x08002760                LPUART1_IRQHandler
                0x08002760                DMA2_Channel6_IRQHandler
                0x08002760                FDCAN1_IT0_IRQHandler
                0x08002760                TIM2_IRQHandler
                0x08002760                COMP7_IRQHandler
                0x08002760                COMP1_2_3_IRQHandler
                0x08002760                EXTI1_IRQHandler
                0x08002760                USART2_IRQHandler
                0x08002760                COMP4_5_6_IRQHandler
                0x08002760                TIM20_BRK_IRQHandler
                0x08002760                I2C2_ER_IRQHandler
                0x08002760                DMA1_Channel2_IRQHandler
                0x08002760                TIM8_BRK_IRQHandler
                0x08002760                FLASH_IRQHandler
                0x08002760                TIM20_CC_IRQHandler
                0x08002760                USART1_IRQHandler
                0x08002760                SPI3_IRQHandler
                0x08002760                I2C1_ER_IRQHandler
                0x08002760                FMC_IRQHandler
                0x08002760                LPTIM1_IRQHandler
                0x08002760                DMAMUX_OVR_IRQHandler
                0x08002760                I2C4_ER_IRQHandler
                0x08002760                USBWakeUp_IRQHandler
                0x08002760                SAI1_IRQHandler
                0x08002760                DMA2_Channel3_IRQHandler
                0x08002760                TIM1_BRK_TIM15_IRQHandler
 .text.HAL_Init
                0x08002762       0x30 ./Drivers/STM32G4xx_HAL_Driver/Src/stm32g4xx_hal.o
                0x08002762                HAL_Init
 *fill*         0x08002792        0x2 
 .text.HAL_IncTick
                0x08002794       0x24 ./Drivers/STM32G4xx_HAL_Driver/Src/stm32g4xx_hal.o
                0x08002794                HAL_IncTick
 .text.HAL_GetTick
                0x080027b8       0x18 ./Drivers/STM32G4xx_HAL_Driver/Src/stm32g4xx_hal.o
                0x080027b8                HAL_GetTick
 .text.LL_ADC_SetCommonClock
                0x080027d0       0x26 ./Drivers/STM32G4xx_HAL_Driver/Src/stm32g4xx_hal_adc.o
 .text.LL_ADC_SetCommonPathInternalCh
                0x080027f6       0x26 ./Drivers/STM32G4xx_HAL_Driver/Src/stm32g4xx_hal_adc.o
 .text.LL_ADC_GetCommonPathInternalCh
                0x0800281c       0x1c ./Drivers/STM32G4xx_HAL_Driver/Src/stm32g4xx_hal_adc.o
 .text.LL_ADC_SetOffset
                0x08002838       0x48 ./Drivers/STM32G4xx_HAL_Driver/Src/stm32g4xx_hal_adc.o
 .text.LL_ADC_GetOffsetChannel
                0x08002880       0x2c ./Drivers/STM32G4xx_HAL_Driver/Src/stm32g4xx_hal_adc.o
 .text.LL_ADC_SetOffsetState
                0x080028ac       0x36 ./Drivers/STM32G4xx_HAL_Driver/Src/stm32g4xx_hal_adc.o
 .text.LL_ADC_SetOffsetSign
                0x080028e2       0x36 ./Drivers/STM32G4xx_HAL_Driver/Src/stm32g4xx_hal_adc.o
 .text.LL_ADC_SetOffsetSaturation
                0x08002918       0x36 ./Drivers/STM32G4xx_HAL_Driver/Src/stm32g4xx_hal_adc.o
 .text.LL_ADC_SetSamplingTimeCommonConfig
                0x0800294e       0x26 ./Drivers/STM32G4xx_HAL_Driver/Src/stm32g4xx_hal_adc.o
 .text.LL_ADC_REG_SetSequencerRanks
                0x08002974       0x58 ./Drivers/STM32G4xx_HAL_Driver/Src/stm32g4xx_hal_adc.o
 .text.LL_ADC_SetChannelSamplingTime
                0x080029cc       0x56 ./Drivers/STM32G4xx_HAL_Driver/Src/stm32g4xx_hal_adc.o
 *fill*         0x08002a22        0x2 
 .text.LL_ADC_SetChannelSingleDiff
                0x08002a24       0x48 ./Drivers/STM32G4xx_HAL_Driver/Src/stm32g4xx_hal_adc.o
 .text.LL_ADC_DisableDeepPowerDown
                0x08002a6c       0x24 ./Drivers/STM32G4xx_HAL_Driver/Src/stm32g4xx_hal_adc.o
 .text.LL_ADC_IsDeepPowerDownEnabled
                0x08002a90       0x28 ./Drivers/STM32G4xx_HAL_Driver/Src/stm32g4xx_hal_adc.o
 .text.LL_ADC_EnableInternalRegulator
                0x08002ab8       0x28 ./Drivers/STM32G4xx_HAL_Driver/Src/stm32g4xx_hal_adc.o
 .text.LL_ADC_IsInternalRegulatorEnabled
                0x08002ae0       0x28 ./Drivers/STM32G4xx_HAL_Driver/Src/stm32g4xx_hal_adc.o
 .text.LL_ADC_IsEnabled
                0x08002b08       0x26 ./Drivers/STM32G4xx_HAL_Driver/Src/stm32g4xx_hal_adc.o
 .text.LL_ADC_REG_IsConversionOngoing
                0x08002b2e       0x26 ./Drivers/STM32G4xx_HAL_Driver/Src/stm32g4xx_hal_adc.o
 .text.LL_ADC_INJ_IsConversionOngoing
                0x08002b54       0x26 ./Drivers/STM32G4xx_HAL_Driver/Src/stm32g4xx_hal_adc.o
 *fill*         0x08002b7a        0x2 
 .text.HAL_ADC_Init
                0x08002b7c      0x378 ./Drivers/STM32G4xx_HAL_Driver/Src/stm32g4xx_hal_adc.o
                0x08002b7c                HAL_ADC_Init
 .text.HAL_ADC_ConfigChannel
                0x08002ef4      0x880 ./Drivers/STM32G4xx_HAL_Driver/Src/stm32g4xx_hal_adc.o
                0x08002ef4                HAL_ADC_ConfigChannel
 .text.LL_ADC_IsEnabled
                0x08003774       0x26 ./Drivers/STM32G4xx_HAL_Driver/Src/stm32g4xx_hal_adc_ex.o
 .text.LL_ADC_REG_IsConversionOngoing
                0x0800379a       0x26 ./Drivers/STM32G4xx_HAL_Driver/Src/stm32g4xx_hal_adc_ex.o
 .text.HAL_ADCEx_MultiModeConfigChannel
                0x080037c0      0x210 ./Drivers/STM32G4xx_HAL_Driver/Src/stm32g4xx_hal_adc_ex.o
                0x080037c0                HAL_ADCEx_MultiModeConfigChannel
 .text.__NVIC_SetPriorityGrouping
                0x080039d0       0x48 ./Drivers/STM32G4xx_HAL_Driver/Src/stm32g4xx_hal_cortex.o
 .text.__NVIC_GetPriorityGrouping
                0x08003a18       0x1c ./Drivers/STM32G4xx_HAL_Driver/Src/stm32g4xx_hal_cortex.o
 .text.__NVIC_EnableIRQ
                0x08003a34       0x3c ./Drivers/STM32G4xx_HAL_Driver/Src/stm32g4xx_hal_cortex.o
 .text.__NVIC_SetPriority
                0x08003a70       0x54 ./Drivers/STM32G4xx_HAL_Driver/Src/stm32g4xx_hal_cortex.o
 .text.NVIC_EncodePriority
                0x08003ac4       0x66 ./Drivers/STM32G4xx_HAL_Driver/Src/stm32g4xx_hal_cortex.o
 .text.HAL_NVIC_SetPriorityGrouping
                0x08003b2a       0x16 ./Drivers/STM32G4xx_HAL_Driver/Src/stm32g4xx_hal_cortex.o
                0x08003b2a                HAL_NVIC_SetPriorityGrouping
 .text.HAL_NVIC_SetPriority
                0x08003b40       0x34 ./Drivers/STM32G4xx_HAL_Driver/Src/stm32g4xx_hal_cortex.o
                0x08003b40                HAL_NVIC_SetPriority
 .text.HAL_NVIC_EnableIRQ
                0x08003b74       0x1c ./Drivers/STM32G4xx_HAL_Driver/Src/stm32g4xx_hal_cortex.o
                0x08003b74                HAL_NVIC_EnableIRQ
 .text.HAL_GPIO_Init
                0x08003b90      0x304 ./Drivers/STM32G4xx_HAL_Driver/Src/stm32g4xx_hal_gpio.o
                0x08003b90                HAL_GPIO_Init
 .text.HAL_GPIO_ReadPin
                0x08003e94       0x30 ./Drivers/STM32G4xx_HAL_Driver/Src/stm32g4xx_hal_gpio.o
                0x08003e94                HAL_GPIO_ReadPin
 .text.HAL_GPIO_WritePin
                0x08003ec4       0x30 ./Drivers/STM32G4xx_HAL_Driver/Src/stm32g4xx_hal_gpio.o
                0x08003ec4                HAL_GPIO_WritePin
 .text.HAL_I2C_Init
                0x08003ef4      0x136 ./Drivers/STM32G4xx_HAL_Driver/Src/stm32g4xx_hal_i2c.o
                0x08003ef4                HAL_I2C_Init
 *fill*         0x0800402a        0x2 
 .text.HAL_I2C_Master_Receive
                0x0800402c      0x1ec ./Drivers/STM32G4xx_HAL_Driver/Src/stm32g4xx_hal_i2c.o
                0x0800402c                HAL_I2C_Master_Receive
 .text.I2C_Flush_TXDR
                0x08004218       0x48 ./Drivers/STM32G4xx_HAL_Driver/Src/stm32g4xx_hal_i2c.o
 .text.I2C_WaitOnFlagUntilTimeout
                0x08004260       0xb2 ./Drivers/STM32G4xx_HAL_Driver/Src/stm32g4xx_hal_i2c.o
 .text.I2C_WaitOnSTOPFlagUntilTimeout
                0x08004312       0x86 ./Drivers/STM32G4xx_HAL_Driver/Src/stm32g4xx_hal_i2c.o
 .text.I2C_WaitOnRXNEFlagUntilTimeout
                0x08004398      0x118 ./Drivers/STM32G4xx_HAL_Driver/Src/stm32g4xx_hal_i2c.o
 .text.I2C_IsErrorOccurred
                0x080044b0      0x1c0 ./Drivers/STM32G4xx_HAL_Driver/Src/stm32g4xx_hal_i2c.o
 .text.I2C_TransferConfig
                0x08004670       0x64 ./Drivers/STM32G4xx_HAL_Driver/Src/stm32g4xx_hal_i2c.o
 .text.HAL_I2CEx_ConfigAnalogFilter
                0x080046d4       0x96 ./Drivers/STM32G4xx_HAL_Driver/Src/stm32g4xx_hal_i2c_ex.o
                0x080046d4                HAL_I2CEx_ConfigAnalogFilter
 .text.HAL_I2CEx_ConfigDigitalFilter
                0x0800476a       0x98 ./Drivers/STM32G4xx_HAL_Driver/Src/stm32g4xx_hal_i2c_ex.o
                0x0800476a                HAL_I2CEx_ConfigDigitalFilter
 *fill*         0x08004802        0x2 
 .text.HAL_PWREx_ControlVoltageScaling
                0x08004804      0x148 ./Drivers/STM32G4xx_HAL_Driver/Src/stm32g4xx_hal_pwr_ex.o
                0x08004804                HAL_PWREx_ControlVoltageScaling
 .text.HAL_PWREx_DisableUCPDDeadBattery
                0x0800494c       0x20 ./Drivers/STM32G4xx_HAL_Driver/Src/stm32g4xx_hal_pwr_ex.o
                0x0800494c                HAL_PWREx_DisableUCPDDeadBattery
 .text.HAL_RCC_OscConfig
                0x0800496c      0x624 ./Drivers/STM32G4xx_HAL_Driver/Src/stm32g4xx_hal_rcc.o
                0x0800496c                HAL_RCC_OscConfig
 .text.HAL_RCC_ClockConfig
                0x08004f90      0x278 ./Drivers/STM32G4xx_HAL_Driver/Src/stm32g4xx_hal_rcc.o
                0x08004f90                HAL_RCC_ClockConfig
 .text.HAL_RCC_GetSysClockFreq
                0x08005208       0xc4 ./Drivers/STM32G4xx_HAL_Driver/Src/stm32g4xx_hal_rcc.o
                0x08005208                HAL_RCC_GetSysClockFreq
 .text.HAL_RCC_GetHCLKFreq
                0x080052cc       0x18 ./Drivers/STM32G4xx_HAL_Driver/Src/stm32g4xx_hal_rcc.o
                0x080052cc                HAL_RCC_GetHCLKFreq
 .text.HAL_RCC_GetPCLK1Freq
                0x080052e4       0x2c ./Drivers/STM32G4xx_HAL_Driver/Src/stm32g4xx_hal_rcc.o
                0x080052e4                HAL_RCC_GetPCLK1Freq
 .text.HAL_RCC_GetPCLK2Freq
                0x08005310       0x2c ./Drivers/STM32G4xx_HAL_Driver/Src/stm32g4xx_hal_rcc.o
                0x08005310                HAL_RCC_GetPCLK2Freq
 .text.HAL_RCC_GetClockConfig
                0x0800533c       0x64 ./Drivers/STM32G4xx_HAL_Driver/Src/stm32g4xx_hal_rcc.o
                0x0800533c                HAL_RCC_GetClockConfig
 .text.RCC_GetSysClockFreqFromPLLSource
                0x080053a0       0x8c ./Drivers/STM32G4xx_HAL_Driver/Src/stm32g4xx_hal_rcc.o
 .text.HAL_RCCEx_PeriphCLKConfig
                0x0800542c      0x49c ./Drivers/STM32G4xx_HAL_Driver/Src/stm32g4xx_hal_rcc_ex.o
                0x0800542c                HAL_RCCEx_PeriphCLKConfig
 .text.HAL_SPI_Init
                0x080058c8      0x156 ./Drivers/STM32G4xx_HAL_Driver/Src/stm32g4xx_hal_spi.o
                0x080058c8                HAL_SPI_Init
 .text.HAL_SPI_Transmit
                0x08005a1e      0x2ec ./Drivers/STM32G4xx_HAL_Driver/Src/stm32g4xx_hal_spi.o
                0x08005a1e                HAL_SPI_Transmit
 .text.HAL_SPI_Receive
                0x08005d0a      0x270 ./Drivers/STM32G4xx_HAL_Driver/Src/stm32g4xx_hal_spi.o
                0x08005d0a                HAL_SPI_Receive
 .text.HAL_SPI_TransmitReceive
                0x08005f7a      0x43e ./Drivers/STM32G4xx_HAL_Driver/Src/stm32g4xx_hal_spi.o
                0x08005f7a                HAL_SPI_TransmitReceive
 .text.SPI_WaitFlagStateUntilTimeout
                0x080063b8      0x110 ./Drivers/STM32G4xx_HAL_Driver/Src/stm32g4xx_hal_spi.o
 .text.SPI_WaitFifoStateUntilTimeout
                0x080064c8      0x12c ./Drivers/STM32G4xx_HAL_Driver/Src/stm32g4xx_hal_spi.o
 .text.SPI_EndRxTransaction
                0x080065f4       0xb0 ./Drivers/STM32G4xx_HAL_Driver/Src/stm32g4xx_hal_spi.o
 .text.SPI_EndRxTxTransaction
                0x080066a4       0x8c ./Drivers/STM32G4xx_HAL_Driver/Src/stm32g4xx_hal_spi.o
 .text.HAL_TIM_Base_Init
                0x08006730       0xae ./Drivers/STM32G4xx_HAL_Driver/Src/stm32g4xx_hal_tim.o
                0x08006730                HAL_TIM_Base_Init
 *fill*         0x080067de        0x2 
 .text.HAL_TIM_Base_Start
                0x080067e0       0xe0 ./Drivers/STM32G4xx_HAL_Driver/Src/stm32g4xx_hal_tim.o
                0x080067e0                HAL_TIM_Base_Start
 .text.HAL_TIM_Base_Start_IT
                0x080068c0       0xf0 ./Drivers/STM32G4xx_HAL_Driver/Src/stm32g4xx_hal_tim.o
                0x080068c0                HAL_TIM_Base_Start_IT
 .text.HAL_TIM_IRQHandler
                0x080069b0      0x29e ./Drivers/STM32G4xx_HAL_Driver/Src/stm32g4xx_hal_tim.o
                0x080069b0                HAL_TIM_IRQHandler
 *fill*         0x08006c4e        0x2 
 .text.HAL_TIM_ConfigClockSource
                0x08006c50      0x22c ./Drivers/STM32G4xx_HAL_Driver/Src/stm32g4xx_hal_tim.o
                0x08006c50                HAL_TIM_ConfigClockSource
 .text.HAL_TIM_OC_DelayElapsedCallback
                0x08006e7c       0x14 ./Drivers/STM32G4xx_HAL_Driver/Src/stm32g4xx_hal_tim.o
                0x08006e7c                HAL_TIM_OC_DelayElapsedCallback
 .text.HAL_TIM_IC_CaptureCallback
                0x08006e90       0x14 ./Drivers/STM32G4xx_HAL_Driver/Src/stm32g4xx_hal_tim.o
                0x08006e90                HAL_TIM_IC_CaptureCallback
 .text.HAL_TIM_PWM_PulseFinishedCallback
                0x08006ea4       0x14 ./Drivers/STM32G4xx_HAL_Driver/Src/stm32g4xx_hal_tim.o
                0x08006ea4                HAL_TIM_PWM_PulseFinishedCallback
 .text.HAL_TIM_TriggerCallback
                0x08006eb8       0x14 ./Drivers/STM32G4xx_HAL_Driver/Src/stm32g4xx_hal_tim.o
                0x08006eb8                HAL_TIM_TriggerCallback
 .text.TIM_Base_SetConfig
                0x08006ecc      0x168 ./Drivers/STM32G4xx_HAL_Driver/Src/stm32g4xx_hal_tim.o
                0x08006ecc                TIM_Base_SetConfig
 .text.TIM_TI1_ConfigInputStage
                0x08007034       0x5e ./Drivers/STM32G4xx_HAL_Driver/Src/stm32g4xx_hal_tim.o
 .text.TIM_TI2_ConfigInputStage
                0x08007092       0x60 ./Drivers/STM32G4xx_HAL_Driver/Src/stm32g4xx_hal_tim.o
 .text.TIM_ITRx_SetConfig
                0x080070f2       0x3a ./Drivers/STM32G4xx_HAL_Driver/Src/stm32g4xx_hal_tim.o
 .text.TIM_ETR_SetConfig
                0x0800712c       0x40 ./Drivers/STM32G4xx_HAL_Driver/Src/stm32g4xx_hal_tim.o
                0x0800712c                TIM_ETR_SetConfig
 .text.HAL_TIMEx_MasterConfigSynchronization
                0x0800716c      0x12c ./Drivers/STM32G4xx_HAL_Driver/Src/stm32g4xx_hal_tim_ex.o
                0x0800716c                HAL_TIMEx_MasterConfigSynchronization
 .text.HAL_TIMEx_CommutCallback
                0x08007298       0x14 ./Drivers/STM32G4xx_HAL_Driver/Src/stm32g4xx_hal_tim_ex.o
                0x08007298                HAL_TIMEx_CommutCallback
 .text.HAL_TIMEx_BreakCallback
                0x080072ac       0x14 ./Drivers/STM32G4xx_HAL_Driver/Src/stm32g4xx_hal_tim_ex.o
                0x080072ac                HAL_TIMEx_BreakCallback
 .text.HAL_TIMEx_Break2Callback
                0x080072c0       0x14 ./Drivers/STM32G4xx_HAL_Driver/Src/stm32g4xx_hal_tim_ex.o
                0x080072c0                HAL_TIMEx_Break2Callback
 .text.HAL_TIMEx_EncoderIndexCallback
                0x080072d4       0x14 ./Drivers/STM32G4xx_HAL_Driver/Src/stm32g4xx_hal_tim_ex.o
                0x080072d4                HAL_TIMEx_EncoderIndexCallback
 .text.HAL_TIMEx_DirectionChangeCallback
                0x080072e8       0x14 ./Drivers/STM32G4xx_HAL_Driver/Src/stm32g4xx_hal_tim_ex.o
                0x080072e8                HAL_TIMEx_DirectionChangeCallback
 .text.HAL_TIMEx_IndexErrorCallback
                0x080072fc       0x14 ./Drivers/STM32G4xx_HAL_Driver/Src/stm32g4xx_hal_tim_ex.o
                0x080072fc                HAL_TIMEx_IndexErrorCallback
 .text.HAL_TIMEx_TransitionErrorCallback
                0x08007310       0x14 ./Drivers/STM32G4xx_HAL_Driver/Src/stm32g4xx_hal_tim_ex.o
                0x08007310                HAL_TIMEx_TransitionErrorCallback
 .text.HAL_UART_Init
                0x08007324       0xa0 ./Drivers/STM32G4xx_HAL_Driver/Src/stm32g4xx_hal_uart.o
                0x08007324                HAL_UART_Init
 .text.HAL_UART_Transmit
                0x080073c4      0x11c ./Drivers/STM32G4xx_HAL_Driver/Src/stm32g4xx_hal_uart.o
                0x080073c4                HAL_UART_Transmit
 .text.UART_SetConfig
                0x080074e0      0x5f8 ./Drivers/STM32G4xx_HAL_Driver/Src/stm32g4xx_hal_uart.o
                0x080074e0                UART_SetConfig
 .text.UART_AdvFeatureConfig
                0x08007ad8      0x144 ./Drivers/STM32G4xx_HAL_Driver/Src/stm32g4xx_hal_uart.o
                0x08007ad8                UART_AdvFeatureConfig
 .text.UART_CheckIdleState
                0x08007c1c      0x154 ./Drivers/STM32G4xx_HAL_Driver/Src/stm32g4xx_hal_uart.o
                0x08007c1c                UART_CheckIdleState
 .text.UART_WaitOnFlagUntilTimeout
                0x08007d70       0xda ./Drivers/STM32G4xx_HAL_Driver/Src/stm32g4xx_hal_uart.o
                0x08007d70                UART_WaitOnFlagUntilTimeout
 .text.UART_EndRxTransfer
                0x08007e4a       0xcc ./Drivers/STM32G4xx_HAL_Driver/Src/stm32g4xx_hal_uart.o
 .text.HAL_UARTEx_DisableFifoMode
                0x08007f16       0x72 ./Drivers/STM32G4xx_HAL_Driver/Src/stm32g4xx_hal_uart_ex.o
                0x08007f16                HAL_UARTEx_DisableFifoMode
 .text.HAL_UARTEx_SetTxFifoThreshold
                0x08007f88       0x7c ./Drivers/STM32G4xx_HAL_Driver/Src/stm32g4xx_hal_uart_ex.o
                0x08007f88                HAL_UARTEx_SetTxFifoThreshold
 .text.HAL_UARTEx_SetRxFifoThreshold
                0x08008004       0x7c ./Drivers/STM32G4xx_HAL_Driver/Src/stm32g4xx_hal_uart_ex.o
                0x08008004                HAL_UARTEx_SetRxFifoThreshold
 .text.UARTEx_SetNbDataToProcess
                0x08008080       0x9c ./Drivers/STM32G4xx_HAL_Driver/Src/stm32g4xx_hal_uart_ex.o
 .text.__NVIC_SetPriority
                0x0800811c       0x54 ./Middlewares/Third_Party/FreeRTOS/Source/CMSIS_RTOS_V2/cmsis_os2.o
 .text.SysTick_Handler
                0x08008170       0x20 ./Middlewares/Third_Party/FreeRTOS/Source/CMSIS_RTOS_V2/cmsis_os2.o
                0x08008170                SysTick_Handler
 .text.SVC_Setup
                0x08008190       0x12 ./Middlewares/Third_Party/FreeRTOS/Source/CMSIS_RTOS_V2/cmsis_os2.o
 *fill*         0x080081a2        0x2 
 .text.osKernelInitialize
                0x080081a4       0x48 ./Middlewares/Third_Party/FreeRTOS/Source/CMSIS_RTOS_V2/cmsis_os2.o
                0x080081a4                osKernelInitialize
 .text.osKernelStart
                0x080081ec       0x4c ./Middlewares/Third_Party/FreeRTOS/Source/CMSIS_RTOS_V2/cmsis_os2.o
                0x080081ec                osKernelStart
 .text.osKernelGetTickCount
                0x08008238       0x2a ./Middlewares/Third_Party/FreeRTOS/Source/CMSIS_RTOS_V2/cmsis_os2.o
                0x08008238                osKernelGetTickCount
 .text.osThreadNew
                0x08008262      0x124 ./Middlewares/Third_Party/FreeRTOS/Source/CMSIS_RTOS_V2/cmsis_os2.o
                0x08008262                osThreadNew
 .text.osDelay  0x08008386       0x36 ./Middlewares/Third_Party/FreeRTOS/Source/CMSIS_RTOS_V2/cmsis_os2.o
                0x08008386                osDelay
 .text.vApplicationGetIdleTaskMemory
                0x080083bc       0x34 ./Middlewares/Third_Party/FreeRTOS/Source/CMSIS_RTOS_V2/cmsis_os2.o
                0x080083bc                vApplicationGetIdleTaskMemory
 .text.vApplicationGetTimerTaskMemory
                0x080083f0       0x34 ./Middlewares/Third_Party/FreeRTOS/Source/CMSIS_RTOS_V2/cmsis_os2.o
                0x080083f0                vApplicationGetTimerTaskMemory
 .text.vListInitialise
                0x08008424       0x40 ./Middlewares/Third_Party/FreeRTOS/Source/list.o
                0x08008424                vListInitialise
 .text.vListInitialiseItem
                0x08008464       0x1a ./Middlewares/Third_Party/FreeRTOS/Source/list.o
                0x08008464                vListInitialiseItem
 .text.vListInsertEnd
                0x0800847e       0x48 ./Middlewares/Third_Party/FreeRTOS/Source/list.o
                0x0800847e                vListInsertEnd
 .text.vListInsert
                0x080084c6       0x72 ./Middlewares/Third_Party/FreeRTOS/Source/list.o
                0x080084c6                vListInsert
 .text.uxListRemove
                0x08008538       0x54 ./Middlewares/Third_Party/FreeRTOS/Source/list.o
                0x08008538                uxListRemove
 .text.xQueueGenericReset
                0x0800858c       0xb8 ./Middlewares/Third_Party/FreeRTOS/Source/queue.o
                0x0800858c                xQueueGenericReset
 .text.xQueueGenericCreateStatic
                0x08008644       0xfa ./Middlewares/Third_Party/FreeRTOS/Source/queue.o
                0x08008644                xQueueGenericCreateStatic
 .text.prvInitialiseNewQueue
                0x0800873e       0x46 ./Middlewares/Third_Party/FreeRTOS/Source/queue.o
 .text.xQueueGenericSend
                0x08008784      0x1d4 ./Middlewares/Third_Party/FreeRTOS/Source/queue.o
                0x08008784                xQueueGenericSend
 .text.xQueueGenericSendFromISR
                0x08008958      0x13c ./Middlewares/Third_Party/FreeRTOS/Source/queue.o
                0x08008958                xQueueGenericSendFromISR
 .text.xQueueReceive
                0x08008a94      0x1b0 ./Middlewares/Third_Party/FreeRTOS/Source/queue.o
                0x08008a94                xQueueReceive
 .text.prvCopyDataToQueue
                0x08008c44       0xd4 ./Middlewares/Third_Party/FreeRTOS/Source/queue.o
 .text.prvCopyDataFromQueue
                0x08008d18       0x4c ./Middlewares/Third_Party/FreeRTOS/Source/queue.o
 .text.prvUnlockQueue
                0x08008d64       0xa4 ./Middlewares/Third_Party/FreeRTOS/Source/queue.o
 .text.prvIsQueueEmpty
                0x08008e08       0x2c ./Middlewares/Third_Party/FreeRTOS/Source/queue.o
 .text.prvIsQueueFull
                0x08008e34       0x30 ./Middlewares/Third_Party/FreeRTOS/Source/queue.o
 .text.vQueueAddToRegistry
                0x08008e64       0x54 ./Middlewares/Third_Party/FreeRTOS/Source/queue.o
                0x08008e64                vQueueAddToRegistry
 .text.vQueueWaitForMessageRestricted
                0x08008eb8       0x68 ./Middlewares/Third_Party/FreeRTOS/Source/queue.o
                0x08008eb8                vQueueWaitForMessageRestricted
 .text.xTaskCreateStatic
                0x08008f20       0xc0 ./Middlewares/Third_Party/FreeRTOS/Source/tasks.o
                0x08008f20                xTaskCreateStatic
 .text.xTaskCreate
                0x08008fe0       0x8a ./Middlewares/Third_Party/FreeRTOS/Source/tasks.o
                0x08008fe0                xTaskCreate
 *fill*         0x0800906a        0x2 
 .text.prvInitialiseNewTask
                0x0800906c      0x150 ./Middlewares/Third_Party/FreeRTOS/Source/tasks.o
 .text.prvAddNewTaskToReadyList
                0x080091bc       0xc0 ./Middlewares/Third_Party/FreeRTOS/Source/tasks.o
 .text.vTaskDelay
                0x0800927c       0x6c ./Middlewares/Third_Party/FreeRTOS/Source/tasks.o
                0x0800927c                vTaskDelay
 .text.vTaskStartScheduler
                0x080092e8       0xe0 ./Middlewares/Third_Party/FreeRTOS/Source/tasks.o
                0x080092e8                vTaskStartScheduler
 .text.vTaskSuspendAll
                0x080093c8       0x1c ./Middlewares/Third_Party/FreeRTOS/Source/tasks.o
                0x080093c8                vTaskSuspendAll
 .text.xTaskResumeAll
                0x080093e4      0x120 ./Middlewares/Third_Party/FreeRTOS/Source/tasks.o
                0x080093e4                xTaskResumeAll
 .text.xTaskGetTickCount
                0x08009504       0x20 ./Middlewares/Third_Party/FreeRTOS/Source/tasks.o
                0x08009504                xTaskGetTickCount
 .text.xTaskGetTickCountFromISR
                0x08009524       0x24 ./Middlewares/Third_Party/FreeRTOS/Source/tasks.o
                0x08009524                xTaskGetTickCountFromISR
 .text.xTaskIncrementTick
                0x08009548      0x130 ./Middlewares/Third_Party/FreeRTOS/Source/tasks.o
                0x08009548                xTaskIncrementTick
 .text.vTaskSwitchContext
                0x08009678       0xcc ./Middlewares/Third_Party/FreeRTOS/Source/tasks.o
                0x08009678                vTaskSwitchContext
 .text.vTaskPlaceOnEventList
                0x08009744       0x4c ./Middlewares/Third_Party/FreeRTOS/Source/tasks.o
                0x08009744                vTaskPlaceOnEventList
 .text.vTaskPlaceOnEventListRestricted
                0x08009790       0x58 ./Middlewares/Third_Party/FreeRTOS/Source/tasks.o
                0x08009790                vTaskPlaceOnEventListRestricted
 .text.xTaskRemoveFromEventList
                0x080097e8       0xc8 ./Middlewares/Third_Party/FreeRTOS/Source/tasks.o
                0x080097e8                xTaskRemoveFromEventList
 .text.vTaskInternalSetTimeOutState
                0x080098b0       0x2c ./Middlewares/Third_Party/FreeRTOS/Source/tasks.o
                0x080098b0                vTaskInternalSetTimeOutState
 .text.xTaskCheckForTimeOut
                0x080098dc       0xc8 ./Middlewares/Third_Party/FreeRTOS/Source/tasks.o
                0x080098dc                xTaskCheckForTimeOut
 .text.vTaskMissedYield
                0x080099a4       0x18 ./Middlewares/Third_Party/FreeRTOS/Source/tasks.o
                0x080099a4                vTaskMissedYield
 .text.prvIdleTask
                0x080099bc       0x24 ./Middlewares/Third_Party/FreeRTOS/Source/tasks.o
 .text.prvInitialiseTaskLists
                0x080099e0       0x80 ./Middlewares/Third_Party/FreeRTOS/Source/tasks.o
 .text.prvCheckTasksWaitingTermination
                0x08009a60       0x5c ./Middlewares/Third_Party/FreeRTOS/Source/tasks.o
 .text.prvDeleteTCB
                0x08009abc       0x6a ./Middlewares/Third_Party/FreeRTOS/Source/tasks.o
 *fill*         0x08009b26        0x2 
 .text.prvResetNextTaskUnblockTime
                0x08009b28       0x40 ./Middlewares/Third_Party/FreeRTOS/Source/tasks.o
 .text.xTaskGetSchedulerState
                0x08009b68       0x3c ./Middlewares/Third_Party/FreeRTOS/Source/tasks.o
                0x08009b68                xTaskGetSchedulerState
 .text.xTaskPriorityDisinherit
                0x08009ba4       0xe0 ./Middlewares/Third_Party/FreeRTOS/Source/tasks.o
                0x08009ba4                xTaskPriorityDisinherit
 .text.prvAddCurrentTaskToDelayedList
                0x08009c84       0xa8 ./Middlewares/Third_Party/FreeRTOS/Source/tasks.o
 .text.xTimerCreateTimerTask
                0x08009d2c       0x94 ./Middlewares/Third_Party/FreeRTOS/Source/timers.o
                0x08009d2c                xTimerCreateTimerTask
 .text.xTimerGenericCommand
                0x08009dc0       0x9c ./Middlewares/Third_Party/FreeRTOS/Source/timers.o
                0x08009dc0                xTimerGenericCommand
 .text.prvProcessExpiredTimer
                0x08009e5c       0x9c ./Middlewares/Third_Party/FreeRTOS/Source/timers.o
 .text.prvTimerTask
                0x08009ef8       0x26 ./Middlewares/Third_Party/FreeRTOS/Source/timers.o
 *fill*         0x08009f1e        0x2 
 .text.prvProcessTimerOrBlockTask
                0x08009f20       0x9c ./Middlewares/Third_Party/FreeRTOS/Source/timers.o
 .text.prvGetNextExpireTime
                0x08009fbc       0x48 ./Middlewares/Third_Party/FreeRTOS/Source/timers.o
 .text.prvSampleTimeNow
                0x0800a004       0x40 ./Middlewares/Third_Party/FreeRTOS/Source/timers.o
 .text.prvInsertTimerInActiveList
                0x0800a044       0x84 ./Middlewares/Third_Party/FreeRTOS/Source/timers.o
 .text.prvProcessReceivedCommands
                0x0800a0c8      0x1cc ./Middlewares/Third_Party/FreeRTOS/Source/timers.o
 .text.prvSwitchTimerLists
                0x0800a294       0xcc ./Middlewares/Third_Party/FreeRTOS/Source/timers.o
 .text.prvCheckForValidListAndQueue
                0x0800a360       0x80 ./Middlewares/Third_Party/FreeRTOS/Source/timers.o
 .text.pxPortInitialiseStack
                0x0800a3e0       0x68 ./Middlewares/Third_Party/FreeRTOS/Source/portable/GCC/ARM_CM4F/port.o
                0x0800a3e0                pxPortInitialiseStack
 .text.prvTaskExitError
                0x0800a448       0x5c ./Middlewares/Third_Party/FreeRTOS/Source/portable/GCC/ARM_CM4F/port.o
 *fill*         0x0800a4a4        0xc 
 .text.SVC_Handler
                0x0800a4b0       0x28 ./Middlewares/Third_Party/FreeRTOS/Source/portable/GCC/ARM_CM4F/port.o
                0x0800a4b0                SVC_Handler
 .text.prvPortStartFirstTask
                0x0800a4d8       0x28 ./Middlewares/Third_Party/FreeRTOS/Source/portable/GCC/ARM_CM4F/port.o
 .text.xPortStartScheduler
                0x0800a500      0x148 ./Middlewares/Third_Party/FreeRTOS/Source/portable/GCC/ARM_CM4F/port.o
                0x0800a500                xPortStartScheduler
 .text.vPortEnterCritical
                0x0800a648       0x64 ./Middlewares/Third_Party/FreeRTOS/Source/portable/GCC/ARM_CM4F/port.o
                0x0800a648                vPortEnterCritical
 .text.vPortExitCritical
                0x0800a6ac       0x54 ./Middlewares/Third_Party/FreeRTOS/Source/portable/GCC/ARM_CM4F/port.o
                0x0800a6ac                vPortExitCritical
 .text.PendSV_Handler
                0x0800a700       0x68 ./Middlewares/Third_Party/FreeRTOS/Source/portable/GCC/ARM_CM4F/port.o
                0x0800a700                PendSV_Handler
 .text.xPortSysTickHandler
                0x0800a768       0x44 ./Middlewares/Third_Party/FreeRTOS/Source/portable/GCC/ARM_CM4F/port.o
                0x0800a768                xPortSysTickHandler
 .text.vPortSetupTimerInterrupt
                0x0800a7ac       0x48 ./Middlewares/Third_Party/FreeRTOS/Source/portable/GCC/ARM_CM4F/port.o
                0x0800a7ac                vPortSetupTimerInterrupt
 .text.vPortEnableVFP
                0x0800a7f4       0x14 ./Middlewares/Third_Party/FreeRTOS/Source/portable/GCC/ARM_CM4F/port.o
 .text.vPortValidateInterruptPriority
                0x0800a808       0x84 ./Middlewares/Third_Party/FreeRTOS/Source/portable/GCC/ARM_CM4F/port.o
                0x0800a808                vPortValidateInterruptPriority
 .text.pvPortMalloc
                0x0800a88c      0x19c ./Middlewares/Third_Party/FreeRTOS/Source/portable/MemMang/heap_4.o
                0x0800a88c                pvPortMalloc
 .text.vPortFree
                0x0800aa28       0xc8 ./Middlewares/Third_Party/FreeRTOS/Source/portable/MemMang/heap_4.o
                0x0800aa28                vPortFree
 .text.prvHeapInit
                0x0800aaf0       0xc4 ./Middlewares/Third_Party/FreeRTOS/Source/portable/MemMang/heap_4.o
 .text.prvInsertBlockIntoFreeList
                0x0800abb4       0xb4 ./Middlewares/Third_Party/FreeRTOS/Source/portable/MemMang/heap_4.o
 .text.memset   0x0800ac68       0x10 C:/Users/guido/Desktop/Sistemi embedded/STM32CubeIDE_1.14.1/STM32CubeIDE/plugins/com.st.stm32cube.ide.mcu.externaltools.gnu-tools-for-stm32.12.3.rel1.win32_1.1.0.202410251130/tools/bin/../lib/gcc/arm-none-eabi/12.3.1/../../../../arm-none-eabi/lib/thumb/v7e-m+fp/hard\libc_nano.a(libc_a-memset.o)
                0x0800ac68                memset
 .text._reclaim_reent
                0x0800ac78       0xac C:/Users/guido/Desktop/Sistemi embedded/STM32CubeIDE_1.14.1/STM32CubeIDE/plugins/com.st.stm32cube.ide.mcu.externaltools.gnu-tools-for-stm32.12.3.rel1.win32_1.1.0.202410251130/tools/bin/../lib/gcc/arm-none-eabi/12.3.1/../../../../arm-none-eabi/lib/thumb/v7e-m+fp/hard\libc_nano.a(libc_a-reent.o)
                0x0800ac78                _reclaim_reent
 .text.__libc_init_array
                0x0800ad24       0x48 C:/Users/guido/Desktop/Sistemi embedded/STM32CubeIDE_1.14.1/STM32CubeIDE/plugins/com.st.stm32cube.ide.mcu.externaltools.gnu-tools-for-stm32.12.3.rel1.win32_1.1.0.202410251130/tools/bin/../lib/gcc/arm-none-eabi/12.3.1/../../../../arm-none-eabi/lib/thumb/v7e-m+fp/hard\libc_nano.a(libc_a-init.o)
                0x0800ad24                __libc_init_array
 .text.__retarget_lock_acquire_recursive
                0x0800ad6c        0x2 C:/Users/guido/Desktop/Sistemi embedded/STM32CubeIDE_1.14.1/STM32CubeIDE/plugins/com.st.stm32cube.ide.mcu.externaltools.gnu-tools-for-stm32.12.3.rel1.win32_1.1.0.202410251130/tools/bin/../lib/gcc/arm-none-eabi/12.3.1/../../../../arm-none-eabi/lib/thumb/v7e-m+fp/hard\libc_nano.a(libc_a-lock.o)
                0x0800ad6c                __retarget_lock_acquire_recursive
 .text.__retarget_lock_release_recursive
                0x0800ad6e        0x2 C:/Users/guido/Desktop/Sistemi embedded/STM32CubeIDE_1.14.1/STM32CubeIDE/plugins/com.st.stm32cube.ide.mcu.externaltools.gnu-tools-for-stm32.12.3.rel1.win32_1.1.0.202410251130/tools/bin/../lib/gcc/arm-none-eabi/12.3.1/../../../../arm-none-eabi/lib/thumb/v7e-m+fp/hard\libc_nano.a(libc_a-lock.o)
                0x0800ad6e                __retarget_lock_release_recursive
 .text.memcpy   0x0800ad70       0x1c C:/Users/guido/Desktop/Sistemi embedded/STM32CubeIDE_1.14.1/STM32CubeIDE/plugins/com.st.stm32cube.ide.mcu.externaltools.gnu-tools-for-stm32.12.3.rel1.win32_1.1.0.202410251130/tools/bin/../lib/gcc/arm-none-eabi/12.3.1/../../../../arm-none-eabi/lib/thumb/v7e-m+fp/hard\libc_nano.a(libc_a-memcpy-stub.o)
                0x0800ad70                memcpy
 .text._free_r  0x0800ad8c       0x94 C:/Users/guido/Desktop/Sistemi embedded/STM32CubeIDE_1.14.1/STM32CubeIDE/plugins/com.st.stm32cube.ide.mcu.externaltools.gnu-tools-for-stm32.12.3.rel1.win32_1.1.0.202410251130/tools/bin/../lib/gcc/arm-none-eabi/12.3.1/../../../../arm-none-eabi/lib/thumb/v7e-m+fp/hard\libc_nano.a(libc_a-freer.o)
                0x0800ad8c                _free_r
 .text.__malloc_lock
                0x0800ae20        0xc C:/Users/guido/Desktop/Sistemi embedded/STM32CubeIDE_1.14.1/STM32CubeIDE/plugins/com.st.stm32cube.ide.mcu.externaltools.gnu-tools-for-stm32.12.3.rel1.win32_1.1.0.202410251130/tools/bin/../lib/gcc/arm-none-eabi/12.3.1/../../../../arm-none-eabi/lib/thumb/v7e-m+fp/hard\libc_nano.a(libc_a-mlock.o)
                0x0800ae20                __malloc_lock
 .text.__malloc_unlock
                0x0800ae2c        0xc C:/Users/guido/Desktop/Sistemi embedded/STM32CubeIDE_1.14.1/STM32CubeIDE/plugins/com.st.stm32cube.ide.mcu.externaltools.gnu-tools-for-stm32.12.3.rel1.win32_1.1.0.202410251130/tools/bin/../lib/gcc/arm-none-eabi/12.3.1/../../../../arm-none-eabi/lib/thumb/v7e-m+fp/hard\libc_nano.a(libc_a-mlock.o)
                0x0800ae2c                __malloc_unlock
 *(.glue_7)
 .glue_7        0x0800ae38        0x0 linker stubs
 *(.glue_7t)
 .glue_7t       0x0800ae38        0x0 linker stubs
 *(.eh_frame)
 .eh_frame      0x0800ae38        0x0 C:/Users/guido/Desktop/Sistemi embedded/STM32CubeIDE_1.14.1/STM32CubeIDE/plugins/com.st.stm32cube.ide.mcu.externaltools.gnu-tools-for-stm32.12.3.rel1.win32_1.1.0.202410251130/tools/bin/../lib/gcc/arm-none-eabi/12.3.1/thumb/v7e-m+fp/hard/crtbegin.o
 *(.init)
 .init          0x0800ae38        0x4 C:/Users/guido/Desktop/Sistemi embedded/STM32CubeIDE_1.14.1/STM32CubeIDE/plugins/com.st.stm32cube.ide.mcu.externaltools.gnu-tools-for-stm32.12.3.rel1.win32_1.1.0.202410251130/tools/bin/../lib/gcc/arm-none-eabi/12.3.1/thumb/v7e-m+fp/hard/crti.o
                0x0800ae38                _init
 .init          0x0800ae3c        0x8 C:/Users/guido/Desktop/Sistemi embedded/STM32CubeIDE_1.14.1/STM32CubeIDE/plugins/com.st.stm32cube.ide.mcu.externaltools.gnu-tools-for-stm32.12.3.rel1.win32_1.1.0.202410251130/tools/bin/../lib/gcc/arm-none-eabi/12.3.1/thumb/v7e-m+fp/hard/crtn.o
 *(.fini)
 .fini          0x0800ae44        0x4 C:/Users/guido/Desktop/Sistemi embedded/STM32CubeIDE_1.14.1/STM32CubeIDE/plugins/com.st.stm32cube.ide.mcu.externaltools.gnu-tools-for-stm32.12.3.rel1.win32_1.1.0.202410251130/tools/bin/../lib/gcc/arm-none-eabi/12.3.1/thumb/v7e-m+fp/hard/crti.o
                0x0800ae44                _fini
 .fini          0x0800ae48        0x8 C:/Users/guido/Desktop/Sistemi embedded/STM32CubeIDE_1.14.1/STM32CubeIDE/plugins/com.st.stm32cube.ide.mcu.externaltools.gnu-tools-for-stm32.12.3.rel1.win32_1.1.0.202410251130/tools/bin/../lib/gcc/arm-none-eabi/12.3.1/thumb/v7e-m+fp/hard/crtn.o
                0x0800ae50                        . = ALIGN (0x4)
                0x0800ae50                        _etext = .

.vfp11_veneer   0x0800ae50        0x0
 .vfp11_veneer  0x0800ae50        0x0 linker stubs

.v4_bx          0x0800ae50        0x0
 .v4_bx         0x0800ae50        0x0 linker stubs

.iplt           0x0800ae50        0x0
 .iplt          0x0800ae50        0x0 C:/Users/guido/Desktop/Sistemi embedded/STM32CubeIDE_1.14.1/STM32CubeIDE/plugins/com.st.stm32cube.ide.mcu.externaltools.gnu-tools-for-stm32.12.3.rel1.win32_1.1.0.202410251130/tools/bin/../lib/gcc/arm-none-eabi/12.3.1/thumb/v7e-m+fp/hard/crtbegin.o

.rodata         0x0800ae50      0x118
                0x0800ae50                        . = ALIGN (0x4)
 *(.rodata)
 .rodata        0x0800ae50       0x2e ./Core/Src/app_freertos.o
 *fill*         0x0800ae7e        0x2 
 .rodata        0x0800ae80        0x5 ./Middlewares/Third_Party/FreeRTOS/Source/tasks.o
 *fill*         0x0800ae85        0x3 
 .rodata        0x0800ae88        0xd ./Middlewares/Third_Party/FreeRTOS/Source/timers.o
 *(.rodata*)
 *fill*         0x0800ae95        0x3 
 .rodata.lettura_attributes
                0x0800ae98       0x24 ./Core/Src/app_freertos.o
                0x0800ae98                lettura_attributes
 .rodata.comunicazione_attributes
                0x0800aebc       0x24 ./Core/Src/app_freertos.o
                0x0800aebc                comunicazione_attributes
 .rodata.degradato_attributes
                0x0800aee0       0x24 ./Core/Src/app_freertos.o
                0x0800aee0                degradato_attributes
 .rodata.emergenza_attributes
                0x0800af04       0x24 ./Core/Src/app_freertos.o
                0x0800af04                emergenza_attributes
 .rodata.AHBPrescTable
                0x0800af28       0x10 ./Core/Src/system_stm32g4xx.o
                0x0800af28                AHBPrescTable
 .rodata.APBPrescTable
                0x0800af38        0x8 ./Core/Src/system_stm32g4xx.o
                0x0800af38                APBPrescTable
 .rodata.UARTPrescTable
                0x0800af40       0x18 ./Drivers/STM32G4xx_HAL_Driver/Src/stm32g4xx_hal_uart.o
                0x0800af40                UARTPrescTable
 .rodata.numerator.1
                0x0800af58        0x8 ./Drivers/STM32G4xx_HAL_Driver/Src/stm32g4xx_hal_uart_ex.o
 .rodata.denominator.0
                0x0800af60        0x8 ./Drivers/STM32G4xx_HAL_Driver/Src/stm32g4xx_hal_uart_ex.o
                0x0800af68                        . = ALIGN (0x4)

.ARM.extab      0x0800af68        0x0
                0x0800af68                        . = ALIGN (0x4)
 *(.ARM.extab* .gnu.linkonce.armextab.*)
                0x0800af68                        . = ALIGN (0x4)

.ARM            0x0800af68        0x8
                0x0800af68                        . = ALIGN (0x4)
                0x0800af68                        __exidx_start = .
 *(.ARM.exidx*)
 .ARM.exidx     0x0800af68        0x8 C:/Users/guido/Desktop/Sistemi embedded/STM32CubeIDE_1.14.1/STM32CubeIDE/plugins/com.st.stm32cube.ide.mcu.externaltools.gnu-tools-for-stm32.12.3.rel1.win32_1.1.0.202410251130/tools/bin/../lib/gcc/arm-none-eabi/12.3.1/thumb/v7e-m+fp/hard\libgcc.a(_udivmoddi4.o)
                0x0800af70                        __exidx_end = .
                0x0800af70                        . = ALIGN (0x4)

.preinit_array  0x0800af70        0x0
                0x0800af70                        . = ALIGN (0x4)
                0x0800af70                        PROVIDE (__preinit_array_start = .)
 *(.preinit_array*)
                0x0800af70                        PROVIDE (__preinit_array_end = .)
                0x0800af70                        . = ALIGN (0x4)

.init_array     0x0800af70        0x4
                0x0800af70                        . = ALIGN (0x4)
                0x0800af70                        PROVIDE (__init_array_start = .)
 *(SORT_BY_NAME(.init_array.*))
 *(.init_array*)
 .init_array    0x0800af70        0x4 C:/Users/guido/Desktop/Sistemi embedded/STM32CubeIDE_1.14.1/STM32CubeIDE/plugins/com.st.stm32cube.ide.mcu.externaltools.gnu-tools-for-stm32.12.3.rel1.win32_1.1.0.202410251130/tools/bin/../lib/gcc/arm-none-eabi/12.3.1/thumb/v7e-m+fp/hard/crtbegin.o
                0x0800af74                        PROVIDE (__init_array_end = .)
                0x0800af74                        . = ALIGN (0x4)

.fini_array     0x0800af74        0x4
                0x0800af74                        . = ALIGN (0x4)
                [!provide]                        PROVIDE (__fini_array_start = .)
 *(SORT_BY_NAME(.fini_array.*))
 *(.fini_array*)
 .fini_array    0x0800af74        0x4 C:/Users/guido/Desktop/Sistemi embedded/STM32CubeIDE_1.14.1/STM32CubeIDE/plugins/com.st.stm32cube.ide.mcu.externaltools.gnu-tools-for-stm32.12.3.rel1.win32_1.1.0.202410251130/tools/bin/../lib/gcc/arm-none-eabi/12.3.1/thumb/v7e-m+fp/hard/crtbegin.o
                [!provide]                        PROVIDE (__fini_array_end = .)
                0x0800af78                        . = ALIGN (0x4)
                0x0800af78                        _sidata = LOADADDR (.data)

.rel.dyn        0x0800af78        0x0
 .rel.iplt      0x0800af78        0x0 C:/Users/guido/Desktop/Sistemi embedded/STM32CubeIDE_1.14.1/STM32CubeIDE/plugins/com.st.stm32cube.ide.mcu.externaltools.gnu-tools-for-stm32.12.3.rel1.win32_1.1.0.202410251130/tools/bin/../lib/gcc/arm-none-eabi/12.3.1/thumb/v7e-m+fp/hard/crtbegin.o

.data           0x20000000       0x64 load address 0x0800af78
                0x20000000                        . = ALIGN (0x4)
                0x20000000                        _sdata = .
 *(.data)
 *(.data*)
 .data.status_boards
                0x20000000        0x1 ./Core/Src/app_freertos.o
                0x20000000                status_boards
 *fill*         0x20000001        0x3 
 .data.SystemCoreClock
                0x20000004        0x4 ./Core/Src/system_stm32g4xx.o
                0x20000004                SystemCoreClock
 .data.uwTickPrio
                0x20000008        0x4 ./Drivers/STM32G4xx_HAL_Driver/Src/stm32g4xx_hal.o
                0x20000008                uwTickPrio
 .data.uwTickFreq
                0x2000000c        0x4 ./Drivers/STM32G4xx_HAL_Driver/Src/stm32g4xx_hal.o
                0x2000000c                uwTickFreq
 .data.uxCriticalNesting
                0x20000010        0x4 ./Middlewares/Third_Party/FreeRTOS/Source/portable/GCC/ARM_CM4F/port.o
 .data._impure_ptr
                0x20000014        0x4 C:/Users/guido/Desktop/Sistemi embedded/STM32CubeIDE_1.14.1/STM32CubeIDE/plugins/com.st.stm32cube.ide.mcu.externaltools.gnu-tools-for-stm32.12.3.rel1.win32_1.1.0.202410251130/tools/bin/../lib/gcc/arm-none-eabi/12.3.1/../../../../arm-none-eabi/lib/thumb/v7e-m+fp/hard\libc_nano.a(libc_a-impure.o)
                0x20000014                _impure_ptr
 .data._impure_data
                0x20000018       0x4c C:/Users/guido/Desktop/Sistemi embedded/STM32CubeIDE_1.14.1/STM32CubeIDE/plugins/com.st.stm32cube.ide.mcu.externaltools.gnu-tools-for-stm32.12.3.rel1.win32_1.1.0.202410251130/tools/bin/../lib/gcc/arm-none-eabi/12.3.1/../../../../arm-none-eabi/lib/thumb/v7e-m+fp/hard\libc_nano.a(libc_a-impure.o)
                0x20000018                _impure_data
 *(.RamFunc)
 *(.RamFunc*)
                0x20000064                        . = ALIGN (0x4)
                0x20000064                        _edata = .

.igot.plt       0x20000064        0x0 load address 0x0800afdc
 .igot.plt      0x20000064        0x0 C:/Users/guido/Desktop/Sistemi embedded/STM32CubeIDE_1.14.1/STM32CubeIDE/plugins/com.st.stm32cube.ide.mcu.externaltools.gnu-tools-for-stm32.12.3.rel1.win32_1.1.0.202410251130/tools/bin/../lib/gcc/arm-none-eabi/12.3.1/thumb/v7e-m+fp/hard/crtbegin.o
                0x20000064                        . = ALIGN (0x4)

.bss            0x20000064     0x2048 load address 0x0800afdc
                0x20000064                        _sbss = .
                0x20000064                        __bss_start__ = _sbss
 *(.bss)
 .bss           0x20000064       0x1c C:/Users/guido/Desktop/Sistemi embedded/STM32CubeIDE_1.14.1/STM32CubeIDE/plugins/com.st.stm32cube.ide.mcu.externaltools.gnu-tools-for-stm32.12.3.rel1.win32_1.1.0.202410251130/tools/bin/../lib/gcc/arm-none-eabi/12.3.1/thumb/v7e-m+fp/hard/crtbegin.o
 *(.bss*)
 .bss.hadc1     0x20000080       0x6c ./Core/Src/adc.o
                0x20000080                hadc1
 .bss.data_master
                0x200000ec       0x24 ./Core/Src/app_freertos.o
                0x200000ec                data_master
 .bss.global_data
                0x20000110       0x34 ./Core/Src/app_freertos.o
                0x20000110                global_data
 .bss.buffer_recive
                0x20000144       0x10 ./Core/Src/app_freertos.o
                0x20000144                buffer_recive
 .bss.buffer_send
                0x20000154       0x21 ./Core/Src/app_freertos.o
                0x20000154                buffer_send
 *fill*         0x20000175        0x3 
 .bss.tick_iniziale
                0x20000178        0x4 ./Core/Src/app_freertos.o
                0x20000178                tick_iniziale
 .bss.final_decision
                0x2000017c        0x1 ./Core/Src/app_freertos.o
                0x2000017c                final_decision
 *fill*         0x2000017d        0x3 
 .bss.sensor1   0x20000180       0x18 ./Core/Src/app_freertos.o
                0x20000180                sensor1
 .bss.sensor2   0x20000198       0x18 ./Core/Src/app_freertos.o
                0x20000198                sensor2
 .bss.sensor3   0x200001b0       0x18 ./Core/Src/app_freertos.o
                0x200001b0                sensor3
 .bss.start_temp
                0x200001c8        0x2 ./Core/Src/app_freertos.o
                0x200001c8                start_temp
 .bss.statusController
                0x200001ca        0x1 ./Core/Src/app_freertos.o
                0x200001ca                statusController
 *fill*         0x200001cb        0x1 
 .bss.letturaHandle
                0x200001cc        0x4 ./Core/Src/app_freertos.o
                0x200001cc                letturaHandle
 .bss.comunicazioneHandle
                0x200001d0        0x4 ./Core/Src/app_freertos.o
                0x200001d0                comunicazioneHandle
 .bss.degradatoHandle
                0x200001d4        0x4 ./Core/Src/app_freertos.o
                0x200001d4                degradatoHandle
 .bss.emergenzaHandle
                0x200001d8        0x4 ./Core/Src/app_freertos.o
                0x200001d8                emergenzaHandle
 .bss.hi2c1     0x200001dc       0x54 ./Core/Src/i2c.o
                0x200001dc                hi2c1
 .bss.hspi1     0x20000230       0x64 ./Core/Src/spi.o
                0x20000230                hspi1
 .bss.htim6     0x20000294       0x4c ./Core/Src/stm32g4xx_hal_timebase_tim.o
                0x20000294                htim6
 .bss.htim1     0x200002e0       0x4c ./Core/Src/tim.o
                0x200002e0                htim1
 .bss.htim2     0x2000032c       0x4c ./Core/Src/tim.o
                0x2000032c                htim2
 .bss.htim7     0x20000378       0x4c ./Core/Src/tim.o
                0x20000378                htim7
 .bss.huart1    0x200003c4       0x94 ./Core/Src/usart.o
                0x200003c4                huart1
 .bss.huart2    0x20000458       0x94 ./Core/Src/usart.o
                0x20000458                huart2
 .bss.huart3    0x200004ec       0x94 ./Core/Src/usart.o
                0x200004ec                huart3
 .bss.uwTick    0x20000580        0x4 ./Drivers/STM32G4xx_HAL_Driver/Src/stm32g4xx_hal.o
                0x20000580                uwTick
 .bss.KernelState
                0x20000584        0x4 ./Middlewares/Third_Party/FreeRTOS/Source/CMSIS_RTOS_V2/cmsis_os2.o
 .bss.Idle_TCB.3
                0x20000588       0xa8 ./Middlewares/Third_Party/FreeRTOS/Source/CMSIS_RTOS_V2/cmsis_os2.o
 .bss.Idle_Stack.2
                0x20000630      0x200 ./Middlewares/Third_Party/FreeRTOS/Source/CMSIS_RTOS_V2/cmsis_os2.o
 .bss.Timer_TCB.1
                0x20000830       0xa8 ./Middlewares/Third_Party/FreeRTOS/Source/CMSIS_RTOS_V2/cmsis_os2.o
 .bss.Timer_Stack.0
                0x200008d8      0x400 ./Middlewares/Third_Party/FreeRTOS/Source/CMSIS_RTOS_V2/cmsis_os2.o
 .bss.xQueueRegistry
                0x20000cd8       0x40 ./Middlewares/Third_Party/FreeRTOS/Source/queue.o
                0x20000cd8                xQueueRegistry
 .bss.pxCurrentTCB
                0x20000d18        0x4 ./Middlewares/Third_Party/FreeRTOS/Source/tasks.o
                0x20000d18                pxCurrentTCB
 .bss.pxReadyTasksLists
                0x20000d1c      0x460 ./Middlewares/Third_Party/FreeRTOS/Source/tasks.o
 .bss.xDelayedTaskList1
                0x2000117c       0x14 ./Middlewares/Third_Party/FreeRTOS/Source/tasks.o
 .bss.xDelayedTaskList2
                0x20001190       0x14 ./Middlewares/Third_Party/FreeRTOS/Source/tasks.o
 .bss.pxDelayedTaskList
                0x200011a4        0x4 ./Middlewares/Third_Party/FreeRTOS/Source/tasks.o
 .bss.pxOverflowDelayedTaskList
                0x200011a8        0x4 ./Middlewares/Third_Party/FreeRTOS/Source/tasks.o
 .bss.xPendingReadyList
                0x200011ac       0x14 ./Middlewares/Third_Party/FreeRTOS/Source/tasks.o
 .bss.xTasksWaitingTermination
                0x200011c0       0x14 ./Middlewares/Third_Party/FreeRTOS/Source/tasks.o
 .bss.uxDeletedTasksWaitingCleanUp
                0x200011d4        0x4 ./Middlewares/Third_Party/FreeRTOS/Source/tasks.o
 .bss.xSuspendedTaskList
                0x200011d8       0x14 ./Middlewares/Third_Party/FreeRTOS/Source/tasks.o
 .bss.uxCurrentNumberOfTasks
                0x200011ec        0x4 ./Middlewares/Third_Party/FreeRTOS/Source/tasks.o
 .bss.xTickCount
                0x200011f0        0x4 ./Middlewares/Third_Party/FreeRTOS/Source/tasks.o
 .bss.uxTopReadyPriority
                0x200011f4        0x4 ./Middlewares/Third_Party/FreeRTOS/Source/tasks.o
 .bss.xSchedulerRunning
                0x200011f8        0x4 ./Middlewares/Third_Party/FreeRTOS/Source/tasks.o
 .bss.xPendedTicks
                0x200011fc        0x4 ./Middlewares/Third_Party/FreeRTOS/Source/tasks.o
 .bss.xYieldPending
                0x20001200        0x4 ./Middlewares/Third_Party/FreeRTOS/Source/tasks.o
 .bss.xNumOfOverflows
                0x20001204        0x4 ./Middlewares/Third_Party/FreeRTOS/Source/tasks.o
 .bss.uxTaskNumber
                0x20001208        0x4 ./Middlewares/Third_Party/FreeRTOS/Source/tasks.o
 .bss.xNextTaskUnblockTime
                0x2000120c        0x4 ./Middlewares/Third_Party/FreeRTOS/Source/tasks.o
 .bss.xIdleTaskHandle
                0x20001210        0x4 ./Middlewares/Third_Party/FreeRTOS/Source/tasks.o
 .bss.uxSchedulerSuspended
                0x20001214        0x4 ./Middlewares/Third_Party/FreeRTOS/Source/tasks.o
 .bss.xActiveTimerList1
                0x20001218       0x14 ./Middlewares/Third_Party/FreeRTOS/Source/timers.o
 .bss.xActiveTimerList2
                0x2000122c       0x14 ./Middlewares/Third_Party/FreeRTOS/Source/timers.o
 .bss.pxCurrentTimerList
                0x20001240        0x4 ./Middlewares/Third_Party/FreeRTOS/Source/timers.o
 .bss.pxOverflowTimerList
                0x20001244        0x4 ./Middlewares/Third_Party/FreeRTOS/Source/timers.o
 .bss.xTimerQueue
                0x20001248        0x4 ./Middlewares/Third_Party/FreeRTOS/Source/timers.o
 .bss.xTimerTaskHandle
                0x2000124c        0x4 ./Middlewares/Third_Party/FreeRTOS/Source/timers.o
 .bss.xLastTime.2
                0x20001250        0x4 ./Middlewares/Third_Party/FreeRTOS/Source/timers.o
 .bss.ucStaticTimerQueueStorage.1
                0x20001254       0xa0 ./Middlewares/Third_Party/FreeRTOS/Source/timers.o
 .bss.xStaticTimerQueue.0
                0x200012f4       0x50 ./Middlewares/Third_Party/FreeRTOS/Source/timers.o
 .bss.ucMaxSysCallPriority
                0x20001344        0x1 ./Middlewares/Third_Party/FreeRTOS/Source/portable/GCC/ARM_CM4F/port.o
 *fill*         0x20001345        0x3 
 .bss.ulMaxPRIGROUPValue
                0x20001348        0x4 ./Middlewares/Third_Party/FreeRTOS/Source/portable/GCC/ARM_CM4F/port.o
 .bss.ucHeap    0x2000134c      0xc00 ./Middlewares/Third_Party/FreeRTOS/Source/portable/MemMang/heap_4.o
 .bss.xStart    0x20001f4c        0x8 ./Middlewares/Third_Party/FreeRTOS/Source/portable/MemMang/heap_4.o
 .bss.pxEnd     0x20001f54        0x4 ./Middlewares/Third_Party/FreeRTOS/Source/portable/MemMang/heap_4.o
 .bss.xFreeBytesRemaining
                0x20001f58        0x4 ./Middlewares/Third_Party/FreeRTOS/Source/portable/MemMang/heap_4.o
 .bss.xMinimumEverFreeBytesRemaining
                0x20001f5c        0x4 ./Middlewares/Third_Party/FreeRTOS/Source/portable/MemMang/heap_4.o
 .bss.xNumberOfSuccessfulAllocations
                0x20001f60        0x4 ./Middlewares/Third_Party/FreeRTOS/Source/portable/MemMang/heap_4.o
 .bss.xNumberOfSuccessfulFrees
                0x20001f64        0x4 ./Middlewares/Third_Party/FreeRTOS/Source/portable/MemMang/heap_4.o
 .bss.xBlockAllocatedBit
                0x20001f68        0x4 ./Middlewares/Third_Party/FreeRTOS/Source/portable/MemMang/heap_4.o
 .bss.__sf      0x20001f6c      0x138 C:/Users/guido/Desktop/Sistemi embedded/STM32CubeIDE_1.14.1/STM32CubeIDE/plugins/com.st.stm32cube.ide.mcu.externaltools.gnu-tools-for-stm32.12.3.rel1.win32_1.1.0.202410251130/tools/bin/../lib/gcc/arm-none-eabi/12.3.1/../../../../arm-none-eabi/lib/thumb/v7e-m+fp/hard\libc_nano.a(libc_a-findfp.o)
                0x20001f6c                __sf
 .bss.__lock___malloc_recursive_mutex
                0x200020a4        0x1 C:/Users/guido/Desktop/Sistemi embedded/STM32CubeIDE_1.14.1/STM32CubeIDE/plugins/com.st.stm32cube.ide.mcu.externaltools.gnu-tools-for-stm32.12.3.rel1.win32_1.1.0.202410251130/tools/bin/../lib/gcc/arm-none-eabi/12.3.1/../../../../arm-none-eabi/lib/thumb/v7e-m+fp/hard\libc_nano.a(libc_a-lock.o)
                0x200020a4                __lock___malloc_recursive_mutex
 *fill*         0x200020a5        0x3 
 .bss.__malloc_free_list
                0x200020a8        0x4 C:/Users/guido/Desktop/Sistemi embedded/STM32CubeIDE_1.14.1/STM32CubeIDE/plugins/com.st.stm32cube.ide.mcu.externaltools.gnu-tools-for-stm32.12.3.rel1.win32_1.1.0.202410251130/tools/bin/../lib/gcc/arm-none-eabi/12.3.1/../../../../arm-none-eabi/lib/thumb/v7e-m+fp/hard\libc_nano.a(libc_a-mallocr.o)
                0x200020a8                __malloc_free_list
 *(COMMON)
                0x200020ac                        . = ALIGN (0x4)
                0x200020ac                        _ebss = .
                0x200020ac                        __bss_end__ = _ebss

._user_heap_stack
                0x200020ac      0x604 load address 0x0800afdc
                0x200020b0                        . = ALIGN (0x8)
 *fill*         0x200020ac        0x4 
                [!provide]                        PROVIDE (end = .)
                0x200020b0                        PROVIDE (_end = .)
                0x200022b0                        . = (. + _Min_Heap_Size)
 *fill*         0x200020b0      0x200 
                0x200026b0                        . = (. + _Min_Stack_Size)
 *fill*         0x200022b0      0x400 
                0x200026b0                        . = ALIGN (0x8)

/DISCARD/
 libc.a(*)
 libm.a(*)
 libgcc.a(*)

.ARM.attributes
                0x00000000       0x30
 *(.ARM.attributes)
 .ARM.attributes
                0x00000000       0x22 C:/Users/guido/Desktop/Sistemi embedded/STM32CubeIDE_1.14.1/STM32CubeIDE/plugins/com.st.stm32cube.ide.mcu.externaltools.gnu-tools-for-stm32.12.3.rel1.win32_1.1.0.202410251130/tools/bin/../lib/gcc/arm-none-eabi/12.3.1/thumb/v7e-m+fp/hard/crti.o
 .ARM.attributes
                0x00000022       0x34 C:/Users/guido/Desktop/Sistemi embedded/STM32CubeIDE_1.14.1/STM32CubeIDE/plugins/com.st.stm32cube.ide.mcu.externaltools.gnu-tools-for-stm32.12.3.rel1.win32_1.1.0.202410251130/tools/bin/../lib/gcc/arm-none-eabi/12.3.1/thumb/v7e-m+fp/hard/crtbegin.o
 .ARM.attributes
                0x00000056       0x34 ./Core/Src/adc.o
 .ARM.attributes
                0x0000008a       0x34 ./Core/Src/app_freertos.o
 .ARM.attributes
                0x000000be       0x34 ./Core/Src/com_master.o
 .ARM.attributes
                0x000000f2       0x34 ./Core/Src/controller.o
 .ARM.attributes
                0x00000126       0x34 ./Core/Src/gpio.o
 .ARM.attributes
                0x0000015a       0x34 ./Core/Src/hcsr04.o
 .ARM.attributes
                0x0000018e       0x34 ./Core/Src/i2c.o
 .ARM.attributes
                0x000001c2       0x34 ./Core/Src/main.o
 .ARM.attributes
                0x000001f6       0x34 ./Core/Src/spi.o
 .ARM.attributes
                0x0000022a       0x34 ./Core/Src/stm32g4xx_hal_msp.o
 .ARM.attributes
                0x0000025e       0x34 ./Core/Src/stm32g4xx_hal_timebase_tim.o
 .ARM.attributes
                0x00000292       0x34 ./Core/Src/stm32g4xx_it.o
 .ARM.attributes
                0x000002c6       0x34 ./Core/Src/system_stm32g4xx.o
 .ARM.attributes
                0x000002fa       0x34 ./Core/Src/tim.o
 .ARM.attributes
                0x0000032e       0x34 ./Core/Src/usart.o
 .ARM.attributes
                0x00000362       0x21 ./Core/Startup/startup_stm32g474retx.o
 .ARM.attributes
                0x00000383       0x34 ./Drivers/STM32G4xx_HAL_Driver/Src/stm32g4xx_hal.o
 .ARM.attributes
                0x000003b7       0x34 ./Drivers/STM32G4xx_HAL_Driver/Src/stm32g4xx_hal_adc.o
 .ARM.attributes
                0x000003eb       0x34 ./Drivers/STM32G4xx_HAL_Driver/Src/stm32g4xx_hal_adc_ex.o
 .ARM.attributes
                0x0000041f       0x34 ./Drivers/STM32G4xx_HAL_Driver/Src/stm32g4xx_hal_cortex.o
 .ARM.attributes
                0x00000453       0x34 ./Drivers/STM32G4xx_HAL_Driver/Src/stm32g4xx_hal_gpio.o
 .ARM.attributes
                0x00000487       0x34 ./Drivers/STM32G4xx_HAL_Driver/Src/stm32g4xx_hal_i2c.o
 .ARM.attributes
                0x000004bb       0x34 ./Drivers/STM32G4xx_HAL_Driver/Src/stm32g4xx_hal_i2c_ex.o
 .ARM.attributes
                0x000004ef       0x34 ./Drivers/STM32G4xx_HAL_Driver/Src/stm32g4xx_hal_pwr_ex.o
 .ARM.attributes
                0x00000523       0x34 ./Drivers/STM32G4xx_HAL_Driver/Src/stm32g4xx_hal_rcc.o
 .ARM.attributes
                0x00000557       0x34 ./Drivers/STM32G4xx_HAL_Driver/Src/stm32g4xx_hal_rcc_ex.o
 .ARM.attributes
                0x0000058b       0x34 ./Drivers/STM32G4xx_HAL_Driver/Src/stm32g4xx_hal_spi.o
 .ARM.attributes
                0x000005bf       0x34 ./Drivers/STM32G4xx_HAL_Driver/Src/stm32g4xx_hal_tim.o
 .ARM.attributes
                0x000005f3       0x34 ./Drivers/STM32G4xx_HAL_Driver/Src/stm32g4xx_hal_tim_ex.o
 .ARM.attributes
                0x00000627       0x34 ./Drivers/STM32G4xx_HAL_Driver/Src/stm32g4xx_hal_uart.o
 .ARM.attributes
                0x0000065b       0x34 ./Drivers/STM32G4xx_HAL_Driver/Src/stm32g4xx_hal_uart_ex.o
 .ARM.attributes
                0x0000068f       0x34 ./Middlewares/Third_Party/FreeRTOS/Source/CMSIS_RTOS_V2/cmsis_os2.o
 .ARM.attributes
                0x000006c3       0x34 ./Middlewares/Third_Party/FreeRTOS/Source/list.o
 .ARM.attributes
                0x000006f7       0x34 ./Middlewares/Third_Party/FreeRTOS/Source/queue.o
 .ARM.attributes
                0x0000072b       0x34 ./Middlewares/Third_Party/FreeRTOS/Source/tasks.o
 .ARM.attributes
                0x0000075f       0x34 ./Middlewares/Third_Party/FreeRTOS/Source/timers.o
 .ARM.attributes
                0x00000793       0x34 ./Middlewares/Third_Party/FreeRTOS/Source/portable/GCC/ARM_CM4F/port.o
 .ARM.attributes
                0x000007c7       0x34 ./Middlewares/Third_Party/FreeRTOS/Source/portable/MemMang/heap_4.o
 .ARM.attributes
                0x000007fb       0x34 C:/Users/guido/Desktop/Sistemi embedded/STM32CubeIDE_1.14.1/STM32CubeIDE/plugins/com.st.stm32cube.ide.mcu.externaltools.gnu-tools-for-stm32.12.3.rel1.win32_1.1.0.202410251130/tools/bin/../lib/gcc/arm-none-eabi/12.3.1/../../../../arm-none-eabi/lib/thumb/v7e-m+fp/hard\libc_nano.a(libc_a-findfp.o)
 .ARM.attributes
                0x0000082f       0x34 C:/Users/guido/Desktop/Sistemi embedded/STM32CubeIDE_1.14.1/STM32CubeIDE/plugins/com.st.stm32cube.ide.mcu.externaltools.gnu-tools-for-stm32.12.3.rel1.win32_1.1.0.202410251130/tools/bin/../lib/gcc/arm-none-eabi/12.3.1/../../../../arm-none-eabi/lib/thumb/v7e-m+fp/hard\libc_nano.a(libc_a-memset.o)
 .ARM.attributes
                0x00000863       0x34 C:/Users/guido/Desktop/Sistemi embedded/STM32CubeIDE_1.14.1/STM32CubeIDE/plugins/com.st.stm32cube.ide.mcu.externaltools.gnu-tools-for-stm32.12.3.rel1.win32_1.1.0.202410251130/tools/bin/../lib/gcc/arm-none-eabi/12.3.1/../../../../arm-none-eabi/lib/thumb/v7e-m+fp/hard\libc_nano.a(libc_a-reent.o)
 .ARM.attributes
                0x00000897       0x34 C:/Users/guido/Desktop/Sistemi embedded/STM32CubeIDE_1.14.1/STM32CubeIDE/plugins/com.st.stm32cube.ide.mcu.externaltools.gnu-tools-for-stm32.12.3.rel1.win32_1.1.0.202410251130/tools/bin/../lib/gcc/arm-none-eabi/12.3.1/../../../../arm-none-eabi/lib/thumb/v7e-m+fp/hard\libc_nano.a(libc_a-impure.o)
 .ARM.attributes
                0x000008cb       0x34 C:/Users/guido/Desktop/Sistemi embedded/STM32CubeIDE_1.14.1/STM32CubeIDE/plugins/com.st.stm32cube.ide.mcu.externaltools.gnu-tools-for-stm32.12.3.rel1.win32_1.1.0.202410251130/tools/bin/../lib/gcc/arm-none-eabi/12.3.1/../../../../arm-none-eabi/lib/thumb/v7e-m+fp/hard\libc_nano.a(libc_a-init.o)
 .ARM.attributes
                0x000008ff       0x34 C:/Users/guido/Desktop/Sistemi embedded/STM32CubeIDE_1.14.1/STM32CubeIDE/plugins/com.st.stm32cube.ide.mcu.externaltools.gnu-tools-for-stm32.12.3.rel1.win32_1.1.0.202410251130/tools/bin/../lib/gcc/arm-none-eabi/12.3.1/../../../../arm-none-eabi/lib/thumb/v7e-m+fp/hard\libc_nano.a(libc_a-lock.o)
 .ARM.attributes
                0x00000933       0x34 C:/Users/guido/Desktop/Sistemi embedded/STM32CubeIDE_1.14.1/STM32CubeIDE/plugins/com.st.stm32cube.ide.mcu.externaltools.gnu-tools-for-stm32.12.3.rel1.win32_1.1.0.202410251130/tools/bin/../lib/gcc/arm-none-eabi/12.3.1/../../../../arm-none-eabi/lib/thumb/v7e-m+fp/hard\libc_nano.a(libc_a-memcpy-stub.o)
 .ARM.attributes
                0x00000967       0x34 C:/Users/guido/Desktop/Sistemi embedded/STM32CubeIDE_1.14.1/STM32CubeIDE/plugins/com.st.stm32cube.ide.mcu.externaltools.gnu-tools-for-stm32.12.3.rel1.win32_1.1.0.202410251130/tools/bin/../lib/gcc/arm-none-eabi/12.3.1/../../../../arm-none-eabi/lib/thumb/v7e-m+fp/hard\libc_nano.a(libc_a-freer.o)
 .ARM.attributes
                0x0000099b       0x34 C:/Users/guido/Desktop/Sistemi embedded/STM32CubeIDE_1.14.1/STM32CubeIDE/plugins/com.st.stm32cube.ide.mcu.externaltools.gnu-tools-for-stm32.12.3.rel1.win32_1.1.0.202410251130/tools/bin/../lib/gcc/arm-none-eabi/12.3.1/../../../../arm-none-eabi/lib/thumb/v7e-m+fp/hard\libc_nano.a(libc_a-mallocr.o)
 .ARM.attributes
                0x000009cf       0x34 C:/Users/guido/Desktop/Sistemi embedded/STM32CubeIDE_1.14.1/STM32CubeIDE/plugins/com.st.stm32cube.ide.mcu.externaltools.gnu-tools-for-stm32.12.3.rel1.win32_1.1.0.202410251130/tools/bin/../lib/gcc/arm-none-eabi/12.3.1/../../../../arm-none-eabi/lib/thumb/v7e-m+fp/hard\libc_nano.a(libc_a-mlock.o)
 .ARM.attributes
                0x00000a03       0x22 C:/Users/guido/Desktop/Sistemi embedded/STM32CubeIDE_1.14.1/STM32CubeIDE/plugins/com.st.stm32cube.ide.mcu.externaltools.gnu-tools-for-stm32.12.3.rel1.win32_1.1.0.202410251130/tools/bin/../lib/gcc/arm-none-eabi/12.3.1/thumb/v7e-m+fp/hard\libgcc.a(_arm_addsubdf3.o)
 .ARM.attributes
                0x00000a25       0x22 C:/Users/guido/Desktop/Sistemi embedded/STM32CubeIDE_1.14.1/STM32CubeIDE/plugins/com.st.stm32cube.ide.mcu.externaltools.gnu-tools-for-stm32.12.3.rel1.win32_1.1.0.202410251130/tools/bin/../lib/gcc/arm-none-eabi/12.3.1/thumb/v7e-m+fp/hard\libgcc.a(_arm_muldivdf3.o)
 .ARM.attributes
                0x00000a47       0x22 C:/Users/guido/Desktop/Sistemi embedded/STM32CubeIDE_1.14.1/STM32CubeIDE/plugins/com.st.stm32cube.ide.mcu.externaltools.gnu-tools-for-stm32.12.3.rel1.win32_1.1.0.202410251130/tools/bin/../lib/gcc/arm-none-eabi/12.3.1/thumb/v7e-m+fp/hard\libgcc.a(_arm_fixdfsi.o)
 .ARM.attributes
                0x00000a69       0x22 C:/Users/guido/Desktop/Sistemi embedded/STM32CubeIDE_1.14.1/STM32CubeIDE/plugins/com.st.stm32cube.ide.mcu.externaltools.gnu-tools-for-stm32.12.3.rel1.win32_1.1.0.202410251130/tools/bin/../lib/gcc/arm-none-eabi/12.3.1/thumb/v7e-m+fp/hard\libgcc.a(_aeabi_uldivmod.o)
 .ARM.attributes
                0x00000a8b       0x34 C:/Users/guido/Desktop/Sistemi embedded/STM32CubeIDE_1.14.1/STM32CubeIDE/plugins/com.st.stm32cube.ide.mcu.externaltools.gnu-tools-for-stm32.12.3.rel1.win32_1.1.0.202410251130/tools/bin/../lib/gcc/arm-none-eabi/12.3.1/thumb/v7e-m+fp/hard\libgcc.a(_udivmoddi4.o)
 .ARM.attributes
                0x00000abf       0x22 C:/Users/guido/Desktop/Sistemi embedded/STM32CubeIDE_1.14.1/STM32CubeIDE/plugins/com.st.stm32cube.ide.mcu.externaltools.gnu-tools-for-stm32.12.3.rel1.win32_1.1.0.202410251130/tools/bin/../lib/gcc/arm-none-eabi/12.3.1/thumb/v7e-m+fp/hard\libgcc.a(_dvmd_tls.o)
 .ARM.attributes
                0x00000ae1       0x22 C:/Users/guido/Desktop/Sistemi embedded/STM32CubeIDE_1.14.1/STM32CubeIDE/plugins/com.st.stm32cube.ide.mcu.externaltools.gnu-tools-for-stm32.12.3.rel1.win32_1.1.0.202410251130/tools/bin/../lib/gcc/arm-none-eabi/12.3.1/thumb/v7e-m+fp/hard/crtn.o
OUTPUT(1.rover_master_free_rtos.elf elf32-littlearm)
LOAD linker stubs
LOAD C:/Users/guido/Desktop/Sistemi embedded/STM32CubeIDE_1.14.1/STM32CubeIDE/plugins/com.st.stm32cube.ide.mcu.externaltools.gnu-tools-for-stm32.12.3.rel1.win32_1.1.0.202410251130/tools/bin/../lib/gcc/arm-none-eabi/12.3.1/../../../../arm-none-eabi/lib/thumb/v7e-m+fp/hard\libc.a
LOAD C:/Users/guido/Desktop/Sistemi embedded/STM32CubeIDE_1.14.1/STM32CubeIDE/plugins/com.st.stm32cube.ide.mcu.externaltools.gnu-tools-for-stm32.12.3.rel1.win32_1.1.0.202410251130/tools/bin/../lib/gcc/arm-none-eabi/12.3.1/../../../../arm-none-eabi/lib/thumb/v7e-m+fp/hard\libm.a
LOAD C:/Users/guido/Desktop/Sistemi embedded/STM32CubeIDE_1.14.1/STM32CubeIDE/plugins/com.st.stm32cube.ide.mcu.externaltools.gnu-tools-for-stm32.12.3.rel1.win32_1.1.0.202410251130/tools/bin/../lib/gcc/arm-none-eabi/12.3.1/thumb/v7e-m+fp/hard\libgcc.a

.debug_info     0x00000000    0x2bab1
 .debug_info    0x00000000      0xdbd ./Core/Src/adc.o
 .debug_info    0x00000dbd     0x1d25 ./Core/Src/app_freertos.o
 .debug_info    0x00002ae2      0xb64 ./Core/Src/com_master.o
 .debug_info    0x00003646      0x2d2 ./Core/Src/controller.o
 .debug_info    0x00003918      0x49b ./Core/Src/gpio.o
 .debug_info    0x00003db3      0xa5a ./Core/Src/hcsr04.o
 .debug_info    0x0000480d      0xcc0 ./Core/Src/i2c.o
 .debug_info    0x000054cd      0xb1f ./Core/Src/main.o
 .debug_info    0x00005fec      0xb12 ./Core/Src/spi.o
 .debug_info    0x00006afe      0x5a6 ./Core/Src/stm32g4xx_hal_msp.o
 .debug_info    0x000070a4      0xe78 ./Core/Src/stm32g4xx_hal_timebase_tim.o
 .debug_info    0x00007f1c      0x841 ./Core/Src/stm32g4xx_it.o
 .debug_info    0x0000875d      0x58e ./Core/Src/system_stm32g4xx.o
 .debug_info    0x00008ceb      0xc6f ./Core/Src/tim.o
 .debug_info    0x0000995a      0xe65 ./Core/Src/usart.o
 .debug_info    0x0000a7bf       0x30 ./Core/Startup/startup_stm32g474retx.o
 .debug_info    0x0000a7ef      0xb95 ./Drivers/STM32G4xx_HAL_Driver/Src/stm32g4xx_hal.o
 .debug_info    0x0000b384     0x2063 ./Drivers/STM32G4xx_HAL_Driver/Src/stm32g4xx_hal_adc.o
 .debug_info    0x0000d3e7     0x1d80 ./Drivers/STM32G4xx_HAL_Driver/Src/stm32g4xx_hal_adc_ex.o
 .debug_info    0x0000f167      0xdf9 ./Drivers/STM32G4xx_HAL_Driver/Src/stm32g4xx_hal_cortex.o
 .debug_info    0x0000ff60      0x763 ./Drivers/STM32G4xx_HAL_Driver/Src/stm32g4xx_hal_gpio.o
 .debug_info    0x000106c3     0x21ea ./Drivers/STM32G4xx_HAL_Driver/Src/stm32g4xx_hal_i2c.o
 .debug_info    0x000128ad      0xad6 ./Drivers/STM32G4xx_HAL_Driver/Src/stm32g4xx_hal_i2c_ex.o
 .debug_info    0x00013383      0x93f ./Drivers/STM32G4xx_HAL_Driver/Src/stm32g4xx_hal_pwr_ex.o
 .debug_info    0x00013cc2      0xbe0 ./Drivers/STM32G4xx_HAL_Driver/Src/stm32g4xx_hal_rcc.o
 .debug_info    0x000148a2      0xc45 ./Drivers/STM32G4xx_HAL_Driver/Src/stm32g4xx_hal_rcc_ex.o
 .debug_info    0x000154e7     0x1677 ./Drivers/STM32G4xx_HAL_Driver/Src/stm32g4xx_hal_spi.o
 .debug_info    0x00016b5e     0x2c52 ./Drivers/STM32G4xx_HAL_Driver/Src/stm32g4xx_hal_tim.o
 .debug_info    0x000197b0     0x1d95 ./Drivers/STM32G4xx_HAL_Driver/Src/stm32g4xx_hal_tim_ex.o
 .debug_info    0x0001b545     0x481e ./Drivers/STM32G4xx_HAL_Driver/Src/stm32g4xx_hal_uart.o
 .debug_info    0x0001fd63      0xfdd ./Drivers/STM32G4xx_HAL_Driver/Src/stm32g4xx_hal_uart_ex.o
 .debug_info    0x00020d40     0x4185 ./Middlewares/Third_Party/FreeRTOS/Source/CMSIS_RTOS_V2/cmsis_os2.o
 .debug_info    0x00024ec5      0x2af ./Middlewares/Third_Party/FreeRTOS/Source/list.o
 .debug_info    0x00025174     0x1b79 ./Middlewares/Third_Party/FreeRTOS/Source/queue.o
 .debug_info    0x00026ced     0x28c1 ./Middlewares/Third_Party/FreeRTOS/Source/tasks.o
 .debug_info    0x000295ae     0x1b50 ./Middlewares/Third_Party/FreeRTOS/Source/timers.o
 .debug_info    0x0002b0fe      0x4de ./Middlewares/Third_Party/FreeRTOS/Source/portable/GCC/ARM_CM4F/port.o
 .debug_info    0x0002b5dc      0x4d5 ./Middlewares/Third_Party/FreeRTOS/Source/portable/MemMang/heap_4.o

.debug_abbrev   0x00000000     0x57c2
 .debug_abbrev  0x00000000      0x1ea ./Core/Src/adc.o
 .debug_abbrev  0x000001ea      0x2e1 ./Core/Src/app_freertos.o
 .debug_abbrev  0x000004cb      0x1c3 ./Core/Src/com_master.o
 .debug_abbrev  0x0000068e       0xf0 ./Core/Src/controller.o
 .debug_abbrev  0x0000077e      0x152 ./Core/Src/gpio.o
 .debug_abbrev  0x000008d0      0x1eb ./Core/Src/hcsr04.o
 .debug_abbrev  0x00000abb      0x213 ./Core/Src/i2c.o
 .debug_abbrev  0x00000cce      0x272 ./Core/Src/main.o
 .debug_abbrev  0x00000f40      0x1f6 ./Core/Src/spi.o
 .debug_abbrev  0x00001136      0x11a ./Core/Src/stm32g4xx_hal_msp.o
 .debug_abbrev  0x00001250      0x223 ./Core/Src/stm32g4xx_hal_timebase_tim.o
 .debug_abbrev  0x00001473      0x1ad ./Core/Src/stm32g4xx_it.o
 .debug_abbrev  0x00001620      0x11a ./Core/Src/system_stm32g4xx.o
 .debug_abbrev  0x0000173a      0x233 ./Core/Src/tim.o
 .debug_abbrev  0x0000196d      0x23c ./Core/Src/usart.o
 .debug_abbrev  0x00001ba9       0x24 ./Core/Startup/startup_stm32g474retx.o
 .debug_abbrev  0x00001bcd      0x271 ./Drivers/STM32G4xx_HAL_Driver/Src/stm32g4xx_hal.o
 .debug_abbrev  0x00001e3e      0x2d3 ./Drivers/STM32G4xx_HAL_Driver/Src/stm32g4xx_hal_adc.o
 .debug_abbrev  0x00002111      0x2ee ./Drivers/STM32G4xx_HAL_Driver/Src/stm32g4xx_hal_adc_ex.o
 .debug_abbrev  0x000023ff      0x31c ./Drivers/STM32G4xx_HAL_Driver/Src/stm32g4xx_hal_cortex.o
 .debug_abbrev  0x0000271b      0x1cb ./Drivers/STM32G4xx_HAL_Driver/Src/stm32g4xx_hal_gpio.o
 .debug_abbrev  0x000028e6      0x25e ./Drivers/STM32G4xx_HAL_Driver/Src/stm32g4xx_hal_i2c.o
 .debug_abbrev  0x00002b44      0x1c0 ./Drivers/STM32G4xx_HAL_Driver/Src/stm32g4xx_hal_i2c_ex.o
 .debug_abbrev  0x00002d04      0x22c ./Drivers/STM32G4xx_HAL_Driver/Src/stm32g4xx_hal_pwr_ex.o
 .debug_abbrev  0x00002f30      0x2c9 ./Drivers/STM32G4xx_HAL_Driver/Src/stm32g4xx_hal_rcc.o
 .debug_abbrev  0x000031f9      0x258 ./Drivers/STM32G4xx_HAL_Driver/Src/stm32g4xx_hal_rcc_ex.o
 .debug_abbrev  0x00003451      0x25d ./Drivers/STM32G4xx_HAL_Driver/Src/stm32g4xx_hal_spi.o
 .debug_abbrev  0x000036ae      0x2a7 ./Drivers/STM32G4xx_HAL_Driver/Src/stm32g4xx_hal_tim.o
 .debug_abbrev  0x00003955      0x2c5 ./Drivers/STM32G4xx_HAL_Driver/Src/stm32g4xx_hal_tim_ex.o
 .debug_abbrev  0x00003c1a      0x304 ./Drivers/STM32G4xx_HAL_Driver/Src/stm32g4xx_hal_uart.o
 .debug_abbrev  0x00003f1e      0x2d2 ./Drivers/STM32G4xx_HAL_Driver/Src/stm32g4xx_hal_uart_ex.o
 .debug_abbrev  0x000041f0      0x548 ./Middlewares/Third_Party/FreeRTOS/Source/CMSIS_RTOS_V2/cmsis_os2.o